Archive member included to satisfy reference by file (symbol)

c:/st/stm32cubeide_1.9.0/stm32cubeide/plugins/com.st.stm32cube.ide.mcu.externaltools.gnu-tools-for-stm32.10.3-2021.10.win32_1.0.0.202111181127/tools/bin/../lib/gcc/arm-none-eabi/10.3.1/../../../../arm-none-eabi/lib/thumb/v7e-m+dp/hard\libc_nano.a(lib_a-assert.o)
                              ./Middlewares/Third_Party/OpenAMP/device.o (__assert_func)
c:/st/stm32cubeide_1.9.0/stm32cubeide/plugins/com.st.stm32cube.ide.mcu.externaltools.gnu-tools-for-stm32.10.3-2021.10.win32_1.0.0.202111181127/tools/bin/../lib/gcc/arm-none-eabi/10.3.1/../../../../arm-none-eabi/lib/thumb/v7e-m+dp/hard\libc_nano.a(lib_a-exit.o)
                              c:/st/stm32cubeide_1.9.0/stm32cubeide/plugins/com.st.stm32cube.ide.mcu.externaltools.gnu-tools-for-stm32.10.3-2021.10.win32_1.0.0.202111181127/tools/bin/../lib/gcc/arm-none-eabi/10.3.1/../../../../arm-none-eabi/lib/thumb/v7e-m+dp/hard/crt0.o (exit)
c:/st/stm32cubeide_1.9.0/stm32cubeide/plugins/com.st.stm32cube.ide.mcu.externaltools.gnu-tools-for-stm32.10.3-2021.10.win32_1.0.0.202111181127/tools/bin/../lib/gcc/arm-none-eabi/10.3.1/../../../../arm-none-eabi/lib/thumb/v7e-m+dp/hard\libc_nano.a(lib_a-fprintf.o)
                              c:/st/stm32cubeide_1.9.0/stm32cubeide/plugins/com.st.stm32cube.ide.mcu.externaltools.gnu-tools-for-stm32.10.3-2021.10.win32_1.0.0.202111181127/tools/bin/../lib/gcc/arm-none-eabi/10.3.1/../../../../arm-none-eabi/lib/thumb/v7e-m+dp/hard\libc_nano.a(lib_a-assert.o) (fiprintf)
c:/st/stm32cubeide_1.9.0/stm32cubeide/plugins/com.st.stm32cube.ide.mcu.externaltools.gnu-tools-for-stm32.10.3-2021.10.win32_1.0.0.202111181127/tools/bin/../lib/gcc/arm-none-eabi/10.3.1/../../../../arm-none-eabi/lib/thumb/v7e-m+dp/hard\libc_nano.a(lib_a-impure.o)
                              c:/st/stm32cubeide_1.9.0/stm32cubeide/plugins/com.st.stm32cube.ide.mcu.externaltools.gnu-tools-for-stm32.10.3-2021.10.win32_1.0.0.202111181127/tools/bin/../lib/gcc/arm-none-eabi/10.3.1/../../../../arm-none-eabi/lib/thumb/v7e-m+dp/hard\libc_nano.a(lib_a-exit.o) (_global_impure_ptr)
c:/st/stm32cubeide_1.9.0/stm32cubeide/plugins/com.st.stm32cube.ide.mcu.externaltools.gnu-tools-for-stm32.10.3-2021.10.win32_1.0.0.202111181127/tools/bin/../lib/gcc/arm-none-eabi/10.3.1/../../../../arm-none-eabi/lib/thumb/v7e-m+dp/hard\libc_nano.a(lib_a-init.o)
                              c:/st/stm32cubeide_1.9.0/stm32cubeide/plugins/com.st.stm32cube.ide.mcu.externaltools.gnu-tools-for-stm32.10.3-2021.10.win32_1.0.0.202111181127/tools/bin/../lib/gcc/arm-none-eabi/10.3.1/../../../../arm-none-eabi/lib/thumb/v7e-m+dp/hard/crt0.o (__libc_init_array)
c:/st/stm32cubeide_1.9.0/stm32cubeide/plugins/com.st.stm32cube.ide.mcu.externaltools.gnu-tools-for-stm32.10.3-2021.10.win32_1.0.0.202111181127/tools/bin/../lib/gcc/arm-none-eabi/10.3.1/../../../../arm-none-eabi/lib/thumb/v7e-m+dp/hard\libc_nano.a(lib_a-malloc.o)
                              ./Middlewares/Third_Party/OpenAMP/remoteproc_virtio.o (malloc)
c:/st/stm32cubeide_1.9.0/stm32cubeide/plugins/com.st.stm32cube.ide.mcu.externaltools.gnu-tools-for-stm32.10.3-2021.10.win32_1.0.0.202111181127/tools/bin/../lib/gcc/arm-none-eabi/10.3.1/../../../../arm-none-eabi/lib/thumb/v7e-m+dp/hard\libc_nano.a(lib_a-memcpy-stub.o)
                              ./Middlewares/Third_Party/OpenAMP/device.o (memcpy)
c:/st/stm32cubeide_1.9.0/stm32cubeide/plugins/com.st.stm32cube.ide.mcu.externaltools.gnu-tools-for-stm32.10.3-2021.10.win32_1.0.0.202111181127/tools/bin/../lib/gcc/arm-none-eabi/10.3.1/../../../../arm-none-eabi/lib/thumb/v7e-m+dp/hard\libc_nano.a(lib_a-memset.o)
                              c:/st/stm32cubeide_1.9.0/stm32cubeide/plugins/com.st.stm32cube.ide.mcu.externaltools.gnu-tools-for-stm32.10.3-2021.10.win32_1.0.0.202111181127/tools/bin/../lib/gcc/arm-none-eabi/10.3.1/../../../../arm-none-eabi/lib/thumb/v7e-m+dp/hard/crt0.o (memset)
c:/st/stm32cubeide_1.9.0/stm32cubeide/plugins/com.st.stm32cube.ide.mcu.externaltools.gnu-tools-for-stm32.10.3-2021.10.win32_1.0.0.202111181127/tools/bin/../lib/gcc/arm-none-eabi/10.3.1/../../../../arm-none-eabi/lib/thumb/v7e-m+dp/hard\libc_nano.a(lib_a-nano-freer.o)
                              c:/st/stm32cubeide_1.9.0/stm32cubeide/plugins/com.st.stm32cube.ide.mcu.externaltools.gnu-tools-for-stm32.10.3-2021.10.win32_1.0.0.202111181127/tools/bin/../lib/gcc/arm-none-eabi/10.3.1/../../../../arm-none-eabi/lib/thumb/v7e-m+dp/hard\libc_nano.a(lib_a-malloc.o) (_free_r)
c:/st/stm32cubeide_1.9.0/stm32cubeide/plugins/com.st.stm32cube.ide.mcu.externaltools.gnu-tools-for-stm32.10.3-2021.10.win32_1.0.0.202111181127/tools/bin/../lib/gcc/arm-none-eabi/10.3.1/../../../../arm-none-eabi/lib/thumb/v7e-m+dp/hard\libc_nano.a(lib_a-nano-mallocr.o)
[...]
Memory Configuration

Name             Origin             Length             Attributes
RAM_D1           0x0000000024000000 0x0000000000080000 xrw
FLASH            0x0000000008000000 0x0000000000100000 xr
DTCMRAM          0x0000000020000000 0x0000000000020000 xrw
RAM_D2           0x0000000030000000 0x0000000000048000 xrw
RAM_D3           0x0000000038000000 0x0000000000010000 xrw
ITCMRAM          0x0000000000000000 0x0000000000010000 xrw
OPENAMP_RSC_TAB  0x0000000038000000 0x0000000000000400 xrw
OPEN_AMP_SHMEM   0x0000000038000400 0x000000000000fc00 xrw
*default*        0x0000000000000000 0xffffffffffffffff

Linker script and memory map

LOAD c:/st/stm32cubeide_1.9.0/stm32cubeide/plugins/com.st.stm32cube.ide.mcu.externaltools.gnu-tools-for-stm32.10.3-2021.10.win32_1.0.0.202111181127/tools/bin/../lib/gcc/arm-none-eabi/10.3.1/thumb/v7e-m+dp/hard/crti.o
LOAD c:/st/stm32cubeide_1.9.0/stm32cubeide/plugins/com.st.stm32cube.ide.mcu.externaltools.gnu-tools-for-stm32.10.3-2021.10.win32_1.0.0.202111181127/tools/bin/../lib/gcc/arm-none-eabi/10.3.1/thumb/v7e-m+dp/hard/crtbegin.o
LOAD c:/st/stm32cubeide_1.9.0/stm32cubeide/plugins/com.st.stm32cube.ide.mcu.externaltools.gnu-tools-for-stm32.10.3-2021.10.win32_1.0.0.202111181127/tools/bin/../lib/gcc/arm-none-eabi/10.3.1/../../../../arm-none-eabi/lib/thumb/v7e-m+dp/hard/crt0.o
LOAD ./Common/Src/system_stm32h7xx_dualcore_boot_cm4_cm7.o
LOAD ./Core/Src/main.o
LOAD ./Core/Src/stm32h7xx_hal_msp.o
LOAD ./Core/Src/stm32h7xx_it.o
LOAD ./Core/Src/syscalls.o
LOAD ./Core/Src/sysmem.o
LOAD ./Core/Startup/startup_stm32h747xihx.o
LOAD ./Drivers/STM32H7xx_HAL_Driver/stm32h7xx_hal.o
LOAD ./Drivers/STM32H7xx_HAL_Driver/stm32h7xx_hal_cortex.o
LOAD ./Drivers/STM32H7xx_HAL_Driver/stm32h7xx_hal_dma.o
LOAD ./Drivers/STM32H7xx_HAL_Driver/stm32h7xx_hal_dma_ex.o
LOAD ./Drivers/STM32H7xx_HAL_Driver/stm32h7xx_hal_exti.o
LOAD ./Drivers/STM32H7xx_HAL_Driver/stm32h7xx_hal_flash.o
LOAD ./Drivers/STM32H7xx_HAL_Driver/stm32h7xx_hal_flash_ex.o
LOAD ./Drivers/STM32H7xx_HAL_Driver/stm32h7xx_hal_gpio.o
LOAD ./Drivers/STM32H7xx_HAL_Driver/stm32h7xx_hal_hsem.o
LOAD ./Drivers/STM32H7xx_HAL_Driver/stm32h7xx_hal_i2c.o
LOAD ./Drivers/STM32H7xx_HAL_Driver/stm32h7xx_hal_i2c_ex.o
LOAD ./Drivers/STM32H7xx_HAL_Driver/stm32h7xx_hal_mdma.o
LOAD ./Drivers/STM32H7xx_HAL_Driver/stm32h7xx_hal_pwr.o
LOAD ./Drivers/STM32H7xx_HAL_Driver/stm32h7xx_hal_pwr_ex.o
LOAD ./Drivers/STM32H7xx_HAL_Driver/stm32h7xx_hal_rcc.o
LOAD ./Drivers/STM32H7xx_HAL_Driver/stm32h7xx_hal_rcc_ex.o
LOAD ./Drivers/STM32H7xx_HAL_Driver/stm32h7xx_hal_tim.o
LOAD ./Drivers/STM32H7xx_HAL_Driver/stm32h7xx_hal_tim_ex.o
LOAD ./Middlewares/Third_Party/OpenAMP/condition.o
LOAD ./Middlewares/Third_Party/OpenAMP/device.o
LOAD ./Middlewares/Third_Party/OpenAMP/generic_device.o
LOAD ./Middlewares/Third_Party/OpenAMP/generic_init.o
LOAD ./Middlewares/Third_Party/OpenAMP/generic_io.o
LOAD ./Middlewares/Third_Party/OpenAMP/generic_shmem.o
LOAD ./Middlewares/Third_Party/OpenAMP/init.o
LOAD ./Middlewares/Third_Party/OpenAMP/io.o
LOAD ./Middlewares/Third_Party/OpenAMP/log.o
LOAD ./Middlewares/Third_Party/OpenAMP/remoteproc_virtio.o
LOAD ./Middlewares/Third_Party/OpenAMP/rpmsg.o
LOAD ./Middlewares/Third_Party/OpenAMP/rpmsg_virtio.o
LOAD ./Middlewares/Third_Party/OpenAMP/shmem.o
LOAD ./Middlewares/Third_Party/OpenAMP/sys.o
LOAD ./Middlewares/Third_Party/OpenAMP/time.o
LOAD ./Middlewares/Third_Party/OpenAMP/virtio.o
LOAD ./Middlewares/Third_Party/OpenAMP/virtqueue.o
LOAD ./OPENAMP/mbox_hsem.o
LOAD ./OPENAMP/openamp.o
LOAD ./OPENAMP/rsc_table.o
START GROUP
LOAD c:/st/stm32cubeide_1.9.0/stm32cubeide/plugins/com.st.stm32cube.ide.mcu.externaltools.gnu-tools-for-stm32.10.3-2021.10.win32_1.0.0.202111181127/tools/bin/../lib/gcc/arm-none-eabi/10.3.1/../../../../arm-none-eabi/lib/thumb/v7e-m+dp/hard\libc_nano.a
LOAD c:/st/stm32cubeide_1.9.0/stm32cubeide/plugins/com.st.stm32cube.ide.mcu.externaltools.gnu-tools-for-stm32.10.3-2021.10.win32_1.0.0.202111181127/tools/bin/../lib/gcc/arm-none-eabi/10.3.1/../../../../arm-none-eabi/lib/thumb/v7e-m+dp/hard\libm.a
END GROUP
START GROUP
LOAD c:/st/stm32cubeide_1.9.0/stm32cubeide/plugins/com.st.stm32cube.ide.mcu.externaltools.gnu-tools-for-stm32.10.3-2021.10.win32_1.0.0.202111181127/tools/bin/../lib/gcc/arm-none-eabi/10.3.1/thumb/v7e-m+dp/hard\libgcc.a
LOAD c:/st/stm32cubeide_1.9.0/stm32cubeide/plugins/com.st.stm32cube.ide.mcu.externaltools.gnu-tools-for-stm32.10.3-2021.10.win32_1.0.0.202111181127/tools/bin/../lib/gcc/arm-none-eabi/10.3.1/../../../../arm-none-eabi/lib/thumb/v7e-m+dp/hard\libc_nano.a
END GROUP
START GROUP
LOAD c:/st/stm32cubeide_1.9.0/stm32cubeide/plugins/com.st.stm32cube.ide.mcu.externaltools.gnu-tools-for-stm32.10.3-2021.10.win32_1.0.0.202111181127/tools/bin/../lib/gcc/arm-none-eabi/10.3.1/thumb/v7e-m+dp/hard\libgcc.a
LOAD c:/st/stm32cubeide_1.9.0/stm32cubeide/plugins/com.st.stm32cube.ide.mcu.externaltools.gnu-tools-for-stm32.10.3-2021.10.win32_1.0.0.202111181127/tools/bin/../lib/gcc/arm-none-eabi/10.3.1/../../../../arm-none-eabi/lib/thumb/v7e-m+dp/hard\libc_nano.a
LOAD c:/st/stm32cubeide_1.9.0/stm32cubeide/plugins/com.st.stm32cube.ide.mcu.externaltools.gnu-tools-for-stm32.10.3-2021.10.win32_1.0.0.202111181127/tools/bin/../lib/gcc/arm-none-eabi/10.3.1/../../../../arm-none-eabi/lib/thumb/v7e-m+dp/hard\libnosys.a
END GROUP
START GROUP
LOAD c:/st/stm32cubeide_1.9.0/stm32cubeide/plugins/com.st.stm32cube.ide.mcu.externaltools.gnu-tools-for-stm32.10.3-2021.10.win32_1.0.0.202111181127/tools/bin/../lib/gcc/arm-none-eabi/10.3.1/thumb/v7e-m+dp/hard\libgcc.a
LOAD c:/st/stm32cubeide_1.9.0/stm32cubeide/plugins/com.st.stm32cube.ide.mcu.externaltools.gnu-tools-for-stm32.10.3-2021.10.win32_1.0.0.202111181127/tools/bin/../lib/gcc/arm-none-eabi/10.3.1/../../../../arm-none-eabi/lib/thumb/v7e-m+dp/hard\libc_nano.a
LOAD c:/st/stm32cubeide_1.9.0/stm32cubeide/plugins/com.st.stm32cube.ide.mcu.externaltools.gnu-tools-for-stm32.10.3-2021.10.win32_1.0.0.202111181127/tools/bin/../lib/gcc/arm-none-eabi/10.3.1/../../../../arm-none-eabi/lib/thumb/v7e-m+dp/hard\libnosys.a
END GROUP
LOAD c:/st/stm32cubeide_1.9.0/stm32cubeide/plugins/com.st.stm32cube.ide.mcu.externaltools.gnu-tools-for-stm32.10.3-2021.10.win32_1.0.0.202111181127/tools/bin/../lib/gcc/arm-none-eabi/10.3.1/thumb/v7e-m+dp/hard/crtend.o
LOAD c:/st/stm32cubeide_1.9.0/stm32cubeide/plugins/com.st.stm32cube.ide.mcu.externaltools.gnu-tools-for-stm32.10.3-2021.10.win32_1.0.0.202111181127/tools/bin/../lib/gcc/arm-none-eabi/10.3.1/thumb/v7e-m+dp/hard/crtn.o
                0x0000000024080000                _estack = (ORIGIN (RAM_D1) + LENGTH (RAM_D1))
                0x0000000000000200                _Min_Heap_Size = 0x200
                0x0000000000000400                _Min_Stack_Size = 0x400
                0x0000000038000400                __OPENAMP_region_start__ = ORIGIN (OPEN_AMP_SHMEM)
                0x0000000038010000                __OPENAMP_region_end__ = (ORIGIN (OPEN_AMP_SHMEM) + LENGTH (OPEN_AMP_SHMEM))

.isr_vector     0x0000000008000000      0x298
                0x0000000008000000                . = ALIGN (0x4)
 *(.isr_vector)
 .isr_vector    0x0000000008000000      0x298 ./Core/Startup/startup_stm32h747xihx.o
                0x0000000008000000                g_pfnVectors
                0x0000000008000298                . = ALIGN (0x4)

.text           0x00000000080002a0     0x5c24
                0x00000000080002a0                . = ALIGN (0x4)
 *(.text)
 .text          0x00000000080002a0       0x40 c:/st/stm32cubeide_1.9.0/stm32cubeide/plugins/com.st.stm32cube.ide.mcu.externaltools.gnu-tools-for-stm32.10.3-2021.10.win32_1.0.0.202111181127/tools/bin/../lib/gcc/arm-none-eabi/10.3.1/thumb/v7e-m+dp/hard/crtbegin.o
 .text          0x00000000080002e0       0x14 c:/st/stm32cubeide_1.9.0/stm32cubeide/plugins/com.st.stm32cube.ide.mcu.externaltools.gnu-tools-for-stm32.10.3-2021.10.win32_1.0.0.202111181127/tools/bin/../lib/gcc/arm-none-eabi/10.3.1/../../../../arm-none-eabi/lib/thumb/v7e-m+dp/hard\libc_nano.a(lib_a-strcmp.o)
                0x00000000080002e0                strcmp
 *fill*         0x00000000080002f4        0xc 
 .text          0x0000000008000300       0xa0 c:/st/stm32cubeide_1.9.0/stm32cubeide/plugins/com.st.stm32cube.ide.mcu.externaltools.gnu-tools-for-stm32.10.3-2021.10.win32_1.0.0.202111181127/tools/bin/../lib/gcc/arm-none-eabi/10.3.1/../../../../arm-none-eabi/lib/thumb/v7e-m+dp/hard\libc_nano.a(lib_a-memchr.o)
                0x0000000008000300                memchr
 *(.text*)
 .text.SystemInit
                0x00000000080003a0      0x12c ./Common/Src/system_stm32h7xx_dualcore_boot_cm4_cm7.o
                0x00000000080003a0                SystemInit
 .text.rpmsg_send
                0x00000000080004cc       0x40 ./Core/Src/main.o
 .text.rpmsg_init_ept
                0x000000000800050c       0x3a ./Core/Src/main.o
 *fill*         0x0000000008000546        0x2 
 .text.main     0x0000000008000548      0x1d8 ./Core/Src/main.o
                0x0000000008000548                main
 .text.SystemClock_Config
                0x0000000008000720       0xf4 ./Core/Src/main.o
                0x0000000008000720                SystemClock_Config
 .text.MX_GPIO_Init
                0x0000000008000814       0x34 ./Core/Src/main.o
 .text.rpmsg_recv_callback
                0x0000000008000848       0x34 ./Core/Src/main.o
 .text.service_destroy_cb
                0x000000000800087c       0x20 ./Core/Src/main.o
                0x000000000800087c                service_destroy_cb
 .text.new_service_cb
                0x000000000800089c       0x3c ./Core/Src/main.o
                0x000000000800089c                new_service_cb
 .text.MPU_Config
                0x00000000080008d8       0x5a ./Core/Src/main.o
 .text.Error_Handler
                0x0000000008000932        0xa ./Core/Src/main.o
                0x0000000008000932                Error_Handler
 .text.HAL_MspInit
                0x000000000800093c       0x40 ./Core/Src/stm32h7xx_hal_msp.o
                0x000000000800093c                HAL_MspInit
 .text.NMI_Handler
                0x000000000800097c        0x6 ./Core/Src/stm32h7xx_it.o
                0x000000000800097c                NMI_Handler
 .text.HardFault_Handler
                0x0000000008000982        0x6 ./Core/Src/stm32h7xx_it.o
                0x0000000008000982                HardFault_Handler
 .text.MemManage_Handler
                0x0000000008000988        0x6 ./Core/Src/stm32h7xx_it.o
                0x0000000008000988                MemManage_Handler
 .text.BusFault_Handler
                0x000000000800098e        0x6 ./Core/Src/stm32h7xx_it.o
                0x000000000800098e                BusFault_Handler
 .text.UsageFault_Handler
                0x0000000008000994        0x6 ./Core/Src/stm32h7xx_it.o
                0x0000000008000994                UsageFault_Handler
 .text.SVC_Handler
                0x000000000800099a        0xe ./Core/Src/stm32h7xx_it.o
                0x000000000800099a                SVC_Handler
 .text.DebugMon_Handler
                0x00000000080009a8        0xe ./Core/Src/stm32h7xx_it.o
                0x00000000080009a8                DebugMon_Handler
 .text.PendSV_Handler
                0x00000000080009b6        0xe ./Core/Src/stm32h7xx_it.o
                0x00000000080009b6                PendSV_Handler
 .text.SysTick_Handler
                0x00000000080009c4        0xc ./Core/Src/stm32h7xx_it.o
                0x00000000080009c4                SysTick_Handler
 .text.HSEM1_IRQHandler
                0x00000000080009d0        0xc ./Core/Src/stm32h7xx_it.o
                0x00000000080009d0                HSEM1_IRQHandler
 .text._getpid  0x00000000080009dc       0x10 ./Core/Src/syscalls.o
                0x00000000080009dc                _getpid
 .text._kill    0x00000000080009ec       0x24 ./Core/Src/syscalls.o
                0x00000000080009ec                _kill
 .text._exit    0x0000000008000a10       0x14 ./Core/Src/syscalls.o
                0x0000000008000a10                _exit
 .text._read    0x0000000008000a24       0x3a ./Core/Src/syscalls.o
                0x0000000008000a24                _read
 .text._write   0x0000000008000a5e       0x38 ./Core/Src/syscalls.o
                0x0000000008000a5e                _write
 .text._close   0x0000000008000a96       0x18 ./Core/Src/syscalls.o
                0x0000000008000a96                _close
 .text._fstat   0x0000000008000aae       0x20 ./Core/Src/syscalls.o
                0x0000000008000aae                _fstat
 .text._isatty  0x0000000008000ace       0x16 ./Core/Src/syscalls.o
                0x0000000008000ace                _isatty
 .text._lseek   0x0000000008000ae4       0x1a ./Core/Src/syscalls.o
                0x0000000008000ae4                _lseek
 *fill*         0x0000000008000afe        0x2 
 .text._sbrk    0x0000000008000b00       0x70 ./Core/Src/sysmem.o
                0x0000000008000b00                _sbrk
 .text.Reset_Handler
                0x0000000008000b70       0x50 ./Core/Startup/startup_stm32h747xihx.o
                0x0000000008000b70                Reset_Handler
 .text.Default_Handler
                0x0000000008000bc0        0x2 ./Core/Startup/startup_stm32h747xihx.o
                0x0000000008000bc0                RTC_Alarm_IRQHandler
                0x0000000008000bc0                EXTI2_IRQHandler
                0x0000000008000bc0                TIM8_CC_IRQHandler
                0x0000000008000bc0                HRTIM1_Master_IRQHandler
                0x0000000008000bc0                UART8_IRQHandler
                0x0000000008000bc0                SPI4_IRQHandler
                0x0000000008000bc0                TIM1_CC_IRQHandler
                0x0000000008000bc0                BDMA_Channel6_IRQHandler
                0x0000000008000bc0                DMA2_Stream5_IRQHandler
                0x0000000008000bc0                HRTIM1_FLT_IRQHandler
                0x0000000008000bc0                JPEG_IRQHandler
                0x0000000008000bc0                DMA1_Stream5_IRQHandler
                0x0000000008000bc0                BDMA_Channel1_IRQHandler
                0x0000000008000bc0                HRTIM1_TIMD_IRQHandler
                0x0000000008000bc0                TAMP_STAMP_IRQHandler
                0x0000000008000bc0                EXTI3_IRQHandler
                0x0000000008000bc0                LPTIM4_IRQHandler
                0x0000000008000bc0                TIM8_TRG_COM_TIM14_IRQHandler
                0x0000000008000bc0                LPTIM2_IRQHandler
                0x0000000008000bc0                DFSDM1_FLT1_IRQHandler
                0x0000000008000bc0                DMAMUX2_OVR_IRQHandler
                0x0000000008000bc0                TIM8_UP_TIM13_IRQHandler
                0x0000000008000bc0                I2C3_ER_IRQHandler
                0x0000000008000bc0                DFSDM1_FLT2_IRQHandler
                0x0000000008000bc0                MDMA_IRQHandler
                0x0000000008000bc0                LPTIM3_IRQHandler
                0x0000000008000bc0                EXTI0_IRQHandler
                0x0000000008000bc0                I2C2_EV_IRQHandler
                0x0000000008000bc0                DMA1_Stream2_IRQHandler
                0x0000000008000bc0                FPU_IRQHandler
                0x0000000008000bc0                OTG_HS_WKUP_IRQHandler
                0x0000000008000bc0                FDCAN1_IT1_IRQHandler
                0x0000000008000bc0                LTDC_ER_IRQHandler
                0x0000000008000bc0                DMA2_Stream2_IRQHandler
                0x0000000008000bc0                HRTIM1_TIME_IRQHandler
                0x0000000008000bc0                SPI1_IRQHandler
                0x0000000008000bc0                TIM6_DAC_IRQHandler
                0x0000000008000bc0                DCMI_IRQHandler
                0x0000000008000bc0                HRTIM1_TIMC_IRQHandler
                0x0000000008000bc0                DMA2_Stream3_IRQHandler
                0x0000000008000bc0                SAI2_IRQHandler
                0x0000000008000bc0                DFSDM1_FLT3_IRQHandler
                0x0000000008000bc0                USART6_IRQHandler
                0x0000000008000bc0                TIM17_IRQHandler
                0x0000000008000bc0                USART3_IRQHandler
                0x0000000008000bc0                BDMA_Channel7_IRQHandler
                0x0000000008000bc0                LPTIM5_IRQHandler
                0x0000000008000bc0                UART5_IRQHandler
                0x0000000008000bc0                ADC3_IRQHandler
                0x0000000008000bc0                DMA2_Stream0_IRQHandler
                0x0000000008000bc0                TIM4_IRQHandler
                0x0000000008000bc0                BDMA_Channel2_IRQHandler
                0x0000000008000bc0                QUADSPI_IRQHandler
                0x0000000008000bc0                I2C1_EV_IRQHandler
                0x0000000008000bc0                DMA1_Stream6_IRQHandler
                0x0000000008000bc0                DMAMUX1_OVR_IRQHandler
                0x0000000008000bc0                DMA1_Stream1_IRQHandler
                0x0000000008000bc0                TIM16_IRQHandler
                0x0000000008000bc0                UART4_IRQHandler
                0x0000000008000bc0                BDMA_Channel5_IRQHandler
                0x0000000008000bc0                TIM3_IRQHandler
                0x0000000008000bc0                RCC_IRQHandler
                0x0000000008000bc0                TIM8_BRK_TIM12_IRQHandler
                0x0000000008000bc0                TIM1_TRG_COM_IRQHandler
                0x0000000008000bc0                Default_Handler
                0x0000000008000bc0                ECC_IRQHandler
                0x0000000008000bc0                CEC_IRQHandler
                0x0000000008000bc0                EXTI15_10_IRQHandler
                0x0000000008000bc0                BDMA_Channel0_IRQHandler
                0x0000000008000bc0                ADC_IRQHandler
                0x0000000008000bc0                DMA1_Stream7_IRQHandler
                0x0000000008000bc0                HRTIM1_TIMA_IRQHandler
                0x0000000008000bc0                SPI5_IRQHandler
                0x0000000008000bc0                TIM7_IRQHandler
                0x0000000008000bc0                SDMMC1_IRQHandler
                0x0000000008000bc0                TIM5_IRQHandler
                0x0000000008000bc0                DMA2_Stream7_IRQHandler
                0x0000000008000bc0                TIM15_IRQHandler
                0x0000000008000bc0                PVD_AVD_IRQHandler
                0x0000000008000bc0                I2C3_EV_IRQHandler
                0x0000000008000bc0                EXTI9_5_IRQHandler
                0x0000000008000bc0                RTC_WKUP_IRQHandler
                0x0000000008000bc0                LTDC_IRQHandler
                0x0000000008000bc0                SAI3_IRQHandler
                0x0000000008000bc0                ETH_WKUP_IRQHandler
                0x0000000008000bc0                SPDIF_RX_IRQHandler
                0x0000000008000bc0                SPI2_IRQHandler
                0x0000000008000bc0                OTG_HS_EP1_IN_IRQHandler
                0x0000000008000bc0                DMA1_Stream0_IRQHandler
                0x0000000008000bc0                CRS_IRQHandler
                0x0000000008000bc0                CM7_SEV_IRQHandler
                0x0000000008000bc0                EXTI4_IRQHandler
                0x0000000008000bc0                RNG_IRQHandler
                0x0000000008000bc0                CM4_SEV_IRQHandler
                0x0000000008000bc0                HRTIM1_TIMB_IRQHandler
                0x0000000008000bc0                FDCAN2_IT1_IRQHandler
                0x0000000008000bc0                DSI_IRQHandler
                0x0000000008000bc0                ETH_IRQHandler
                0x0000000008000bc0                TIM1_UP_IRQHandler
                0x0000000008000bc0                WWDG_RST_IRQHandler
                0x0000000008000bc0                BDMA_Channel4_IRQHandler
                0x0000000008000bc0                OTG_HS_EP1_OUT_IRQHandler
                0x0000000008000bc0                WWDG_IRQHandler
                0x0000000008000bc0                SPI6_IRQHandler
                0x0000000008000bc0                MDIOS_IRQHandler
                0x0000000008000bc0                I2C4_EV_IRQHandler
                0x0000000008000bc0                FDCAN2_IT0_IRQHandler
                0x0000000008000bc0                LPUART1_IRQHandler
                0x0000000008000bc0                FDCAN1_IT0_IRQHandler
                0x0000000008000bc0                TIM2_IRQHandler
                0x0000000008000bc0                OTG_FS_WKUP_IRQHandler
                0x0000000008000bc0                OTG_HS_IRQHandler
                0x0000000008000bc0                HSEM2_IRQHandler
                0x0000000008000bc0                DMA2D_IRQHandler
                0x0000000008000bc0                TIM1_BRK_IRQHandler
                0x0000000008000bc0                EXTI1_IRQHandler
                0x0000000008000bc0                SDMMC2_IRQHandler
                0x0000000008000bc0                OTG_FS_EP1_OUT_IRQHandler
                0x0000000008000bc0                BDMA_Channel3_IRQHandler
                0x0000000008000bc0                HOLD_CORE_IRQHandler
                0x0000000008000bc0                UART7_IRQHandler
                0x0000000008000bc0                MDIOS_WKUP_IRQHandler
                0x0000000008000bc0                USART2_IRQHandler
                0x0000000008000bc0                DFSDM1_FLT0_IRQHandler
                0x0000000008000bc0                SAI4_IRQHandler
                0x0000000008000bc0                I2C2_ER_IRQHandler
                0x0000000008000bc0                DMA2_Stream1_IRQHandler
                0x0000000008000bc0                FLASH_IRQHandler
                0x0000000008000bc0                DMA2_Stream4_IRQHandler
                0x0000000008000bc0                USART1_IRQHandler
                0x0000000008000bc0                OTG_FS_IRQHandler
                0x0000000008000bc0                SPI3_IRQHandler
                0x0000000008000bc0                WAKEUP_PIN_IRQHandler
                0x0000000008000bc0                DMA1_Stream4_IRQHandler
                0x0000000008000bc0                OTG_FS_EP1_IN_IRQHandler
                0x0000000008000bc0                I2C1_ER_IRQHandler
                0x0000000008000bc0                FMC_IRQHandler
                0x0000000008000bc0                FDCAN_CAL_IRQHandler
                0x0000000008000bc0                SWPMI1_IRQHandler
                0x0000000008000bc0                COMP1_IRQHandler
                0x0000000008000bc0                LPTIM1_IRQHandler
                0x0000000008000bc0                I2C4_ER_IRQHandler
                0x0000000008000bc0                DMA2_Stream6_IRQHandler
                0x0000000008000bc0                SAI1_IRQHandler
                0x0000000008000bc0                DMA1_Stream3_IRQHandler
 *fill*         0x0000000008000bc2        0x2 
 .text.HAL_Init
                0x0000000008000bc4       0x78 ./Drivers/STM32H7xx_HAL_Driver/stm32h7xx_hal.o
                0x0000000008000bc4                HAL_Init
 .text.HAL_InitTick
                0x0000000008000c3c       0x6c ./Drivers/STM32H7xx_HAL_Driver/stm32h7xx_hal.o
                0x0000000008000c3c                HAL_InitTick
 .text.HAL_IncTick
                0x0000000008000ca8       0x28 ./Drivers/STM32H7xx_HAL_Driver/stm32h7xx_hal.o
                0x0000000008000ca8                HAL_IncTick
 .text.HAL_GetTick
                0x0000000008000cd0       0x18 ./Drivers/STM32H7xx_HAL_Driver/stm32h7xx_hal.o
                0x0000000008000cd0                HAL_GetTick
 .text.HAL_GetREVID
                0x0000000008000ce8       0x18 ./Drivers/STM32H7xx_HAL_Driver/stm32h7xx_hal.o
                0x0000000008000ce8                HAL_GetREVID
 .text.__NVIC_SetPriorityGrouping
                0x0000000008000d00       0x48 ./Drivers/STM32H7xx_HAL_Driver/stm32h7xx_hal_cortex.o
 .text.__NVIC_GetPriorityGrouping
                0x0000000008000d48       0x1c ./Drivers/STM32H7xx_HAL_Driver/stm32h7xx_hal_cortex.o
 .text.__NVIC_EnableIRQ
                0x0000000008000d64       0x3c ./Drivers/STM32H7xx_HAL_Driver/stm32h7xx_hal_cortex.o
 .text.__NVIC_SetPriority
                0x0000000008000da0       0x54 ./Drivers/STM32H7xx_HAL_Driver/stm32h7xx_hal_cortex.o
 .text.NVIC_EncodePriority
                0x0000000008000df4       0x66 ./Drivers/STM32H7xx_HAL_Driver/stm32h7xx_hal_cortex.o
 *fill*         0x0000000008000e5a        0x2 
 .text.SysTick_Config
                0x0000000008000e5c       0x44 ./Drivers/STM32H7xx_HAL_Driver/stm32h7xx_hal_cortex.o
 .text.HAL_NVIC_SetPriorityGrouping
                0x0000000008000ea0       0x16 ./Drivers/STM32H7xx_HAL_Driver/stm32h7xx_hal_cortex.o
                0x0000000008000ea0                HAL_NVIC_SetPriorityGrouping
 .text.HAL_NVIC_SetPriority
                0x0000000008000eb6       0x34 ./Drivers/STM32H7xx_HAL_Driver/stm32h7xx_hal_cortex.o
                0x0000000008000eb6                HAL_NVIC_SetPriority
 .text.HAL_NVIC_EnableIRQ
                0x0000000008000eea       0x1c ./Drivers/STM32H7xx_HAL_Driver/stm32h7xx_hal_cortex.o
                0x0000000008000eea                HAL_NVIC_EnableIRQ
 .text.HAL_SYSTICK_Config
                0x0000000008000f06       0x18 ./Drivers/STM32H7xx_HAL_Driver/stm32h7xx_hal_cortex.o
                0x0000000008000f06                HAL_SYSTICK_Config
 *fill*         0x0000000008000f1e        0x2 
 .text.HAL_MPU_Disable
                0x0000000008000f20       0x30 ./Drivers/STM32H7xx_HAL_Driver/stm32h7xx_hal_cortex.o
                0x0000000008000f20                HAL_MPU_Disable
 .text.HAL_MPU_Enable
                0x0000000008000f50       0x40 ./Drivers/STM32H7xx_HAL_Driver/stm32h7xx_hal_cortex.o
                0x0000000008000f50                HAL_MPU_Enable
 .text.HAL_MPU_ConfigRegion
                0x0000000008000f90       0x88 ./Drivers/STM32H7xx_HAL_Driver/stm32h7xx_hal_cortex.o
                0x0000000008000f90                HAL_MPU_ConfigRegion
 .text.HAL_HSEM_FastTake
                0x0000000008001018       0x34 ./Drivers/STM32H7xx_HAL_Driver/stm32h7xx_hal_hsem.o
                0x0000000008001018                HAL_HSEM_FastTake
 .text.HAL_HSEM_Release
                0x000000000800104c       0x28 ./Drivers/STM32H7xx_HAL_Driver/stm32h7xx_hal_hsem.o
                0x000000000800104c                HAL_HSEM_Release
 .text.HAL_HSEM_ActivateNotification
                0x0000000008001074       0x24 ./Drivers/STM32H7xx_HAL_Driver/stm32h7xx_hal_hsem.o
                0x0000000008001074                HAL_HSEM_ActivateNotification
 .text.HAL_HSEM_IRQHandler
                0x0000000008001098       0x34 ./Drivers/STM32H7xx_HAL_Driver/stm32h7xx_hal_hsem.o
                0x0000000008001098                HAL_HSEM_IRQHandler
 .text.HAL_PWREx_ConfigSupply
                0x00000000080010cc       0xb4 ./Drivers/STM32H7xx_HAL_Driver/stm32h7xx_hal_pwr_ex.o
                0x00000000080010cc                HAL_PWREx_ConfigSupply
 .text.HAL_RCC_OscConfig
                0x0000000008001180      0x85c ./Drivers/STM32H7xx_HAL_Driver/stm32h7xx_hal_rcc.o
                0x0000000008001180                HAL_RCC_OscConfig
 .text.HAL_RCC_ClockConfig
                0x00000000080019dc      0x36c ./Drivers/STM32H7xx_HAL_Driver/stm32h7xx_hal_rcc.o
                0x00000000080019dc                HAL_RCC_ClockConfig
 .text.HAL_RCC_GetSysClockFreq
                0x0000000008001d48      0x2f4 ./Drivers/STM32H7xx_HAL_Driver/stm32h7xx_hal_rcc.o
                0x0000000008001d48                HAL_RCC_GetSysClockFreq
 .text.metal_list_init
                0x000000000800203c       0x22 ./Middlewares/Third_Party/OpenAMP/device.o
 .text.metal_list_add_before
                0x000000000800205e       0x34 ./Middlewares/Third_Party/OpenAMP/device.o
 .text.metal_list_add_tail
                0x0000000008002092       0x1a ./Middlewares/Third_Party/OpenAMP/device.o
 .text.metal_list_del
                0x00000000080020ac       0x36 ./Middlewares/Third_Party/OpenAMP/device.o
 .text.__metal_cache_flush
                0x00000000080020e2       0x1a ./Middlewares/Third_Party/OpenAMP/device.o
 .text.__metal_cache_invalidate
                0x00000000080020fc       0x1a ./Middlewares/Third_Party/OpenAMP/device.o
 .text.metal_cache_flush
                0x0000000008002116       0x1a ./Middlewares/Third_Party/OpenAMP/device.o
 .text.metal_cache_invalidate
                0x0000000008002130       0x1a ./Middlewares/Third_Party/OpenAMP/device.o
 *fill*         0x000000000800214a        0x2 
 .text.metal_bus_register
                0x000000000800214c       0x88 ./Middlewares/Third_Party/OpenAMP/device.o
                0x000000000800214c                metal_bus_register
 .text.metal_bus_unregister
                0x00000000080021d4       0x54 ./Middlewares/Third_Party/OpenAMP/device.o
                0x00000000080021d4                metal_bus_unregister
 .text.metal_bus_find
                0x0000000008002228       0x60 ./Middlewares/Third_Party/OpenAMP/device.o
                0x0000000008002228                metal_bus_find
 .text.metal_device_open
                0x0000000008002288       0x7c ./Middlewares/Third_Party/OpenAMP/device.o
                0x0000000008002288                metal_device_open
 .text.metal_register_generic_device
                0x0000000008002304       0x4c ./Middlewares/Third_Party/OpenAMP/device.o
                0x0000000008002304                metal_register_generic_device
 .text.metal_generic_dev_open
                0x0000000008002350       0x60 ./Middlewares/Third_Party/OpenAMP/device.o
                0x0000000008002350                metal_generic_dev_open
 .text.metal_generic_dev_dma_map
                0x00000000080023b0       0xa2 ./Middlewares/Third_Party/OpenAMP/device.o
                0x00000000080023b0                metal_generic_dev_dma_map
 .text.metal_generic_dev_dma_unmap
                0x0000000008002452       0x56 ./Middlewares/Third_Party/OpenAMP/device.o
                0x0000000008002452                metal_generic_dev_dma_unmap
 .text.metal_generic_dev_sys_open
                0x00000000080024a8       0x4e ./Middlewares/Third_Party/OpenAMP/generic_device.o
                0x00000000080024a8                metal_generic_dev_sys_open
 *fill*         0x00000000080024f6        0x2 
 .text.metal_sys_init
                0x00000000080024f8       0x1c ./Middlewares/Third_Party/OpenAMP/generic_init.o
                0x00000000080024f8                metal_sys_init
 .text.metal_sys_finish
                0x0000000008002514       0x14 ./Middlewares/Third_Party/OpenAMP/generic_init.o
                0x0000000008002514                metal_sys_finish
 .text.metal_sys_io_mem_map
                0x0000000008002528       0x7c ./Middlewares/Third_Party/OpenAMP/generic_io.o
                0x0000000008002528                metal_sys_io_mem_map
 .text.metal_list_init
                0x00000000080025a4       0x22 ./Middlewares/Third_Party/OpenAMP/init.o
 *fill*         0x00000000080025c6        0x2 
 .text.metal_init
                0x00000000080025c8       0x64 ./Middlewares/Third_Party/OpenAMP/init.o
                0x00000000080025c8                metal_init
 .text.metal_finish
                0x000000000800262c       0x1c ./Middlewares/Third_Party/OpenAMP/init.o
                0x000000000800262c                metal_finish
 .text.metal_io_virt
                0x0000000008002648       0x36 ./Middlewares/Third_Party/OpenAMP/io.o
 .text.metal_io_init
                0x000000000800267e       0x9e ./Middlewares/Third_Party/OpenAMP/io.o
                0x000000000800267e                metal_io_init
 .text.metal_io_block_read
                0x000000000800271c       0xee ./Middlewares/Third_Party/OpenAMP/io.o
                0x000000000800271c                metal_io_block_read
 .text.metal_io_block_write
                0x000000000800280a       0xec ./Middlewares/Third_Party/OpenAMP/io.o
                0x000000000800280a                metal_io_block_write
 .text.metal_io_block_set
                0x00000000080028f6       0xf2 ./Middlewares/Third_Party/OpenAMP/io.o
                0x00000000080028f6                metal_io_block_set
 .text.metal_default_log_handler
                0x00000000080029e8       0x1a ./Middlewares/Third_Party/OpenAMP/log.o
                0x00000000080029e8                metal_default_log_handler
 .text.metal_io_virt
                0x0000000008002a02       0x36 ./Middlewares/Third_Party/OpenAMP/remoteproc_virtio.o
 .text.metal_io_virt_to_offset
                0x0000000008002a38       0x32 ./Middlewares/Third_Party/OpenAMP/remoteproc_virtio.o
 *fill*         0x0000000008002a6a        0x2 
 .text.metal_io_read
                0x0000000008002a6c      0x104 ./Middlewares/Third_Party/OpenAMP/remoteproc_virtio.o
 .text.metal_io_write
                0x0000000008002b70       0xec ./Middlewares/Third_Party/OpenAMP/remoteproc_virtio.o
 .text.metal_allocate_memory
                0x0000000008002c5c       0x18 ./Middlewares/Third_Party/OpenAMP/remoteproc_virtio.o
 .text.metal_free_memory
                0x0000000008002c74       0x16 ./Middlewares/Third_Party/OpenAMP/remoteproc_virtio.o
 .text.virtqueue_allocate
                0x0000000008002c8a       0x32 ./Middlewares/Third_Party/OpenAMP/remoteproc_virtio.o
 .text.rproc_virtio_virtqueue_notify
                0x0000000008002cbc       0x68 ./Middlewares/Third_Party/OpenAMP/remoteproc_virtio.o
 .text.rproc_virtio_get_status
                0x0000000008002d24       0x44 ./Middlewares/Third_Party/OpenAMP/remoteproc_virtio.o
 .text.rproc_virtio_set_status
                0x0000000008002d68       0x5e ./Middlewares/Third_Party/OpenAMP/remoteproc_virtio.o
 .text.rproc_virtio_get_features
                0x0000000008002dc6       0x44 ./Middlewares/Third_Party/OpenAMP/remoteproc_virtio.o
 .text.rproc_virtio_set_features
                0x0000000008002e0a       0x5c ./Middlewares/Third_Party/OpenAMP/remoteproc_virtio.o
 .text.rproc_virtio_negotiate_features
                0x0000000008002e66       0x18 ./Middlewares/Third_Party/OpenAMP/remoteproc_virtio.o
 .text.rproc_virtio_read_config
                0x0000000008002e7e       0x1a ./Middlewares/Third_Party/OpenAMP/remoteproc_virtio.o
 .text.rproc_virtio_write_config
                0x0000000008002e98       0x1a ./Middlewares/Third_Party/OpenAMP/remoteproc_virtio.o
 .text.rproc_virtio_reset_device
                0x0000000008002eb2       0x20 ./Middlewares/Third_Party/OpenAMP/remoteproc_virtio.o
 *fill*         0x0000000008002ed2        0x2 
 .text.rproc_virtio_create_vdev
                0x0000000008002ed4      0x15c ./Middlewares/Third_Party/OpenAMP/remoteproc_virtio.o
                0x0000000008002ed4                rproc_virtio_create_vdev
 .text.rproc_virtio_init_vring
                0x0000000008003030       0x62 ./Middlewares/Third_Party/OpenAMP/remoteproc_virtio.o
                0x0000000008003030                rproc_virtio_init_vring
 .text.rproc_virtio_notified
                0x0000000008003092       0x78 ./Middlewares/Third_Party/OpenAMP/remoteproc_virtio.o
                0x0000000008003092                rproc_virtio_notified
 .text.rproc_virtio_wait_remote_ready
                0x000000000800310a       0x32 ./Middlewares/Third_Party/OpenAMP/remoteproc_virtio.o
                0x000000000800310a                rproc_virtio_wait_remote_ready
 .text.__metal_mutex_acquire
                0x000000000800313c       0x38 ./Middlewares/Third_Party/OpenAMP/rpmsg.o
 .text.__metal_mutex_release
                0x0000000008003174       0x22 ./Middlewares/Third_Party/OpenAMP/rpmsg.o
 .text.metal_mutex_acquire
                0x0000000008003196       0x16 ./Middlewares/Third_Party/OpenAMP/rpmsg.o
 .text.metal_mutex_release
                0x00000000080031ac       0x16 ./Middlewares/Third_Party/OpenAMP/rpmsg.o
 .text.metal_list_add_before
                0x00000000080031c2       0x34 ./Middlewares/Third_Party/OpenAMP/rpmsg.o
 .text.metal_list_add_tail
                0x00000000080031f6       0x1a ./Middlewares/Third_Party/OpenAMP/rpmsg.o
 .text.metal_list_del
                0x0000000008003210       0x36 ./Middlewares/Third_Party/OpenAMP/rpmsg.o
 .text.metal_bitmap_set_bit
                0x0000000008003246       0x38 ./Middlewares/Third_Party/OpenAMP/rpmsg.o
 .text.metal_bitmap_is_bit_set
                0x000000000800327e       0x30 ./Middlewares/Third_Party/OpenAMP/rpmsg.o
 .text.metal_bitmap_clear_bit
                0x00000000080032ae       0x3a ./Middlewares/Third_Party/OpenAMP/rpmsg.o
 .text.metal_bitmap_is_bit_clear
                0x00000000080032e8       0x26 ./Middlewares/Third_Party/OpenAMP/rpmsg.o
 .text.metal_bitmap_next_clear_bit
                0x000000000800330e       0x3a ./Middlewares/Third_Party/OpenAMP/rpmsg.o
 .text.rpmsg_init_ept
                0x0000000008003348       0x3a ./Middlewares/Third_Party/OpenAMP/rpmsg.o
 .text.rpmsg_get_address
                0x0000000008003382       0x3e ./Middlewares/Third_Party/OpenAMP/rpmsg.o
 .text.rpmsg_release_address
                0x00000000080033c0       0x24 ./Middlewares/Third_Party/OpenAMP/rpmsg.o
 .text.rpmsg_is_address_set
                0x00000000080033e4       0x30 ./Middlewares/Third_Party/OpenAMP/rpmsg.o
 .text.rpmsg_set_address
                0x0000000008003414       0x30 ./Middlewares/Third_Party/OpenAMP/rpmsg.o
 .text.rpmsg_send_offchannel_raw
                0x0000000008003444       0x64 ./Middlewares/Third_Party/OpenAMP/rpmsg.o
                0x0000000008003444                rpmsg_send_offchannel_raw
 .text.rpmsg_send_ns_message
                0x00000000080034a8       0x50 ./Middlewares/Third_Party/OpenAMP/rpmsg.o
                0x00000000080034a8                rpmsg_send_ns_message
 .text.rpmsg_get_endpoint
                0x00000000080034f8       0xc0 ./Middlewares/Third_Party/OpenAMP/rpmsg.o
                0x00000000080034f8                rpmsg_get_endpoint
 .text.rpmsg_unregister_endpoint
                0x00000000080035b8       0x44 ./Middlewares/Third_Party/OpenAMP/rpmsg.o
 .text.rpmsg_register_endpoint
                0x00000000080035fc       0x28 ./Middlewares/Third_Party/OpenAMP/rpmsg.o
                0x00000000080035fc                rpmsg_register_endpoint
 .text.rpmsg_create_ept
                0x0000000008003624       0xfc ./Middlewares/Third_Party/OpenAMP/rpmsg.o
                0x0000000008003624                rpmsg_create_ept
 .text.rpmsg_destroy_ept
                0x0000000008003720       0x48 ./Middlewares/Third_Party/OpenAMP/rpmsg.o
                0x0000000008003720                rpmsg_destroy_ept
 .text.__metal_cache_invalidate
                0x0000000008003768       0x1a ./Middlewares/Third_Party/OpenAMP/rpmsg_virtio.o
 .text.metal_cache_invalidate
                0x0000000008003782       0x1a ./Middlewares/Third_Party/OpenAMP/rpmsg_virtio.o
 .text.__metal_sleep_usec
                0x000000000800379c       0x16 ./Middlewares/Third_Party/OpenAMP/rpmsg_virtio.o
 .text.metal_sleep_usec
                0x00000000080037b2       0x18 ./Middlewares/Third_Party/OpenAMP/rpmsg_virtio.o
 .text.metal_list_init
                0x00000000080037ca       0x22 ./Middlewares/Third_Party/OpenAMP/rpmsg_virtio.o
 .text.metal_list_is_empty
                0x00000000080037ec       0x24 ./Middlewares/Third_Party/OpenAMP/rpmsg_virtio.o
 .text.metal_io_virt_to_offset
                0x0000000008003810       0x32 ./Middlewares/Third_Party/OpenAMP/rpmsg_virtio.o
 .text.__metal_mutex_init
                0x0000000008003842       0x2c ./Middlewares/Third_Party/OpenAMP/rpmsg_virtio.o
 .text.__metal_mutex_deinit
                0x000000000800386e       0x14 ./Middlewares/Third_Party/OpenAMP/rpmsg_virtio.o
 .text.__metal_mutex_acquire
                0x0000000008003882       0x38 ./Middlewares/Third_Party/OpenAMP/rpmsg_virtio.o
 .text.__metal_mutex_release
                0x00000000080038ba       0x22 ./Middlewares/Third_Party/OpenAMP/rpmsg_virtio.o
 .text.metal_mutex_init
                0x00000000080038dc       0x16 ./Middlewares/Third_Party/OpenAMP/rpmsg_virtio.o
 .text.metal_mutex_deinit
                0x00000000080038f2       0x16 ./Middlewares/Third_Party/OpenAMP/rpmsg_virtio.o
 .text.metal_mutex_acquire
                0x0000000008003908       0x16 ./Middlewares/Third_Party/OpenAMP/rpmsg_virtio.o
 .text.metal_mutex_release
                0x000000000800391e       0x16 ./Middlewares/Third_Party/OpenAMP/rpmsg_virtio.o
 .text.rpmsg_init_ept
                0x0000000008003934       0x3a ./Middlewares/Third_Party/OpenAMP/rpmsg_virtio.o
 .text.rpmsg_virtio_get_role
                0x000000000800396e       0x1a ./Middlewares/Third_Party/OpenAMP/rpmsg_virtio.o
 .text.rpmsg_virtio_set_status
                0x0000000008003988       0x26 ./Middlewares/Third_Party/OpenAMP/rpmsg_virtio.o
 .text.rpmsg_virtio_get_status
                0x00000000080039ae       0x22 ./Middlewares/Third_Party/OpenAMP/rpmsg_virtio.o
 .text.rpmsg_virtio_get_features
                0x00000000080039d0       0x22 ./Middlewares/Third_Party/OpenAMP/rpmsg_virtio.o
 .text.rpmsg_virtio_create_virtqueues
                0x00000000080039f2       0x2a ./Middlewares/Third_Party/OpenAMP/rpmsg_virtio.o
 .text.rpmsg_get_ept_from_addr
                0x0000000008003a1c       0x22 ./Middlewares/Third_Party/OpenAMP/rpmsg_virtio.o
 .text.rpmsg_virtio_shm_pool_get_buffer
                0x0000000008003a3e       0x44 ./Middlewares/Third_Party/OpenAMP/rpmsg_virtio.o
                0x0000000008003a3e                rpmsg_virtio_shm_pool_get_buffer
 .text.rpmsg_virtio_init_shm_pool
                0x0000000008003a82       0x5a ./Middlewares/Third_Party/OpenAMP/rpmsg_virtio.o
                0x0000000008003a82                rpmsg_virtio_init_shm_pool
 .text.rpmsg_virtio_return_buffer
                0x0000000008003adc       0x40 ./Middlewares/Third_Party/OpenAMP/rpmsg_virtio.o
 .text.rpmsg_virtio_enqueue_buffer
                0x0000000008003b1c       0x46 ./Middlewares/Third_Party/OpenAMP/rpmsg_virtio.o
 .text.rpmsg_virtio_get_tx_buffer
                0x0000000008003b62       0x56 ./Middlewares/Third_Party/OpenAMP/rpmsg_virtio.o
 .text.rpmsg_virtio_get_rx_buffer
                0x0000000008003bb8       0x4a ./Middlewares/Third_Party/OpenAMP/rpmsg_virtio.o
 .text._rpmsg_virtio_get_buffer_size
                0x0000000008003c02       0x2a ./Middlewares/Third_Party/OpenAMP/rpmsg_virtio.o
 .text.rpmsg_virtio_send_offchannel_raw
                0x0000000008003c2c      0x150 ./Middlewares/Third_Party/OpenAMP/rpmsg_virtio.o
 .text.rpmsg_virtio_tx_callback
                0x0000000008003d7c       0x14 ./Middlewares/Third_Party/OpenAMP/rpmsg_virtio.o
 .text.rpmsg_virtio_rx_callback
                0x0000000008003d90       0xea ./Middlewares/Third_Party/OpenAMP/rpmsg_virtio.o
 .text.rpmsg_virtio_ns_callback
                0x0000000008003e7a       0xe4 ./Middlewares/Third_Party/OpenAMP/rpmsg_virtio.o
 *fill*         0x0000000008003f5e        0x2 
 .text.rpmsg_init_vdev
                0x0000000008003f60      0x1d4 ./Middlewares/Third_Party/OpenAMP/rpmsg_virtio.o
                0x0000000008003f60                rpmsg_init_vdev
 .text.rpmsg_deinit_vdev
                0x0000000008004134       0x4c ./Middlewares/Third_Party/OpenAMP/rpmsg_virtio.o
                0x0000000008004134                rpmsg_deinit_vdev
 .text.metal_machine_cache_flush
                0x0000000008004180       0x16 ./Middlewares/Third_Party/OpenAMP/sys.o
                0x0000000008004180                metal_machine_cache_flush
 .text.metal_machine_cache_invalidate
                0x0000000008004196       0x16 ./Middlewares/Third_Party/OpenAMP/sys.o
                0x0000000008004196                metal_machine_cache_invalidate
 .text.metal_machine_io_mem_map
                0x00000000080041ac       0x1c ./Middlewares/Third_Party/OpenAMP/sys.o
                0x00000000080041ac                metal_machine_io_mem_map
 .text.vring_size
                0x00000000080041c8       0x46 ./Middlewares/Third_Party/OpenAMP/virtio.o
 .text.metal_io_virt_to_offset
                0x000000000800420e       0x32 ./Middlewares/Third_Party/OpenAMP/virtio.o
 .text.virtio_create_virtqueues
                0x0000000008004240       0xd2 ./Middlewares/Third_Party/OpenAMP/virtio.o
                0x0000000008004240                virtio_create_virtqueues
 .text.vring_init
                0x0000000008004312       0x52 ./Middlewares/Third_Party/OpenAMP/virtqueue.o
 .text.vring_need_event
                0x0000000008004364       0x3c ./Middlewares/Third_Party/OpenAMP/virtqueue.o
 .text.metal_io_virt_to_offset
                0x00000000080043a0       0x32 ./Middlewares/Third_Party/OpenAMP/virtqueue.o
 .text.metal_io_phys
                0x00000000080043d2       0x5c ./Middlewares/Third_Party/OpenAMP/virtqueue.o
 .text.metal_io_virt_to_phys
                0x000000000800442e       0x26 ./Middlewares/Third_Party/OpenAMP/virtqueue.o
 .text.virtqueue_virt_to_phys
                0x0000000008004454       0x22 ./Middlewares/Third_Party/OpenAMP/virtqueue.o
 .text.virtqueue_create
                0x0000000008004476       0x68 ./Middlewares/Third_Party/OpenAMP/virtqueue.o
                0x0000000008004476                virtqueue_create
 .text.virtqueue_add_buffer
                0x00000000080044de       0x88 ./Middlewares/Third_Party/OpenAMP/virtqueue.o
                0x00000000080044de                virtqueue_add_buffer
 .text.virtqueue_get_buffer
                0x0000000008004566       0xa0 ./Middlewares/Third_Party/OpenAMP/virtqueue.o
                0x0000000008004566                virtqueue_get_buffer
 .text.virtqueue_disable_cb
                0x0000000008004606       0x54 ./Middlewares/Third_Party/OpenAMP/virtqueue.o
                0x0000000008004606                virtqueue_disable_cb
 .text.virtqueue_kick
                0x000000000800465a       0x2c ./Middlewares/Third_Party/OpenAMP/virtqueue.o
                0x000000000800465a                virtqueue_kick
 .text.vq_ring_add_buffer
                0x0000000008004686       0xae ./Middlewares/Third_Party/OpenAMP/virtqueue.o
 .text.vq_ring_free_chain
                0x0000000008004734       0x8e ./Middlewares/Third_Party/OpenAMP/virtqueue.o
 .text.vq_ring_init
                0x00000000080047c2       0x66 ./Middlewares/Third_Party/OpenAMP/virtqueue.o
 .text.vq_ring_update_avail
                0x0000000008004828       0x5a ./Middlewares/Third_Party/OpenAMP/virtqueue.o
 .text.virtqueue_notification
                0x0000000008004882       0x24 ./Middlewares/Third_Party/OpenAMP/virtqueue.o
                0x0000000008004882                virtqueue_notification
 .text.vq_ring_must_notify_host
                0x00000000080048a6       0x6c ./Middlewares/Third_Party/OpenAMP/virtqueue.o
 .text.vq_ring_notify_host
                0x0000000008004912       0x20 ./Middlewares/Third_Party/OpenAMP/virtqueue.o
 *fill*         0x0000000008004932        0x2 
 .text.HAL_HSEM_FreeCallback
                0x0000000008004934       0x20 ./OPENAMP/mbox_hsem.o
                0x0000000008004934                HAL_HSEM_FreeCallback
 .text.MAILBOX_Init
                0x0000000008004954       0x38 ./OPENAMP/mbox_hsem.o
                0x0000000008004954                MAILBOX_Init
 .text.MAILBOX_Poll
                0x000000000800498c       0x34 ./OPENAMP/mbox_hsem.o
                0x000000000800498c                MAILBOX_Poll
 .text.MAILBOX_Notify
                0x00000000080049c0       0x22 ./OPENAMP/mbox_hsem.o
                0x00000000080049c0                MAILBOX_Notify
 .text.is_rpmsg_ept_ready
                0x00000000080049e2       0x2e ./OPENAMP/openamp.o
 .text.metal_device_io_region
                0x0000000008004a10       0x36 ./OPENAMP/openamp.o
 *fill*         0x0000000008004a46        0x2 
 .text.OPENAMP_shmem_init
                0x0000000008004a48      0x140 ./OPENAMP/openamp.o
 .text.MX_OPENAMP_Init
                0x0000000008004b88      0x12c ./OPENAMP/openamp.o
                0x0000000008004b88                MX_OPENAMP_Init
 .text.OPENAMP_DeInit
                0x0000000008004cb4       0x18 ./OPENAMP/openamp.o
                0x0000000008004cb4                OPENAMP_DeInit
 .text.OPENAMP_create_endpoint
                0x0000000008004ccc       0x3c ./OPENAMP/openamp.o
                0x0000000008004ccc                OPENAMP_create_endpoint
 .text.OPENAMP_check_for_message
                0x0000000008004d08       0x18 ./OPENAMP/openamp.o
                0x0000000008004d08                OPENAMP_check_for_message
 .text.OPENAMP_Wait_EndPointready
                0x0000000008004d20       0x30 ./OPENAMP/openamp.o
                0x0000000008004d20                OPENAMP_Wait_EndPointready
 .text.resource_table_init
                0x0000000008004d50       0x94 ./OPENAMP/rsc_table.o
                0x0000000008004d50                resource_table_init
 .text.__assert_func
                0x0000000008004de4       0x3c c:/st/stm32cubeide_1.9.0/stm32cubeide/plugins/com.st.stm32cube.ide.mcu.externaltools.gnu-tools-for-stm32.10.3-2021.10.win32_1.0.0.202111181127/tools/bin/../lib/gcc/arm-none-eabi/10.3.1/../../../../arm-none-eabi/lib/thumb/v7e-m+dp/hard\libc_nano.a(lib_a-assert.o)
                0x0000000008004de4                __assert_func
 .text.fprintf  0x0000000008004e20       0x24 c:/st/stm32cubeide_1.9.0/stm32cubeide/plugins/com.st.stm32cube.ide.mcu.externaltools.gnu-tools-for-stm32.10.3-2021.10.win32_1.0.0.202111181127/tools/bin/../lib/gcc/arm-none-eabi/10.3.1/../../../../arm-none-eabi/lib/thumb/v7e-m+dp/hard\libc_nano.a(lib_a-fprintf.o)
                0x0000000008004e20                fiprintf
                0x0000000008004e20                fprintf
 .text.__libc_init_array
                0x0000000008004e44       0x48 c:/st/stm32cubeide_1.9.0/stm32cubeide/plugins/com.st.stm32cube.ide.mcu.externaltools.gnu-tools-for-stm32.10.3-2021.10.win32_1.0.0.202111181127/tools/bin/../lib/gcc/arm-none-eabi/10.3.1/../../../../arm-none-eabi/lib/thumb/v7e-m+dp/hard\libc_nano.a(lib_a-init.o)
                0x0000000008004e44                __libc_init_array
 .text.malloc   0x0000000008004e8c       0x10 c:/st/stm32cubeide_1.9.0/stm32cubeide/plugins/com.st.stm32cube.ide.mcu.externaltools.gnu-tools-for-stm32.10.3-2021.10.win32_1.0.0.202111181127/tools/bin/../lib/gcc/arm-none-eabi/10.3.1/../../../../arm-none-eabi/lib/thumb/v7e-m+dp/hard\libc_nano.a(lib_a-malloc.o)
                0x0000000008004e8c                malloc
 .text.free     0x0000000008004e9c       0x10 c:/st/stm32cubeide_1.9.0/stm32cubeide/plugins/com.st.stm32cube.ide.mcu.externaltools.gnu-tools-for-stm32.10.3-2021.10.win32_1.0.0.202111181127/tools/bin/../lib/gcc/arm-none-eabi/10.3.1/../../../../arm-none-eabi/lib/thumb/v7e-m+dp/hard\libc_nano.a(lib_a-malloc.o)
                0x0000000008004e9c                free
 .text.memcpy   0x0000000008004eac       0x1c c:/st/stm32cubeide_1.9.0/stm32cubeide/plugins/com.st.stm32cube.ide.mcu.externaltools.gnu-tools-for-stm32.10.3-2021.10.win32_1.0.0.202111181127/tools/bin/../lib/gcc/arm-none-eabi/10.3.1/../../../../arm-none-eabi/lib/thumb/v7e-m+dp/hard\libc_nano.a(lib_a-memcpy-stub.o)
                0x0000000008004eac                memcpy
 .text.memset   0x0000000008004ec8       0x10 c:/st/stm32cubeide_1.9.0/stm32cubeide/plugins/com.st.stm32cube.ide.mcu.externaltools.gnu-tools-for-stm32.10.3-2021.10.win32_1.0.0.202111181127/tools/bin/../lib/gcc/arm-none-eabi/10.3.1/../../../../arm-none-eabi/lib/thumb/v7e-m+dp/hard\libc_nano.a(lib_a-memset.o)
                0x0000000008004ec8                memset
 .text._free_r  0x0000000008004ed8       0x98 c:/st/stm32cubeide_1.9.0/stm32cubeide/plugins/com.st.stm32cube.ide.mcu.externaltools.gnu-tools-for-stm32.10.3-2021.10.win32_1.0.0.202111181127/tools/bin/../lib/gcc/arm-none-eabi/10.3.1/../../../../arm-none-eabi/lib/thumb/v7e-m+dp/hard\libc_nano.a(lib_a-nano-freer.o)
                0x0000000008004ed8                _free_r
 .text.sbrk_aligned
                0x0000000008004f70       0x40 c:/st/stm32cubeide_1.9.0/stm32cubeide/plugins/com.st.stm32cube.ide.mcu.externaltools.gnu-tools-for-stm32.10.3-2021.10.win32_1.0.0.202111181127/tools/bin/../lib/gcc/arm-none-eabi/10.3.1/../../../../arm-none-eabi/lib/thumb/v7e-m+dp/hard\libc_nano.a(lib_a-nano-mallocr.o)
 .text._malloc_r
                0x0000000008004fb0       0xe8 c:/st/stm32cubeide_1.9.0/stm32cubeide/plugins/com.st.stm32cube.ide.mcu.externaltools.gnu-tools-for-stm32.10.3-2021.10.win32_1.0.0.202111181127/tools/bin/../lib/gcc/arm-none-eabi/10.3.1/../../../../arm-none-eabi/lib/thumb/v7e-m+dp/hard\libc_nano.a(lib_a-nano-mallocr.o)
                0x0000000008004fb0                _malloc_r
 .text.__sfputc_r
                0x0000000008005098       0x2e c:/st/stm32cubeide_1.9.0/stm32cubeide/plugins/com.st.stm32cube.ide.mcu.externaltools.gnu-tools-for-stm32.10.3-2021.10.win32_1.0.0.202111181127/tools/bin/../lib/gcc/arm-none-eabi/10.3.1/../../../../arm-none-eabi/lib/thumb/v7e-m+dp/hard\libc_nano.a(lib_a-nano-vfprintf.o)
 .text.__sfputs_r
                0x00000000080050c6       0x24 c:/st/stm32cubeide_1.9.0/stm32cubeide/plugins/com.st.stm32cube.ide.mcu.externaltools.gnu-tools-for-stm32.10.3-2021.10.win32_1.0.0.202111181127/tools/bin/../lib/gcc/arm-none-eabi/10.3.1/../../../../arm-none-eabi/lib/thumb/v7e-m+dp/hard\libc_nano.a(lib_a-nano-vfprintf.o)
                0x00000000080050c6                __sfputs_r
 *fill*         0x00000000080050ea        0x2 
 .text._vfprintf_r
                0x00000000080050ec      0x260 c:/st/stm32cubeide_1.9.0/stm32cubeide/plugins/com.st.stm32cube.ide.mcu.externaltools.gnu-tools-for-stm32.10.3-2021.10.win32_1.0.0.202111181127/tools/bin/../lib/gcc/arm-none-eabi/10.3.1/../../../../arm-none-eabi/lib/thumb/v7e-m+dp/hard\libc_nano.a(lib_a-nano-vfprintf.o)
                0x00000000080050ec                _vfprintf_r
                0x00000000080050ec                _vfiprintf_r
 .text._printf_common
                0x000000000800534c       0xda c:/st/stm32cubeide_1.9.0/stm32cubeide/plugins/com.st.stm32cube.ide.mcu.externaltools.gnu-tools-for-stm32.10.3-2021.10.win32_1.0.0.202111181127/tools/bin/../lib/gcc/arm-none-eabi/10.3.1/../../../../arm-none-eabi/lib/thumb/v7e-m+dp/hard\libc_nano.a(lib_a-nano-vfprintf_i.o)
                0x000000000800534c                _printf_common
 *fill*         0x0000000008005426        0x2 
 .text._printf_i
                0x0000000008005428      0x24c c:/st/stm32cubeide_1.9.0/stm32cubeide/plugins/com.st.stm32cube.ide.mcu.externaltools.gnu-tools-for-stm32.10.3-2021.10.win32_1.0.0.202111181127/tools/bin/../lib/gcc/arm-none-eabi/10.3.1/../../../../arm-none-eabi/lib/thumb/v7e-m+dp/hard\libc_nano.a(lib_a-nano-vfprintf_i.o)
                0x0000000008005428                _printf_i
 .text._sbrk_r  0x0000000008005674       0x20 c:/st/stm32cubeide_1.9.0/stm32cubeide/plugins/com.st.stm32cube.ide.mcu.externaltools.gnu-tools-for-stm32.10.3-2021.10.win32_1.0.0.202111181127/tools/bin/../lib/gcc/arm-none-eabi/10.3.1/../../../../arm-none-eabi/lib/thumb/v7e-m+dp/hard\libc_nano.a(lib_a-sbrkr.o)
                0x0000000008005674                _sbrk_r
 .text.strncmp  0x0000000008005694       0x28 c:/st/stm32cubeide_1.9.0/stm32cubeide/plugins/com.st.stm32cube.ide.mcu.externaltools.gnu-tools-for-stm32.10.3-2021.10.win32_1.0.0.202111181127/tools/bin/../lib/gcc/arm-none-eabi/10.3.1/../../../../arm-none-eabi/lib/thumb/v7e-m+dp/hard\libc_nano.a(lib_a-strncmp.o)
                0x0000000008005694                strncmp
 .text.strncpy  0x00000000080056bc       0x26 c:/st/stm32cubeide_1.9.0/stm32cubeide/plugins/com.st.stm32cube.ide.mcu.externaltools.gnu-tools-for-stm32.10.3-2021.10.win32_1.0.0.202111181127/tools/bin/../lib/gcc/arm-none-eabi/10.3.1/../../../../arm-none-eabi/lib/thumb/v7e-m+dp/hard\libc_nano.a(lib_a-strncpy.o)
                0x00000000080056bc                strncpy
 *fill*         0x00000000080056e2        0x2 
 .text.__swbuf_r
                0x00000000080056e4       0xa4 c:/st/stm32cubeide_1.9.0/stm32cubeide/plugins/com.st.stm32cube.ide.mcu.externaltools.gnu-tools-for-stm32.10.3-2021.10.win32_1.0.0.202111181127/tools/bin/../lib/gcc/arm-none-eabi/10.3.1/../../../../arm-none-eabi/lib/thumb/v7e-m+dp/hard\libc_nano.a(lib_a-wbuf.o)
                0x00000000080056e4                __swbuf_r
 .text.__swsetup_r
                0x0000000008005788       0xdc c:/st/stm32cubeide_1.9.0/stm32cubeide/plugins/com.st.stm32cube.ide.mcu.externaltools.gnu-tools-for-stm32.10.3-2021.10.win32_1.0.0.202111181127/tools/bin/../lib/gcc/arm-none-eabi/10.3.1/../../../../arm-none-eabi/lib/thumb/v7e-m+dp/hard\libc_nano.a(lib_a-wsetup.o)
                0x0000000008005788                __swsetup_r
 .text.abort    0x0000000008005864        0xe c:/st/stm32cubeide_1.9.0/stm32cubeide/plugins/com.st.stm32cube.ide.mcu.externaltools.gnu-tools-for-stm32.10.3-2021.10.win32_1.0.0.202111181127/tools/bin/../lib/gcc/arm-none-eabi/10.3.1/../../../../arm-none-eabi/lib/thumb/v7e-m+dp/hard\libc_nano.a(lib_a-abort.o)
                0x0000000008005864                abort
 *fill*         0x0000000008005872        0x2 
 .text.__sflush_r
                0x0000000008005874      0x10c c:/st/stm32cubeide_1.9.0/stm32cubeide/plugins/com.st.stm32cube.ide.mcu.externaltools.gnu-tools-for-stm32.10.3-2021.10.win32_1.0.0.202111181127/tools/bin/../lib/gcc/arm-none-eabi/10.3.1/../../../../arm-none-eabi/lib/thumb/v7e-m+dp/hard\libc_nano.a(lib_a-fflush.o)
                0x0000000008005874                __sflush_r
 .text._fflush_r
                0x0000000008005980       0x78 c:/st/stm32cubeide_1.9.0/stm32cubeide/plugins/com.st.stm32cube.ide.mcu.externaltools.gnu-tools-for-stm32.10.3-2021.10.win32_1.0.0.202111181127/tools/bin/../lib/gcc/arm-none-eabi/10.3.1/../../../../arm-none-eabi/lib/thumb/v7e-m+dp/hard\libc_nano.a(lib_a-fflush.o)
                0x0000000008005980                _fflush_r
 .text.std      0x00000000080059f8       0x48 c:/st/stm32cubeide_1.9.0/stm32cubeide/plugins/com.st.stm32cube.ide.mcu.externaltools.gnu-tools-for-stm32.10.3-2021.10.win32_1.0.0.202111181127/tools/bin/../lib/gcc/arm-none-eabi/10.3.1/../../../../arm-none-eabi/lib/thumb/v7e-m+dp/hard\libc_nano.a(lib_a-findfp.o)
 .text._cleanup_r
                0x0000000008005a40        0xc c:/st/stm32cubeide_1.9.0/stm32cubeide/plugins/com.st.stm32cube.ide.mcu.externaltools.gnu-tools-for-stm32.10.3-2021.10.win32_1.0.0.202111181127/tools/bin/../lib/gcc/arm-none-eabi/10.3.1/../../../../arm-none-eabi/lib/thumb/v7e-m+dp/hard\libc_nano.a(lib_a-findfp.o)
                0x0000000008005a40                _cleanup_r
 .text.__sfmoreglue
                0x0000000008005a4c       0x2c c:/st/stm32cubeide_1.9.0/stm32cubeide/plugins/com.st.stm32cube.ide.mcu.externaltools.gnu-tools-for-stm32.10.3-2021.10.win32_1.0.0.202111181127/tools/bin/../lib/gcc/arm-none-eabi/10.3.1/../../../../arm-none-eabi/lib/thumb/v7e-m+dp/hard\libc_nano.a(lib_a-findfp.o)
                0x0000000008005a4c                __sfmoreglue
 .text.__sfp_lock_acquire
                0x0000000008005a78        0xc c:/st/stm32cubeide_1.9.0/stm32cubeide/plugins/com.st.stm32cube.ide.mcu.externaltools.gnu-tools-for-stm32.10.3-2021.10.win32_1.0.0.202111181127/tools/bin/../lib/gcc/arm-none-eabi/10.3.1/../../../../arm-none-eabi/lib/thumb/v7e-m+dp/hard\libc_nano.a(lib_a-findfp.o)
                0x0000000008005a78                __sfp_lock_acquire
 .text.__sfp_lock_release
                0x0000000008005a84        0xc c:/st/stm32cubeide_1.9.0/stm32cubeide/plugins/com.st.stm32cube.ide.mcu.externaltools.gnu-tools-for-stm32.10.3-2021.10.win32_1.0.0.202111181127/tools/bin/../lib/gcc/arm-none-eabi/10.3.1/../../../../arm-none-eabi/lib/thumb/v7e-m+dp/hard\libc_nano.a(lib_a-findfp.o)
                0x0000000008005a84                __sfp_lock_release
 .text.__sinit_lock_acquire
                0x0000000008005a90        0xc c:/st/stm32cubeide_1.9.0/stm32cubeide/plugins/com.st.stm32cube.ide.mcu.externaltools.gnu-tools-for-stm32.10.3-2021.10.win32_1.0.0.202111181127/tools/bin/../lib/gcc/arm-none-eabi/10.3.1/../../../../arm-none-eabi/lib/thumb/v7e-m+dp/hard\libc_nano.a(lib_a-findfp.o)
                0x0000000008005a90                __sinit_lock_acquire
 .text.__sinit_lock_release
                0x0000000008005a9c        0xc c:/st/stm32cubeide_1.9.0/stm32cubeide/plugins/com.st.stm32cube.ide.mcu.externaltools.gnu-tools-for-stm32.10.3-2021.10.win32_1.0.0.202111181127/tools/bin/../lib/gcc/arm-none-eabi/10.3.1/../../../../arm-none-eabi/lib/thumb/v7e-m+dp/hard\libc_nano.a(lib_a-findfp.o)
                0x0000000008005a9c                __sinit_lock_release
 .text.__sinit  0x0000000008005aa8       0x70 c:/st/stm32cubeide_1.9.0/stm32cubeide/plugins/com.st.stm32cube.ide.mcu.externaltools.gnu-tools-for-stm32.10.3-2021.10.win32_1.0.0.202111181127/tools/bin/../lib/gcc/arm-none-eabi/10.3.1/../../../../arm-none-eabi/lib/thumb/v7e-m+dp/hard\libc_nano.a(lib_a-findfp.o)
                0x0000000008005aa8                __sinit
 .text.__sfp    0x0000000008005b18       0x8c c:/st/stm32cubeide_1.9.0/stm32cubeide/plugins/com.st.stm32cube.ide.mcu.externaltools.gnu-tools-for-stm32.10.3-2021.10.win32_1.0.0.202111181127/tools/bin/../lib/gcc/arm-none-eabi/10.3.1/../../../../arm-none-eabi/lib/thumb/v7e-m+dp/hard\libc_nano.a(lib_a-findfp.o)
                0x0000000008005b18                __sfp
 .text._fwalk_reent
                0x0000000008005ba4       0x3e c:/st/stm32cubeide_1.9.0/stm32cubeide/plugins/com.st.stm32cube.ide.mcu.externaltools.gnu-tools-for-stm32.10.3-2021.10.win32_1.0.0.202111181127/tools/bin/../lib/gcc/arm-none-eabi/10.3.1/../../../../arm-none-eabi/lib/thumb/v7e-m+dp/hard\libc_nano.a(lib_a-fwalk.o)
                0x0000000008005ba4                _fwalk_reent
 .text.__retarget_lock_init_recursive
                0x0000000008005be2        0x2 c:/st/stm32cubeide_1.9.0/stm32cubeide/plugins/com.st.stm32cube.ide.mcu.externaltools.gnu-tools-for-stm32.10.3-2021.10.win32_1.0.0.202111181127/tools/bin/../lib/gcc/arm-none-eabi/10.3.1/../../../../arm-none-eabi/lib/thumb/v7e-m+dp/hard\libc_nano.a(lib_a-lock.o)
                0x0000000008005be2                __retarget_lock_init_recursive
 .text.__retarget_lock_acquire_recursive
                0x0000000008005be4        0x2 c:/st/stm32cubeide_1.9.0/stm32cubeide/plugins/com.st.stm32cube.ide.mcu.externaltools.gnu-tools-for-stm32.10.3-2021.10.win32_1.0.0.202111181127/tools/bin/../lib/gcc/arm-none-eabi/10.3.1/../../../../arm-none-eabi/lib/thumb/v7e-m+dp/hard\libc_nano.a(lib_a-lock.o)
                0x0000000008005be4                __retarget_lock_acquire_recursive
 .text.__retarget_lock_release_recursive
                0x0000000008005be6        0x2 c:/st/stm32cubeide_1.9.0/stm32cubeide/plugins/com.st.stm32cube.ide.mcu.externaltools.gnu-tools-for-stm32.10.3-2021.10.win32_1.0.0.202111181127/tools/bin/../lib/gcc/arm-none-eabi/10.3.1/../../../../arm-none-eabi/lib/thumb/v7e-m+dp/hard\libc_nano.a(lib_a-lock.o)
                0x0000000008005be6                __retarget_lock_release_recursive
 .text.__swhatbuf_r
                0x0000000008005be8       0x4a c:/st/stm32cubeide_1.9.0/stm32cubeide/plugins/com.st.stm32cube.ide.mcu.externaltools.gnu-tools-for-stm32.10.3-2021.10.win32_1.0.0.202111181127/tools/bin/../lib/gcc/arm-none-eabi/10.3.1/../../../../arm-none-eabi/lib/thumb/v7e-m+dp/hard\libc_nano.a(lib_a-makebuf.o)
                0x0000000008005be8                __swhatbuf_r
 *fill*         0x0000000008005c32        0x2 
 .text.__smakebuf_r
                0x0000000008005c34       0x80 c:/st/stm32cubeide_1.9.0/stm32cubeide/plugins/com.st.stm32cube.ide.mcu.externaltools.gnu-tools-for-stm32.10.3-2021.10.win32_1.0.0.202111181127/tools/bin/../lib/gcc/arm-none-eabi/10.3.1/../../../../arm-none-eabi/lib/thumb/v7e-m+dp/hard\libc_nano.a(lib_a-makebuf.o)
                0x0000000008005c34                __smakebuf_r
 .text.__malloc_lock
                0x0000000008005cb4        0xc c:/st/stm32cubeide_1.9.0/stm32cubeide/plugins/com.st.stm32cube.ide.mcu.externaltools.gnu-tools-for-stm32.10.3-2021.10.win32_1.0.0.202111181127/tools/bin/../lib/gcc/arm-none-eabi/10.3.1/../../../../arm-none-eabi/lib/thumb/v7e-m+dp/hard\libc_nano.a(lib_a-mlock.o)
                0x0000000008005cb4                __malloc_lock
 .text.__malloc_unlock
                0x0000000008005cc0        0xc c:/st/stm32cubeide_1.9.0/stm32cubeide/plugins/com.st.stm32cube.ide.mcu.externaltools.gnu-tools-for-stm32.10.3-2021.10.win32_1.0.0.202111181127/tools/bin/../lib/gcc/arm-none-eabi/10.3.1/../../../../arm-none-eabi/lib/thumb/v7e-m+dp/hard\libc_nano.a(lib_a-mlock.o)
                0x0000000008005cc0                __malloc_unlock
 .text._raise_r
                0x0000000008005ccc       0x50 c:/st/stm32cubeide_1.9.0/stm32cubeide/plugins/com.st.stm32cube.ide.mcu.externaltools.gnu-tools-for-stm32.10.3-2021.10.win32_1.0.0.202111181127/tools/bin/../lib/gcc/arm-none-eabi/10.3.1/../../../../arm-none-eabi/lib/thumb/v7e-m+dp/hard\libc_nano.a(lib_a-signal.o)
                0x0000000008005ccc                _raise_r
 .text.raise    0x0000000008005d1c       0x10 c:/st/stm32cubeide_1.9.0/stm32cubeide/plugins/com.st.stm32cube.ide.mcu.externaltools.gnu-tools-for-stm32.10.3-2021.10.win32_1.0.0.202111181127/tools/bin/../lib/gcc/arm-none-eabi/10.3.1/../../../../arm-none-eabi/lib/thumb/v7e-m+dp/hard\libc_nano.a(lib_a-signal.o)
                0x0000000008005d1c                raise
 .text._kill_r  0x0000000008005d2c       0x24 c:/st/stm32cubeide_1.9.0/stm32cubeide/plugins/com.st.stm32cube.ide.mcu.externaltools.gnu-tools-for-stm32.10.3-2021.10.win32_1.0.0.202111181127/tools/bin/../lib/gcc/arm-none-eabi/10.3.1/../../../../arm-none-eabi/lib/thumb/v7e-m+dp/hard\libc_nano.a(lib_a-signalr.o)
                0x0000000008005d2c                _kill_r
 .text._getpid_r
                0x0000000008005d50        0x4 c:/st/stm32cubeide_1.9.0/stm32cubeide/plugins/com.st.stm32cube.ide.mcu.externaltools.gnu-tools-for-stm32.10.3-2021.10.win32_1.0.0.202111181127/tools/bin/../lib/gcc/arm-none-eabi/10.3.1/../../../../arm-none-eabi/lib/thumb/v7e-m+dp/hard\libc_nano.a(lib_a-signalr.o)
                0x0000000008005d50                _getpid_r
 .text.__sread  0x0000000008005d54       0x22 c:/st/stm32cubeide_1.9.0/stm32cubeide/plugins/com.st.stm32cube.ide.mcu.externaltools.gnu-tools-for-stm32.10.3-2021.10.win32_1.0.0.202111181127/tools/bin/../lib/gcc/arm-none-eabi/10.3.1/../../../../arm-none-eabi/lib/thumb/v7e-m+dp/hard\libc_nano.a(lib_a-stdio.o)
                0x0000000008005d54                __sread
 .text.__swrite
                0x0000000008005d76       0x38 c:/st/stm32cubeide_1.9.0/stm32cubeide/plugins/com.st.stm32cube.ide.mcu.externaltools.gnu-tools-for-stm32.10.3-2021.10.win32_1.0.0.202111181127/tools/bin/../lib/gcc/arm-none-eabi/10.3.1/../../../../arm-none-eabi/lib/thumb/v7e-m+dp/hard\libc_nano.a(lib_a-stdio.o)
                0x0000000008005d76                __swrite
 .text.__sseek  0x0000000008005dae       0x24 c:/st/stm32cubeide_1.9.0/stm32cubeide/plugins/com.st.stm32cube.ide.mcu.externaltools.gnu-tools-for-stm32.10.3-2021.10.win32_1.0.0.202111181127/tools/bin/../lib/gcc/arm-none-eabi/10.3.1/../../../../arm-none-eabi/lib/thumb/v7e-m+dp/hard\libc_nano.a(lib_a-stdio.o)
                0x0000000008005dae                __sseek
 .text.__sclose
                0x0000000008005dd2        0x8 c:/st/stm32cubeide_1.9.0/stm32cubeide/plugins/com.st.stm32cube.ide.mcu.externaltools.gnu-tools-for-stm32.10.3-2021.10.win32_1.0.0.202111181127/tools/bin/../lib/gcc/arm-none-eabi/10.3.1/../../../../arm-none-eabi/lib/thumb/v7e-m+dp/hard\libc_nano.a(lib_a-stdio.o)
                0x0000000008005dd2                __sclose
 *fill*         0x0000000008005dda        0x2 
 .text._write_r
                0x0000000008005ddc       0x24 c:/st/stm32cubeide_1.9.0/stm32cubeide/plugins/com.st.stm32cube.ide.mcu.externaltools.gnu-tools-for-stm32.10.3-2021.10.win32_1.0.0.202111181127/tools/bin/../lib/gcc/arm-none-eabi/10.3.1/../../../../arm-none-eabi/lib/thumb/v7e-m+dp/hard\libc_nano.a(lib_a-writer.o)
                0x0000000008005ddc                _write_r
 .text._close_r
                0x0000000008005e00       0x20 c:/st/stm32cubeide_1.9.0/stm32cubeide/plugins/com.st.stm32cube.ide.mcu.externaltools.gnu-tools-for-stm32.10.3-2021.10.win32_1.0.0.202111181127/tools/bin/../lib/gcc/arm-none-eabi/10.3.1/../../../../arm-none-eabi/lib/thumb/v7e-m+dp/hard\libc_nano.a(lib_a-closer.o)
                0x0000000008005e00                _close_r
 .text._fstat_r
                0x0000000008005e20       0x24 c:/st/stm32cubeide_1.9.0/stm32cubeide/plugins/com.st.stm32cube.ide.mcu.externaltools.gnu-tools-for-stm32.10.3-2021.10.win32_1.0.0.202111181127/tools/bin/../lib/gcc/arm-none-eabi/10.3.1/../../../../arm-none-eabi/lib/thumb/v7e-m+dp/hard\libc_nano.a(lib_a-fstatr.o)
                0x0000000008005e20                _fstat_r
 .text._isatty_r
                0x0000000008005e44       0x20 c:/st/stm32cubeide_1.9.0/stm32cubeide/plugins/com.st.stm32cube.ide.mcu.externaltools.gnu-tools-for-stm32.10.3-2021.10.win32_1.0.0.202111181127/tools/bin/../lib/gcc/arm-none-eabi/10.3.1/../../../../arm-none-eabi/lib/thumb/v7e-m+dp/hard\libc_nano.a(lib_a-isattyr.o)
                0x0000000008005e44                _isatty_r
 .text._lseek_r
                0x0000000008005e64       0x24 c:/st/stm32cubeide_1.9.0/stm32cubeide/plugins/com.st.stm32cube.ide.mcu.externaltools.gnu-tools-for-stm32.10.3-2021.10.win32_1.0.0.202111181127/tools/bin/../lib/gcc/arm-none-eabi/10.3.1/../../../../arm-none-eabi/lib/thumb/v7e-m+dp/hard\libc_nano.a(lib_a-lseekr.o)
                0x0000000008005e64                _lseek_r
 .text._read_r  0x0000000008005e88       0x24 c:/st/stm32cubeide_1.9.0/stm32cubeide/plugins/com.st.stm32cube.ide.mcu.externaltools.gnu-tools-for-stm32.10.3-2021.10.win32_1.0.0.202111181127/tools/bin/../lib/gcc/arm-none-eabi/10.3.1/../../../../arm-none-eabi/lib/thumb/v7e-m+dp/hard\libc_nano.a(lib_a-readr.o)
                0x0000000008005e88                _read_r
 *(.glue_7)
 .glue_7        0x0000000008005eac        0x0 linker stubs
 *(.glue_7t)
 .glue_7t       0x0000000008005eac        0x0 linker stubs
 *(.eh_frame)
 .eh_frame      0x0000000008005eac        0x0 c:/st/stm32cubeide_1.9.0/stm32cubeide/plugins/com.st.stm32cube.ide.mcu.externaltools.gnu-tools-for-stm32.10.3-2021.10.win32_1.0.0.202111181127/tools/bin/../lib/gcc/arm-none-eabi/10.3.1/thumb/v7e-m+dp/hard/crtbegin.o
 *(.init)
 .init          0x0000000008005eac        0x4 c:/st/stm32cubeide_1.9.0/stm32cubeide/plugins/com.st.stm32cube.ide.mcu.externaltools.gnu-tools-for-stm32.10.3-2021.10.win32_1.0.0.202111181127/tools/bin/../lib/gcc/arm-none-eabi/10.3.1/thumb/v7e-m+dp/hard/crti.o
                0x0000000008005eac                _init
 .init          0x0000000008005eb0        0x8 c:/st/stm32cubeide_1.9.0/stm32cubeide/plugins/com.st.stm32cube.ide.mcu.externaltools.gnu-tools-for-stm32.10.3-2021.10.win32_1.0.0.202111181127/tools/bin/../lib/gcc/arm-none-eabi/10.3.1/thumb/v7e-m+dp/hard/crtn.o
 *(.fini)
 .fini          0x0000000008005eb8        0x4 c:/st/stm32cubeide_1.9.0/stm32cubeide/plugins/com.st.stm32cube.ide.mcu.externaltools.gnu-tools-for-stm32.10.3-2021.10.win32_1.0.0.202111181127/tools/bin/../lib/gcc/arm-none-eabi/10.3.1/thumb/v7e-m+dp/hard/crti.o
                0x0000000008005eb8                _fini
 .fini          0x0000000008005ebc        0x8 c:/st/stm32cubeide_1.9.0/stm32cubeide/plugins/com.st.stm32cube.ide.mcu.externaltools.gnu-tools-for-stm32.10.3-2021.10.win32_1.0.0.202111181127/tools/bin/../lib/gcc/arm-none-eabi/10.3.1/thumb/v7e-m+dp/hard/crtn.o
                0x0000000008005ec4                . = ALIGN (0x4)
                0x0000000008005ec4                _etext = .

.vfp11_veneer   0x0000000008005ec4        0x0
 .vfp11_veneer  0x0000000008005ec4        0x0 linker stubs

.v4_bx          0x0000000008005ec4        0x0
 .v4_bx         0x0000000008005ec4        0x0 linker stubs

.iplt           0x0000000008005ec4        0x0
 .iplt          0x0000000008005ec4        0x0 c:/st/stm32cubeide_1.9.0/stm32cubeide/plugins/com.st.stm32cube.ide.mcu.externaltools.gnu-tools-for-stm32.10.3-2021.10.win32_1.0.0.202111181127/tools/bin/../lib/gcc/arm-none-eabi/10.3.1/thumb/v7e-m+dp/hard/crtbegin.o

.rodata         0x0000000008005ec4      0x328
                0x0000000008005ec4                . = ALIGN (0x4)
 *(.rodata)
 .rodata        0x0000000008005ec4        0xd ./Core/Src/main.o
 *fill*         0x0000000008005ed1        0x3 
 .rodata        0x0000000008005ed4       0xb4 ./Middlewares/Third_Party/OpenAMP/device.o
 .rodata        0x0000000008005f88       0xe6 ./Middlewares/Third_Party/OpenAMP/remoteproc_virtio.o
 *fill*         0x000000000800606e        0x2 
 .rodata        0x0000000008006070       0x13 ./Middlewares/Third_Party/OpenAMP/rpmsg_virtio.o
 *fill*         0x0000000008006083        0x1 
 .rodata        0x0000000008006084       0x1d ./OPENAMP/openamp.o
 *(.rodata*)
 *fill*         0x00000000080060a1        0x3 
 .rodata.D1CorePrescTable
                0x00000000080060a4       0x10 ./Common/Src/system_stm32h7xx_dualcore_boot_cm4_cm7.o
                0x00000000080060a4                D1CorePrescTable
 .rodata.remoteproc_virtio_dispatch_funcs
                0x00000000080060b4       0x24 ./Middlewares/Third_Party/OpenAMP/remoteproc_virtio.o
                0x00000000080060b4                remoteproc_virtio_dispatch_funcs
 .rodata.__func__.2
                0x00000000080060d8       0x1e ./Middlewares/Third_Party/OpenAMP/remoteproc_virtio.o
 *fill*         0x00000000080060f6        0x2 
 .rodata.__func__.1
                0x00000000080060f8        0xe ./Middlewares/Third_Party/OpenAMP/remoteproc_virtio.o
 *fill*         0x0000000008006106        0x2 
 .rodata.__func__.0
                0x0000000008006108        0xf ./Middlewares/Third_Party/OpenAMP/remoteproc_virtio.o
 .rodata.__assert_func.str1.1
                0x0000000008006117       0x3c c:/st/stm32cubeide_1.9.0/stm32cubeide/plugins/com.st.stm32cube.ide.mcu.externaltools.gnu-tools-for-stm32.10.3-2021.10.win32_1.0.0.202111181127/tools/bin/../lib/gcc/arm-none-eabi/10.3.1/../../../../arm-none-eabi/lib/thumb/v7e-m+dp/hard\libc_nano.a(lib_a-assert.o)
                                         0x3d (size before relaxing)
 *fill*         0x0000000008006153        0x1 
 .rodata._global_impure_ptr
                0x0000000008006154        0x4 c:/st/stm32cubeide_1.9.0/stm32cubeide/plugins/com.st.stm32cube.ide.mcu.externaltools.gnu-tools-for-stm32.10.3-2021.10.win32_1.0.0.202111181127/tools/bin/../lib/gcc/arm-none-eabi/10.3.1/../../../../arm-none-eabi/lib/thumb/v7e-m+dp/hard\libc_nano.a(lib_a-impure.o)
                0x0000000008006154                _global_impure_ptr
 .rodata._vfprintf_r.str1.1
                0x0000000008006158       0x11 c:/st/stm32cubeide_1.9.0/stm32cubeide/plugins/com.st.stm32cube.ide.mcu.externaltools.gnu-tools-for-stm32.10.3-2021.10.win32_1.0.0.202111181127/tools/bin/../lib/gcc/arm-none-eabi/10.3.1/../../../../arm-none-eabi/lib/thumb/v7e-m+dp/hard\libc_nano.a(lib_a-nano-vfprintf.o)
 .rodata._printf_i.str1.1
                0x0000000008006169       0x22 c:/st/stm32cubeide_1.9.0/stm32cubeide/plugins/com.st.stm32cube.ide.mcu.externaltools.gnu-tools-for-stm32.10.3-2021.10.win32_1.0.0.202111181127/tools/bin/../lib/gcc/arm-none-eabi/10.3.1/../../../../arm-none-eabi/lib/thumb/v7e-m+dp/hard\libc_nano.a(lib_a-nano-vfprintf_i.o)
 *fill*         0x000000000800618b        0x1 
 .rodata.__sf_fake_stderr
                0x000000000800618c       0x20 c:/st/stm32cubeide_1.9.0/stm32cubeide/plugins/com.st.stm32cube.ide.mcu.externaltools.gnu-tools-for-stm32.10.3-2021.10.win32_1.0.0.202111181127/tools/bin/../lib/gcc/arm-none-eabi/10.3.1/../../../../arm-none-eabi/lib/thumb/v7e-m+dp/hard\libc_nano.a(lib_a-findfp.o)
                0x000000000800618c                __sf_fake_stderr
 .rodata.__sf_fake_stdin
                0x00000000080061ac       0x20 c:/st/stm32cubeide_1.9.0/stm32cubeide/plugins/com.st.stm32cube.ide.mcu.externaltools.gnu-tools-for-stm32.10.3-2021.10.win32_1.0.0.202111181127/tools/bin/../lib/gcc/arm-none-eabi/10.3.1/../../../../arm-none-eabi/lib/thumb/v7e-m+dp/hard\libc_nano.a(lib_a-findfp.o)
                0x00000000080061ac                __sf_fake_stdin
 .rodata.__sf_fake_stdout
                0x00000000080061cc       0x20 c:/st/stm32cubeide_1.9.0/stm32cubeide/plugins/com.st.stm32cube.ide.mcu.externaltools.gnu-tools-for-stm32.10.3-2021.10.win32_1.0.0.202111181127/tools/bin/../lib/gcc/arm-none-eabi/10.3.1/../../../../arm-none-eabi/lib/thumb/v7e-m+dp/hard\libc_nano.a(lib_a-findfp.o)
                0x00000000080061cc                __sf_fake_stdout
                0x00000000080061ec                . = ALIGN (0x4)

.rel.dyn        0x00000000080061ec        0x0
 .rel.iplt      0x00000000080061ec        0x0 c:/st/stm32cubeide_1.9.0/stm32cubeide/plugins/com.st.stm32cube.ide.mcu.externaltools.gnu-tools-for-stm32.10.3-2021.10.win32_1.0.0.202111181127/tools/bin/../lib/gcc/arm-none-eabi/10.3.1/thumb/v7e-m+dp/hard/crtbegin.o

.ARM.extab      0x00000000080061ec        0x0
                0x00000000080061ec                . = ALIGN (0x4)
 *(.ARM.extab* .gnu.linkonce.armextab.*)
                0x00000000080061ec                . = ALIGN (0x4)

.ARM            0x00000000080061ec        0x0
                0x00000000080061ec                . = ALIGN (0x4)
                0x00000000080061ec                __exidx_start = .
 *(.ARM.exidx*)
                0x00000000080061ec                __exidx_end = .
                0x00000000080061ec                . = ALIGN (0x4)

.preinit_array  0x00000000080061ec        0x0
                0x00000000080061ec                . = ALIGN (0x4)
                0x00000000080061ec                PROVIDE (__preinit_array_start = .)
 *(.preinit_array*)
                0x00000000080061ec                PROVIDE (__preinit_array_end = .)
                0x00000000080061ec                . = ALIGN (0x4)

.init_array     0x00000000080061ec        0x4
                0x00000000080061ec                . = ALIGN (0x4)
                0x00000000080061ec                PROVIDE (__init_array_start = .)
 *(SORT_BY_NAME(.init_array.*))
 *(.init_array*)
 .init_array    0x00000000080061ec        0x4 c:/st/stm32cubeide_1.9.0/stm32cubeide/plugins/com.st.stm32cube.ide.mcu.externaltools.gnu-tools-for-stm32.10.3-2021.10.win32_1.0.0.202111181127/tools/bin/../lib/gcc/arm-none-eabi/10.3.1/thumb/v7e-m+dp/hard/crtbegin.o
                0x00000000080061f0                PROVIDE (__init_array_end = .)
                0x00000000080061f0                . = ALIGN (0x4)

.fini_array     0x00000000080061f0        0x4
                0x00000000080061f0                . = ALIGN (0x4)
                [!provide]                        PROVIDE (__fini_array_start = .)
 *(SORT_BY_NAME(.fini_array.*))
 *(.fini_array*)
 .fini_array    0x00000000080061f0        0x4 c:/st/stm32cubeide_1.9.0/stm32cubeide/plugins/com.st.stm32cube.ide.mcu.externaltools.gnu-tools-for-stm32.10.3-2021.10.win32_1.0.0.202111181127/tools/bin/../lib/gcc/arm-none-eabi/10.3.1/thumb/v7e-m+dp/hard/crtbegin.o
                [!provide]                        PROVIDE (__fini_array_end = .)
                0x00000000080061f4                . = ALIGN (0x4)
                0x00000000080061f4                _sidata = LOADADDR (.data)

.data           0x0000000024000000      0x138 load address 0x00000000080061f4
                0x0000000024000000                . = ALIGN (0x4)
                0x0000000024000000                _sdata = .
 *(.data)
 *(.data*)
 .data.SystemCoreClock
                0x0000000024000000        0x4 ./Common/Src/system_stm32h7xx_dualcore_boot_cm4_cm7.o
                0x0000000024000000                SystemCoreClock
 .data.SystemD2Clock
                0x0000000024000004        0x4 ./Common/Src/system_stm32h7xx_dualcore_boot_cm4_cm7.o
                0x0000000024000004                SystemD2Clock
 .data.str2cm4  0x0000000024000008       0x19 ./Core/Src/main.o
                0x0000000024000008                str2cm4
 *fill*         0x0000000024000021        0x3 
 .data.uwTickPrio
                0x0000000024000024        0x4 ./Drivers/STM32H7xx_HAL_Driver/stm32h7xx_hal.o
                0x0000000024000024                uwTickPrio
 .data.uwTickFreq
                0x0000000024000028        0x1 ./Drivers/STM32H7xx_HAL_Driver/stm32h7xx_hal.o
                0x0000000024000028                uwTickFreq
 *fill*         0x0000000024000029        0x3 
 .data.metal_generic_bus
                0x000000002400002c       0x2c ./Middlewares/Third_Party/OpenAMP/device.o
                0x000000002400002c                metal_generic_bus
 .data.shm_device
                0x0000000024000058       0x7c ./OPENAMP/openamp.o
                0x0000000024000058                shm_device
 .data._impure_ptr
                0x00000000240000d4        0x4 c:/st/stm32cubeide_1.9.0/stm32cubeide/plugins/com.st.stm32cube.ide.mcu.externaltools.gnu-tools-for-stm32.10.3-2021.10.win32_1.0.0.202111181127/tools/bin/../lib/gcc/arm-none-eabi/10.3.1/../../../../arm-none-eabi/lib/thumb/v7e-m+dp/hard\libc_nano.a(lib_a-impure.o)
                0x00000000240000d4                _impure_ptr
 .data.impure_data
                0x00000000240000d8       0x60 c:/st/stm32cubeide_1.9.0/stm32cubeide/plugins/com.st.stm32cube.ide.mcu.externaltools.gnu-tools-for-stm32.10.3-2021.10.win32_1.0.0.202111181127/tools/bin/../lib/gcc/arm-none-eabi/10.3.1/../../../../arm-none-eabi/lib/thumb/v7e-m+dp/hard\libc_nano.a(lib_a-impure.o)
 *(.RamFunc)
 *(.RamFunc*)
                0x0000000024000138                . = ALIGN (0x4)
                0x0000000024000138                _edata = .

.igot.plt       0x0000000024000138        0x0 load address 0x000000000800632c
 .igot.plt      0x0000000024000138        0x0 c:/st/stm32cubeide_1.9.0/stm32cubeide/plugins/com.st.stm32cube.ide.mcu.externaltools.gnu-tools-for-stm32.10.3-2021.10.win32_1.0.0.202111181127/tools/bin/../lib/gcc/arm-none-eabi/10.3.1/thumb/v7e-m+dp/hard/crtbegin.o
                0x0000000024000138                . = ALIGN (0x4)

.bss            0x0000000024000138      0x138 load address 0x000000000800632c
                0x0000000024000138                _sbss = .
                0x0000000024000138                __bss_start__ = _sbss
 *(.bss)
 .bss           0x0000000024000138       0x1c c:/st/stm32cubeide_1.9.0/stm32cubeide/plugins/com.st.stm32cube.ide.mcu.externaltools.gnu-tools-for-stm32.10.3-2021.10.win32_1.0.0.202111181127/tools/bin/../lib/gcc/arm-none-eabi/10.3.1/thumb/v7e-m+dp/hard/crtbegin.o
 *(.bss*)
 .bss.message_received
                0x0000000024000154        0x4 ./Core/Src/main.o
 .bss.service_created
                0x0000000024000158        0x4 ./Core/Src/main.o
 .bss.received_data_str
                0x000000002400015c        0x4 ./Core/Src/main.o
                0x000000002400015c                received_data_str
 .bss.rp_endpoint
                0x0000000024000160       0x40 ./Core/Src/main.o
 .bss.__sbrk_heap_end
                0x00000000240001a0        0x4 ./Core/Src/sysmem.o
 .bss.uwTick    0x00000000240001a4        0x4 ./Drivers/STM32H7xx_HAL_Driver/stm32h7xx_hal.o
                0x00000000240001a4                uwTick
 .bss._metal    0x00000000240001a8       0x20 ./Middlewares/Third_Party/OpenAMP/generic_init.o
                0x00000000240001a8                _metal
 .bss.msg_received
                0x00000000240001c8        0x4 ./OPENAMP/mbox_hsem.o
 .bss.shm_io    0x00000000240001cc        0x4 ./OPENAMP/openamp.o
 .bss.rsc_io    0x00000000240001d0        0x4 ./OPENAMP/openamp.o
 .bss.rsc_table
                0x00000000240001d4        0x4 ./OPENAMP/openamp.o
 .bss.shpool    0x00000000240001d8        0xc ./OPENAMP/openamp.o
 .bss.rvdev     0x00000000240001e4       0x78 ./OPENAMP/openamp.o
 .bss.shm_physmap
                0x000000002400025c        0x4 ./OPENAMP/openamp.o
 .bss.__malloc_free_list
                0x0000000024000260        0x4 c:/st/stm32cubeide_1.9.0/stm32cubeide/plugins/com.st.stm32cube.ide.mcu.externaltools.gnu-tools-for-stm32.10.3-2021.10.win32_1.0.0.202111181127/tools/bin/../lib/gcc/arm-none-eabi/10.3.1/../../../../arm-none-eabi/lib/thumb/v7e-m+dp/hard\libc_nano.a(lib_a-nano-mallocr.o)
                0x0000000024000260                __malloc_free_list
 .bss.__malloc_sbrk_start
                0x0000000024000264        0x4 c:/st/stm32cubeide_1.9.0/stm32cubeide/plugins/com.st.stm32cube.ide.mcu.externaltools.gnu-tools-for-stm32.10.3-2021.10.win32_1.0.0.202111181127/tools/bin/../lib/gcc/arm-none-eabi/10.3.1/../../../../arm-none-eabi/lib/thumb/v7e-m+dp/hard\libc_nano.a(lib_a-nano-mallocr.o)
                0x0000000024000264                __malloc_sbrk_start
 .bss.errno     0x0000000024000268        0x4 c:/st/stm32cubeide_1.9.0/stm32cubeide/plugins/com.st.stm32cube.ide.mcu.externaltools.gnu-tools-for-stm32.10.3-2021.10.win32_1.0.0.202111181127/tools/bin/../lib/gcc/arm-none-eabi/10.3.1/../../../../arm-none-eabi/lib/thumb/v7e-m+dp/hard\libc_nano.a(lib_a-reent.o)
                0x0000000024000268                errno
 .bss.__lock___malloc_recursive_mutex
                0x000000002400026c        0x1 c:/st/stm32cubeide_1.9.0/stm32cubeide/plugins/com.st.stm32cube.ide.mcu.externaltools.gnu-tools-for-stm32.10.3-2021.10.win32_1.0.0.202111181127/tools/bin/../lib/gcc/arm-none-eabi/10.3.1/../../../../arm-none-eabi/lib/thumb/v7e-m+dp/hard\libc_nano.a(lib_a-lock.o)
                0x000000002400026c                __lock___malloc_recursive_mutex
 .bss.__lock___sfp_recursive_mutex
                0x000000002400026d        0x1 c:/st/stm32cubeide_1.9.0/stm32cubeide/plugins/com.st.stm32cube.ide.mcu.externaltools.gnu-tools-for-stm32.10.3-2021.10.win32_1.0.0.202111181127/tools/bin/../lib/gcc/arm-none-eabi/10.3.1/../../../../arm-none-eabi/lib/thumb/v7e-m+dp/hard\libc_nano.a(lib_a-lock.o)
                0x000000002400026d                __lock___sfp_recursive_mutex
 .bss.__lock___sinit_recursive_mutex
                0x000000002400026e        0x1 c:/st/stm32cubeide_1.9.0/stm32cubeide/plugins/com.st.stm32cube.ide.mcu.externaltools.gnu-tools-for-stm32.10.3-2021.10.win32_1.0.0.202111181127/tools/bin/../lib/gcc/arm-none-eabi/10.3.1/../../../../arm-none-eabi/lib/thumb/v7e-m+dp/hard\libc_nano.a(lib_a-lock.o)
                0x000000002400026e                __lock___sinit_recursive_mutex
 *(COMMON)
                0x0000000024000270                . = ALIGN (0x4)
 *fill*         0x000000002400026f        0x1 
                0x0000000024000270                _ebss = .
                0x0000000024000270                __bss_end__ = _ebss

._user_heap_stack
                0x0000000024000270      0x600 load address 0x000000000800632c
                0x0000000024000270                . = ALIGN (0x8)
                [!provide]                        PROVIDE (end = .)
                0x0000000024000270                PROVIDE (_end = .)
                0x0000000024000470                . = (. + _Min_Heap_Size)
 *fill*         0x0000000024000270      0x200 
                0x0000000024000870                . = (. + _Min_Stack_Size)
 *fill*         0x0000000024000470      0x400 
                0x0000000024000870                . = ALIGN (0x8)

.openamp_section
                0x0000000038000000       0x8c load address 0x000000000800632c
                0x0000000038000000                . = ABSOLUTE (0x38000000)
 *(.resource_table)
 .resource_table
                0x0000000038000000       0x8c ./OPENAMP/rsc_table.o
                0x0000000038000000                resource_table

/DISCARD/
 libc.a(*)
 libm.a(*)
 libgcc.a(*)

.ARM.attributes
                0x0000000000000000       0x2e
 *(.ARM.attributes)
 .ARM.attributes
                0x0000000000000000       0x1e c:/st/stm32cubeide_1.9.0/stm32cubeide/plugins/com.st.stm32cube.ide.mcu.externaltools.gnu-tools-for-stm32.10.3-2021.10.win32_1.0.0.202111181127/tools/bin/../lib/gcc/arm-none-eabi/10.3.1/thumb/v7e-m+dp/hard/crti.o
 .ARM.attributes
                0x000000000000001e       0x32 c:/st/stm32cubeide_1.9.0/stm32cubeide/plugins/com.st.stm32cube.ide.mcu.externaltools.gnu-tools-for-stm32.10.3-2021.10.win32_1.0.0.202111181127/tools/bin/../lib/gcc/arm-none-eabi/10.3.1/thumb/v7e-m+dp/hard/crtbegin.o
 .ARM.attributes
                0x0000000000000050       0x32 ./Common/Src/system_stm32h7xx_dualcore_boot_cm4_cm7.o
 .ARM.attributes
                0x0000000000000082       0x32 ./Core/Src/main.o
 .ARM.attributes
                0x00000000000000b4       0x32 ./Core/Src/stm32h7xx_hal_msp.o
 .ARM.attributes
                0x00000000000000e6       0x32 ./Core/Src/stm32h7xx_it.o
 .ARM.attributes
                0x0000000000000118       0x32 ./Core/Src/syscalls.o
 .ARM.attributes
                0x000000000000014a       0x32 ./Core/Src/sysmem.o
 .ARM.attributes
                0x000000000000017c       0x21 ./Core/Startup/startup_stm32h747xihx.o
 .ARM.attributes
                0x000000000000019d       0x32 ./Drivers/STM32H7xx_HAL_Driver/stm32h7xx_hal.o
 .ARM.attributes
                0x00000000000001cf       0x32 ./Drivers/STM32H7xx_HAL_Driver/stm32h7xx_hal_cortex.o
 .ARM.attributes
                0x0000000000000201       0x32 ./Drivers/STM32H7xx_HAL_Driver/stm32h7xx_hal_hsem.o
 .ARM.attributes
                0x0000000000000233       0x32 ./Drivers/STM32H7xx_HAL_Driver/stm32h7xx_hal_pwr_ex.o
 .ARM.attributes
                0x0000000000000265       0x32 ./Drivers/STM32H7xx_HAL_Driver/stm32h7xx_hal_rcc.o
 .ARM.attributes
                0x0000000000000297       0x32 ./Middlewares/Third_Party/OpenAMP/device.o
 .ARM.attributes
                0x00000000000002c9       0x32 ./Middlewares/Third_Party/OpenAMP/generic_device.o
 .ARM.attributes
                0x00000000000002fb       0x32 ./Middlewares/Third_Party/OpenAMP/generic_init.o
 .ARM.attributes
                0x000000000000032d       0x32 ./Middlewares/Third_Party/OpenAMP/generic_io.o
 .ARM.attributes
                0x000000000000035f       0x32 ./Middlewares/Third_Party/OpenAMP/init.o
 .ARM.attributes
                0x0000000000000391       0x32 ./Middlewares/Third_Party/OpenAMP/io.o
 .ARM.attributes
                0x00000000000003c3       0x32 ./Middlewares/Third_Party/OpenAMP/log.o
 .ARM.attributes
                0x00000000000003f5       0x32 ./Middlewares/Third_Party/OpenAMP/remoteproc_virtio.o
 .ARM.attributes
                0x0000000000000427       0x32 ./Middlewares/Third_Party/OpenAMP/rpmsg.o
 .ARM.attributes
                0x0000000000000459       0x32 ./Middlewares/Third_Party/OpenAMP/rpmsg_virtio.o
 .ARM.attributes
                0x000000000000048b       0x32 ./Middlewares/Third_Party/OpenAMP/sys.o
 .ARM.attributes
                0x00000000000004bd       0x32 ./Middlewares/Third_Party/OpenAMP/virtio.o
 .ARM.attributes
                0x00000000000004ef       0x32 ./Middlewares/Third_Party/OpenAMP/virtqueue.o
 .ARM.attributes
                0x0000000000000521       0x32 ./OPENAMP/mbox_hsem.o
 .ARM.attributes
                0x0000000000000553       0x32 ./OPENAMP/openamp.o
 .ARM.attributes
                0x0000000000000585       0x32 ./OPENAMP/rsc_table.o
 .ARM.attributes
                0x00000000000005b7       0x32 c:/st/stm32cubeide_1.9.0/stm32cubeide/plugins/com.st.stm32cube.ide.mcu.externaltools.gnu-tools-for-stm32.10.3-2021.10.win32_1.0.0.202111181127/tools/bin/../lib/gcc/arm-none-eabi/10.3.1/../../../../arm-none-eabi/lib/thumb/v7e-m+dp/hard\libc_nano.a(lib_a-assert.o)
 .ARM.attributes
                0x00000000000005e9       0x32 c:/st/stm32cubeide_1.9.0/stm32cubeide/plugins/com.st.stm32cube.ide.mcu.externaltools.gnu-tools-for-stm32.10.3-2021.10.win32_1.0.0.202111181127/tools/bin/../lib/gcc/arm-none-eabi/10.3.1/../../../../arm-none-eabi/lib/thumb/v7e-m+dp/hard\libc_nano.a(lib_a-fprintf.o)
 .ARM.attributes
                0x000000000000061b       0x32 c:/st/stm32cubeide_1.9.0/stm32cubeide/plugins/com.st.stm32cube.ide.mcu.externaltools.gnu-tools-for-stm32.10.3-2021.10.win32_1.0.0.202111181127/tools/bin/../lib/gcc/arm-none-eabi/10.3.1/../../../../arm-none-eabi/lib/thumb/v7e-m+dp/hard\libc_nano.a(lib_a-impure.o)
 .ARM.attributes
                0x000000000000064d       0x32 c:/st/stm32cubeide_1.9.0/stm32cubeide/plugins/com.st.stm32cube.ide.mcu.externaltools.gnu-tools-for-stm32.10.3-2021.10.win32_1.0.0.202111181127/tools/bin/../lib/gcc/arm-none-eabi/10.3.1/../../../../arm-none-eabi/lib/thumb/v7e-m+dp/hard\libc_nano.a(lib_a-init.o)
 .ARM.attributes
                0x000000000000067f       0x32 c:/st/stm32cubeide_1.9.0/stm32cubeide/plugins/com.st.stm32cube.ide.mcu.externaltools.gnu-tools-for-stm32.10.3-2021.10.win32_1.0.0.202111181127/tools/bin/../lib/gcc/arm-none-eabi/10.3.1/../../../../arm-none-eabi/lib/thumb/v7e-m+dp/hard\libc_nano.a(lib_a-malloc.o)
 .ARM.attributes
                0x00000000000006b1       0x32 c:/st/stm32cubeide_1.9.0/stm32cubeide/plugins/com.st.stm32cube.ide.mcu.externaltools.gnu-tools-for-stm32.10.3-2021.10.win32_1.0.0.202111181127/tools/bin/../lib/gcc/arm-none-eabi/10.3.1/../../../../arm-none-eabi/lib/thumb/v7e-m+dp/hard\libc_nano.a(lib_a-memcpy-stub.o)
 .ARM.attributes
                0x00000000000006e3       0x32 c:/st/stm32cubeide_1.9.0/stm32cubeide/plugins/com.st.stm32cube.ide.mcu.externaltools.gnu-tools-for-stm32.10.3-2021.10.win32_1.0.0.202111181127/tools/bin/../lib/gcc/arm-none-eabi/10.3.1/../../../../arm-none-eabi/lib/thumb/v7e-m+dp/hard\libc_nano.a(lib_a-memset.o)
 .ARM.attributes
                0x0000000000000715       0x32 c:/st/stm32cubeide_1.9.0/stm32cubeide/plugins/com.st.stm32cube.ide.mcu.externaltools.gnu-tools-for-stm32.10.3-2021.10.win32_1.0.0.202111181127/tools/bin/../lib/gcc/arm-none-eabi/10.3.1/../../../../arm-none-eabi/lib/thumb/v7e-m+dp/hard\libc_nano.a(lib_a-nano-freer.o)
 .ARM.attributes
                0x0000000000000747       0x32 c:/st/stm32cubeide_1.9.0/stm32cubeide/plugins/com.st.stm32cube.ide.mcu.externaltools.gnu-tools-for-stm32.10.3-2021.10.win32_1.0.0.202111181127/tools/bin/../lib/gcc/arm-none-eabi/10.3.1/../../../../arm-none-eabi/lib/thumb/v7e-m+dp/hard\libc_nano.a(lib_a-nano-mallocr.o)
 .ARM.attributes
                0x0000000000000779       0x32 c:/st/stm32cubeide_1.9.0/stm32cubeide/plugins/com.st.stm32cube.ide.mcu.externaltools.gnu-tools-for-stm32.10.3-2021.10.win32_1.0.0.202111181127/tools/bin/../lib/gcc/arm-none-eabi/10.3.1/../../../../arm-none-eabi/lib/thumb/v7e-m+dp/hard\libc_nano.a(lib_a-nano-vfprintf.o)
 .ARM.attributes