../../Middlewares/Third_Party/OpenAMP/open-amp/lib/include/openamp/rpmsg.h:147:19:rpmsg_send	32	static
../../Middlewares/Third_Party/OpenAMP/open-amp/lib/include/openamp/rpmsg.h:286:20:rpmsg_init_ept	24	static
../Core/Src/main.c:101:5:main	24	static,ignoring_inline_asm
../Core/Src/main.c:185:6:SystemClock_Config	120	static
../Core/Src/main.c:239:6:HAL_TIM_PeriodElapsedCallback	24	static
../Core/Src/main.c:257:13:OpenAMP_init	16	static
../Core/Src/main.c:271:12:rpmsg_recv_callback	24	static
../Core/Src/main.c:280:14:receive_message	8	static
../Core/Src/main.c:288:6:service_destroy_cb	16	static
../Core/Src/main.c:293:6:new_service_cb	32	static
../Core/Src/main.c:306:6:MPU_Config	24	static
../Core/Src/main.c:336:6:Error_Handler	4	static,ignoring_inline_asm
