Archive member included to satisfy reference by file (symbol)

c:/st/stm32cubeide_1.9.0/stm32cubeide/plugins/com.st.stm32cube.ide.mcu.externaltools.gnu-tools-for-stm32.10.3-2021.10.win32_1.0.0.202111181127/tools/bin/../lib/gcc/arm-none-eabi/10.3.1/../../../../arm-none-eabi/lib/thumb/v7e-m+fp/hard\libc_nano.a(lib_a-assert.o)
                              ./Middlewares/Third_Party/OpenAMP/device.o (__assert_func)
c:/st/stm32cubeide_1.9.0/stm32cubeide/plugins/com.st.stm32cube.ide.mcu.externaltools.gnu-tools-for-stm32.10.3-2021.10.win32_1.0.0.202111181127/tools/bin/../lib/gcc/arm-none-eabi/10.3.1/../../../../arm-none-eabi/lib/thumb/v7e-m+fp/hard\libc_nano.a(lib_a-exit.o)
                              c:/st/stm32cubeide_1.9.0/stm32cubeide/plugins/com.st.stm32cube.ide.mcu.externaltools.gnu-tools-for-stm32.10.3-2021.10.win32_1.0.0.202111181127/tools/bin/../lib/gcc/arm-none-eabi/10.3.1/../../../../arm-none-eabi/lib/thumb/v7e-m+fp/hard/crt0.o (exit)
c:/st/stm32cubeide_1.9.0/stm32cubeide/plugins/com.st.stm32cube.ide.mcu.externaltools.gnu-tools-for-stm32.10.3-2021.10.win32_1.0.0.202111181127/tools/bin/../lib/gcc/arm-none-eabi/10.3.1/../../../../arm-none-eabi/lib/thumb/v7e-m+fp/hard\libc_nano.a(lib_a-fprintf.o)
                              c:/st/stm32cubeide_1.9.0/stm32cubeide/plugins/com.st.stm32cube.ide.mcu.externaltools.gnu-tools-for-stm32.10.3-2021.10.win32_1.0.0.202111181127/tools/bin/../lib/gcc/arm-none-eabi/10.3.1/../../../../arm-none-eabi/lib/thumb/v7e-m+fp/hard\libc_nano.a(lib_a-assert.o) (fiprintf)
c:/st/stm32cubeide_1.9.0/stm32cubeide/plugins/com.st.stm32cube.ide.mcu.externaltools.gnu-tools-for-stm32.10.3-2021.10.win32_1.0.0.202111181127/tools/bin/../lib/gcc/arm-none-eabi/10.3.1/../../../../arm-none-eabi/lib/thumb/v7e-m+fp/hard\libc_nano.a(lib_a-impure.o)
                              c:/st/stm32cubeide_1.9.0/stm32cubeide/plugins/com.st.stm32cube.ide.mcu.externaltools.gnu-tools-for-stm32.10.3-2021.10.win32_1.0.0.202111181127/tools/bin/../lib/gcc/arm-none-eabi/10.3.1/../../../../arm-none-eabi/lib/thumb/v7e-m+fp/hard\libc_nano.a(lib_a-exit.o) (_global_impure_ptr)
c:/st/stm32cubeide_1.9.0/stm32cubeide/plugins/com.st.stm32cube.ide.mcu.externaltools.gnu-tools-for-stm32.10.3-2021.10.win32_1.0.0.202111181127/tools/bin/../lib/gcc/arm-none-eabi/10.3.1/../../../../arm-none-eabi/lib/thumb/v7e-m+fp/hard\libc_nano.a(lib_a-init.o)
                              c:/st/stm32cubeide_1.9.0/stm32cubeide/plugins/com.st.stm32cube.ide.mcu.externaltools.gnu-tools-for-stm32.10.3-2021.10.win32_1.0.0.202111181127/tools/bin/../lib/gcc/arm-none-eabi/10.3.1/../../../../arm-none-eabi/lib/thumb/v7e-m+fp/hard/crt0.o (__libc_init_array)
c:/st/stm32cubeide_1.9.0/stm32cubeide/plugins/com.st.stm32cube.ide.mcu.externaltools.gnu-tools-for-stm32.10.3-2021.10.win32_1.0.0.202111181127/tools/bin/../lib/gcc/arm-none-eabi/10.3.1/../../../../arm-none-eabi/lib/thumb/v7e-m+fp/hard\libc_nano.a(lib_a-malloc.o)
                              ./Middlewares/Third_Party/OpenAMP/remoteproc_virtio.o (malloc)
c:/st/stm32cubeide_1.9.0/stm32cubeide/plugins/com.st.stm32cube.ide.mcu.externaltools.gnu-tools-for-stm32.10.3-2021.10.win32_1.0.0.202111181127/tools/bin/../lib/gcc/arm-none-eabi/10.3.1/../../../../arm-none-eabi/lib/thumb/v7e-m+fp/hard\libc_nano.a(lib_a-memcpy-stub.o)
                              ./Middlewares/Third_Party/OpenAMP/device.o (memcpy)
c:/st/stm32cubeide_1.9.0/stm32cubeide/plugins/com.st.stm32cube.ide.mcu.externaltools.gnu-tools-for-stm32.10.3-2021.10.win32_1.0.0.202111181127/tools/bin/../lib/gcc/arm-none-eabi/10.3.1/../../../../arm-none-eabi/lib/thumb/v7e-m+fp/hard\libc_nano.a(lib_a-memset.o)
                              c:/st/stm32cubeide_1.9.0/stm32cubeide/plugins/com.st.stm32cube.ide.mcu.externaltools.gnu-tools-for-stm32.10.3-2021.10.win32_1.0.0.202111181127/tools/bin/../lib/gcc/arm-none-eabi/10.3.1/../../../../arm-none-eabi/lib/thumb/v7e-m+fp/hard/crt0.o (memset)
c:/st/stm32cubeide_1.9.0/stm32cubeide/plugins/com.st.stm32cube.ide.mcu.externaltools.gnu-tools-for-stm32.10.3-2021.10.win32_1.0.0.202111181127/tools/bin/../lib/gcc/arm-none-eabi/10.3.1/../../../../arm-none-eabi/lib/thumb/v7e-m+fp/hard\libc_nano.a(lib_a-nano-freer.o)
                              c:/st/stm32cubeide_1.9.0/stm32cubeide/plugins/com.st.stm32cube.ide.mcu.externaltools.gnu-tools-for-stm32.10.3-2021.10.win32_1.0.0.202111181127/tools/bin/../lib/gcc/arm-none-eabi/10.3.1/../../../../arm-none-eabi/lib/thumb/v7e-m+fp/hard\libc_nano.a(lib_a-malloc.o) (_free_r)
c:/st/stm32cubeide_1.9.0/stm32cubeide/plugins/com.st.stm32cube.ide.mcu.externaltools.gnu-tools-for-stm32.10.3-2021.10.win32_1.0.0.202111181127/tools/bin/../lib/gcc/arm-none-eabi/10.3.1/../../../../arm-none-eabi/lib/thumb/v7e-m+fp/hard\libc_nano.a(lib_a-nano-mallocr.o)
[...]
Memory Configuration

Name             Origin             Length             Attributes
FLASH            0x0000000008100000 0x0000000000100000 xr
RAM              0x0000000010000000 0x0000000000048000 xrw
OPENAMP_RSC_TAB  0x0000000038000000 0x0000000000000400 xrw
OPEN_AMP_SHMEM   0x0000000038000400 0x000000000000fc00 xrw
*default*        0x0000000000000000 0xffffffffffffffff

Linker script and memory map

LOAD c:/st/stm32cubeide_1.9.0/stm32cubeide/plugins/com.st.stm32cube.ide.mcu.externaltools.gnu-tools-for-stm32.10.3-2021.10.win32_1.0.0.202111181127/tools/bin/../lib/gcc/arm-none-eabi/10.3.1/thumb/v7e-m+fp/hard/crti.o
LOAD c:/st/stm32cubeide_1.9.0/stm32cubeide/plugins/com.st.stm32cube.ide.mcu.externaltools.gnu-tools-for-stm32.10.3-2021.10.win32_1.0.0.202111181127/tools/bin/../lib/gcc/arm-none-eabi/10.3.1/thumb/v7e-m+fp/hard/crtbegin.o
LOAD c:/st/stm32cubeide_1.9.0/stm32cubeide/plugins/com.st.stm32cube.ide.mcu.externaltools.gnu-tools-for-stm32.10.3-2021.10.win32_1.0.0.202111181127/tools/bin/../lib/gcc/arm-none-eabi/10.3.1/../../../../arm-none-eabi/lib/thumb/v7e-m+fp/hard/crt0.o
LOAD ./Common/Src/system_stm32h7xx_dualcore_boot_cm4_cm7.o
LOAD ./Core/Src/gpio.o
LOAD ./Core/Src/main.o
LOAD ./Core/Src/stm32h7xx_hal_msp.o
LOAD ./Core/Src/stm32h7xx_it.o
LOAD ./Core/Src/syscalls.o
LOAD ./Core/Src/sysmem.o
LOAD ./Core/Src/tim.o
LOAD ./Core/Src/usart.o
LOAD ./Core/Startup/startup_stm32h747xihx.o
LOAD ./Drivers/STM32H7xx_HAL_Driver/stm32h7xx_hal.o
LOAD ./Drivers/STM32H7xx_HAL_Driver/stm32h7xx_hal_cortex.o
LOAD ./Drivers/STM32H7xx_HAL_Driver/stm32h7xx_hal_dma.o
LOAD ./Drivers/STM32H7xx_HAL_Driver/stm32h7xx_hal_dma_ex.o
LOAD ./Drivers/STM32H7xx_HAL_Driver/stm32h7xx_hal_exti.o
LOAD ./Drivers/STM32H7xx_HAL_Driver/stm32h7xx_hal_flash.o
LOAD ./Drivers/STM32H7xx_HAL_Driver/stm32h7xx_hal_flash_ex.o
LOAD ./Drivers/STM32H7xx_HAL_Driver/stm32h7xx_hal_gpio.o
LOAD ./Drivers/STM32H7xx_HAL_Driver/stm32h7xx_hal_hsem.o
LOAD ./Drivers/STM32H7xx_HAL_Driver/stm32h7xx_hal_i2c.o
LOAD ./Drivers/STM32H7xx_HAL_Driver/stm32h7xx_hal_i2c_ex.o
LOAD ./Drivers/STM32H7xx_HAL_Driver/stm32h7xx_hal_mdma.o
LOAD ./Drivers/STM32H7xx_HAL_Driver/stm32h7xx_hal_pwr.o
LOAD ./Drivers/STM32H7xx_HAL_Driver/stm32h7xx_hal_pwr_ex.o
LOAD ./Drivers/STM32H7xx_HAL_Driver/stm32h7xx_hal_rcc.o
LOAD ./Drivers/STM32H7xx_HAL_Driver/stm32h7xx_hal_rcc_ex.o
LOAD ./Drivers/STM32H7xx_HAL_Driver/stm32h7xx_hal_tim.o
LOAD ./Drivers/STM32H7xx_HAL_Driver/stm32h7xx_hal_tim_ex.o
LOAD ./Drivers/STM32H7xx_HAL_Driver/stm32h7xx_hal_uart.o
LOAD ./Drivers/STM32H7xx_HAL_Driver/stm32h7xx_hal_uart_ex.o
LOAD ./Middlewares/Third_Party/OpenAMP/condition.o
LOAD ./Middlewares/Third_Party/OpenAMP/device.o
LOAD ./Middlewares/Third_Party/OpenAMP/generic_device.o
LOAD ./Middlewares/Third_Party/OpenAMP/generic_init.o
LOAD ./Middlewares/Third_Party/OpenAMP/generic_io.o
LOAD ./Middlewares/Third_Party/OpenAMP/generic_shmem.o
LOAD ./Middlewares/Third_Party/OpenAMP/init.o
LOAD ./Middlewares/Third_Party/OpenAMP/io.o
LOAD ./Middlewares/Third_Party/OpenAMP/log.o
LOAD ./Middlewares/Third_Party/OpenAMP/remoteproc_virtio.o
LOAD ./Middlewares/Third_Party/OpenAMP/rpmsg.o
LOAD ./Middlewares/Third_Party/OpenAMP/rpmsg_virtio.o
LOAD ./Middlewares/Third_Party/OpenAMP/shmem.o
LOAD ./Middlewares/Third_Party/OpenAMP/sys.o
LOAD ./Middlewares/Third_Party/OpenAMP/time.o
LOAD ./Middlewares/Third_Party/OpenAMP/virtio.o
LOAD ./Middlewares/Third_Party/OpenAMP/virtqueue.o
LOAD ./OPENAMP/mbox_hsem.o
LOAD ./OPENAMP/openamp.o
LOAD ./OPENAMP/rsc_table.o
START GROUP
LOAD c:/st/stm32cubeide_1.9.0/stm32cubeide/plugins/com.st.stm32cube.ide.mcu.externaltools.gnu-tools-for-stm32.10.3-2021.10.win32_1.0.0.202111181127/tools/bin/../lib/gcc/arm-none-eabi/10.3.1/../../../../arm-none-eabi/lib/thumb/v7e-m+fp/hard\libc_nano.a
LOAD c:/st/stm32cubeide_1.9.0/stm32cubeide/plugins/com.st.stm32cube.ide.mcu.externaltools.gnu-tools-for-stm32.10.3-2021.10.win32_1.0.0.202111181127/tools/bin/../lib/gcc/arm-none-eabi/10.3.1/../../../../arm-none-eabi/lib/thumb/v7e-m+fp/hard\libm.a
END GROUP
START GROUP
LOAD c:/st/stm32cubeide_1.9.0/stm32cubeide/plugins/com.st.stm32cube.ide.mcu.externaltools.gnu-tools-for-stm32.10.3-2021.10.win32_1.0.0.202111181127/tools/bin/../lib/gcc/arm-none-eabi/10.3.1/thumb/v7e-m+fp/hard\libgcc.a
LOAD c:/st/stm32cubeide_1.9.0/stm32cubeide/plugins/com.st.stm32cube.ide.mcu.externaltools.gnu-tools-for-stm32.10.3-2021.10.win32_1.0.0.202111181127/tools/bin/../lib/gcc/arm-none-eabi/10.3.1/../../../../arm-none-eabi/lib/thumb/v7e-m+fp/hard\libc_nano.a
END GROUP
START GROUP
LOAD c:/st/stm32cubeide_1.9.0/stm32cubeide/plugins/com.st.stm32cube.ide.mcu.externaltools.gnu-tools-for-stm32.10.3-2021.10.win32_1.0.0.202111181127/tools/bin/../lib/gcc/arm-none-eabi/10.3.1/thumb/v7e-m+fp/hard\libgcc.a
LOAD c:/st/stm32cubeide_1.9.0/stm32cubeide/plugins/com.st.stm32cube.ide.mcu.externaltools.gnu-tools-for-stm32.10.3-2021.10.win32_1.0.0.202111181127/tools/bin/../lib/gcc/arm-none-eabi/10.3.1/../../../../arm-none-eabi/lib/thumb/v7e-m+fp/hard\libc_nano.a
LOAD c:/st/stm32cubeide_1.9.0/stm32cubeide/plugins/com.st.stm32cube.ide.mcu.externaltools.gnu-tools-for-stm32.10.3-2021.10.win32_1.0.0.202111181127/tools/bin/../lib/gcc/arm-none-eabi/10.3.1/../../../../arm-none-eabi/lib/thumb/v7e-m+fp/hard\libnosys.a
END GROUP
START GROUP
LOAD c:/st/stm32cubeide_1.9.0/stm32cubeide/plugins/com.st.stm32cube.ide.mcu.externaltools.gnu-tools-for-stm32.10.3-2021.10.win32_1.0.0.202111181127/tools/bin/../lib/gcc/arm-none-eabi/10.3.1/thumb/v7e-m+fp/hard\libgcc.a
LOAD c:/st/stm32cubeide_1.9.0/stm32cubeide/plugins/com.st.stm32cube.ide.mcu.externaltools.gnu-tools-for-stm32.10.3-2021.10.win32_1.0.0.202111181127/tools/bin/../lib/gcc/arm-none-eabi/10.3.1/../../../../arm-none-eabi/lib/thumb/v7e-m+fp/hard\libc_nano.a
LOAD c:/st/stm32cubeide_1.9.0/stm32cubeide/plugins/com.st.stm32cube.ide.mcu.externaltools.gnu-tools-for-stm32.10.3-2021.10.win32_1.0.0.202111181127/tools/bin/../lib/gcc/arm-none-eabi/10.3.1/../../../../arm-none-eabi/lib/thumb/v7e-m+fp/hard\libnosys.a
END GROUP
LOAD c:/st/stm32cubeide_1.9.0/stm32cubeide/plugins/com.st.stm32cube.ide.mcu.externaltools.gnu-tools-for-stm32.10.3-2021.10.win32_1.0.0.202111181127/tools/bin/../lib/gcc/arm-none-eabi/10.3.1/thumb/v7e-m+fp/hard/crtend.o
LOAD c:/st/stm32cubeide_1.9.0/stm32cubeide/plugins/com.st.stm32cube.ide.mcu.externaltools.gnu-tools-for-stm32.10.3-2021.10.win32_1.0.0.202111181127/tools/bin/../lib/gcc/arm-none-eabi/10.3.1/thumb/v7e-m+fp/hard/crtn.o
                0x0000000010048000                _estack = (ORIGIN (RAM) + LENGTH (RAM))
                0x0000000000000200                _Min_Heap_Size = 0x200
                0x0000000000000400                _Min_Stack_Size = 0x400
                0x0000000038000400                __OPENAMP_region_start__ = ORIGIN (OPEN_AMP_SHMEM)
                0x0000000038010000                __OPENAMP_region_end__ = (ORIGIN (OPEN_AMP_SHMEM) + LENGTH (OPEN_AMP_SHMEM))

.isr_vector     0x0000000008100000      0x298
                0x0000000008100000                . = ALIGN (0x4)
 *(.isr_vector)
 .isr_vector    0x0000000008100000      0x298 ./Core/Startup/startup_stm32h747xihx.o
                0x0000000008100000                g_pfnVectors
                0x0000000008100298                . = ALIGN (0x4)

.text           0x00000000081002a0     0x7cac
                0x00000000081002a0                . = ALIGN (0x4)
 *(.text)
 .text          0x00000000081002a0       0x40 c:/st/stm32cubeide_1.9.0/stm32cubeide/plugins/com.st.stm32cube.ide.mcu.externaltools.gnu-tools-for-stm32.10.3-2021.10.win32_1.0.0.202111181127/tools/bin/../lib/gcc/arm-none-eabi/10.3.1/thumb/v7e-m+fp/hard/crtbegin.o
 .text          0x00000000081002e0       0x14 c:/st/stm32cubeide_1.9.0/stm32cubeide/plugins/com.st.stm32cube.ide.mcu.externaltools.gnu-tools-for-stm32.10.3-2021.10.win32_1.0.0.202111181127/tools/bin/../lib/gcc/arm-none-eabi/10.3.1/../../../../arm-none-eabi/lib/thumb/v7e-m+fp/hard\libc_nano.a(lib_a-strcmp.o)
                0x00000000081002e0                strcmp
 *fill*         0x00000000081002f4        0xc 
 .text          0x0000000008100300       0xa0 c:/st/stm32cubeide_1.9.0/stm32cubeide/plugins/com.st.stm32cube.ide.mcu.externaltools.gnu-tools-for-stm32.10.3-2021.10.win32_1.0.0.202111181127/tools/bin/../lib/gcc/arm-none-eabi/10.3.1/../../../../arm-none-eabi/lib/thumb/v7e-m+fp/hard\libc_nano.a(lib_a-memchr.o)
                0x0000000008100300                memchr
 .text          0x00000000081003a0       0x30 c:/st/stm32cubeide_1.9.0/stm32cubeide/plugins/com.st.stm32cube.ide.mcu.externaltools.gnu-tools-for-stm32.10.3-2021.10.win32_1.0.0.202111181127/tools/bin/../lib/gcc/arm-none-eabi/10.3.1/thumb/v7e-m+fp/hard\libgcc.a(_aeabi_uldivmod.o)
                0x00000000081003a0                __aeabi_uldivmod
 .text          0x00000000081003d0      0x2d0 c:/st/stm32cubeide_1.9.0/stm32cubeide/plugins/com.st.stm32cube.ide.mcu.externaltools.gnu-tools-for-stm32.10.3-2021.10.win32_1.0.0.202111181127/tools/bin/../lib/gcc/arm-none-eabi/10.3.1/thumb/v7e-m+fp/hard\libgcc.a(_udivmoddi4.o)
                0x00000000081003d0                __udivmoddi4
 .text          0x00000000081006a0        0x4 c:/st/stm32cubeide_1.9.0/stm32cubeide/plugins/com.st.stm32cube.ide.mcu.externaltools.gnu-tools-for-stm32.10.3-2021.10.win32_1.0.0.202111181127/tools/bin/../lib/gcc/arm-none-eabi/10.3.1/thumb/v7e-m+fp/hard\libgcc.a(_dvmd_tls.o)
                0x00000000081006a0                __aeabi_idiv0
                0x00000000081006a0                __aeabi_ldiv0
 *(.text*)
 .text.SystemInit
                0x00000000081006a4       0x30 ./Common/Src/system_stm32h7xx_dualcore_boot_cm4_cm7.o
                0x00000000081006a4                SystemInit
 .text.MX_GPIO_Init
                0x00000000081006d4       0x8c ./Core/Src/gpio.o
                0x00000000081006d4                MX_GPIO_Init
 .text.main     0x0000000008100760      0x100 ./Core/Src/main.o
                0x0000000008100760                main
 .text.HAL_TIM_PeriodElapsedCallback
                0x0000000008100860       0x30 ./Core/Src/main.o
                0x0000000008100860                HAL_TIM_PeriodElapsedCallback
 .text.rpmsg_recv_callback
                0x0000000008100890       0x44 ./Core/Src/main.o
 .text.OpenAMP_init
                0x00000000081008d4       0x58 ./Core/Src/main.o
 .text.Error_Handler
                0x000000000810092c        0xa ./Core/Src/main.o
                0x000000000810092c                Error_Handler
 *fill*         0x0000000008100936        0x2 
 .text.HAL_MspInit
                0x0000000008100938       0x40 ./Core/Src/stm32h7xx_hal_msp.o
                0x0000000008100938                HAL_MspInit
 .text.NMI_Handler
                0x0000000008100978        0x6 ./Core/Src/stm32h7xx_it.o
                0x0000000008100978                NMI_Handler
 .text.HardFault_Handler
                0x000000000810097e        0x6 ./Core/Src/stm32h7xx_it.o
                0x000000000810097e                HardFault_Handler
 .text.MemManage_Handler
                0x0000000008100984        0x6 ./Core/Src/stm32h7xx_it.o
                0x0000000008100984                MemManage_Handler
 .text.BusFault_Handler
                0x000000000810098a        0x6 ./Core/Src/stm32h7xx_it.o
                0x000000000810098a                BusFault_Handler
 .text.UsageFault_Handler
                0x0000000008100990        0x6 ./Core/Src/stm32h7xx_it.o
                0x0000000008100990                UsageFault_Handler
 .text.SVC_Handler
                0x0000000008100996        0xe ./Core/Src/stm32h7xx_it.o
                0x0000000008100996                SVC_Handler
 .text.DebugMon_Handler
                0x00000000081009a4        0xe ./Core/Src/stm32h7xx_it.o
                0x00000000081009a4                DebugMon_Handler
 .text.PendSV_Handler
                0x00000000081009b2        0xe ./Core/Src/stm32h7xx_it.o
                0x00000000081009b2                PendSV_Handler
 .text.SysTick_Handler
                0x00000000081009c0        0xc ./Core/Src/stm32h7xx_it.o
                0x00000000081009c0                SysTick_Handler
 .text.TIM8_UP_TIM13_IRQHandler
                0x00000000081009cc       0x14 ./Core/Src/stm32h7xx_it.o
                0x00000000081009cc                TIM8_UP_TIM13_IRQHandler
 .text.HSEM2_IRQHandler
                0x00000000081009e0        0xc ./Core/Src/stm32h7xx_it.o
                0x00000000081009e0                HSEM2_IRQHandler
 .text._getpid  0x00000000081009ec       0x10 ./Core/Src/syscalls.o
                0x00000000081009ec                _getpid
 .text._kill    0x00000000081009fc       0x24 ./Core/Src/syscalls.o
                0x00000000081009fc                _kill
 .text._exit    0x0000000008100a20       0x14 ./Core/Src/syscalls.o
                0x0000000008100a20                _exit
 .text._read    0x0000000008100a34       0x3a ./Core/Src/syscalls.o
                0x0000000008100a34                _read
 .text._write   0x0000000008100a6e       0x38 ./Core/Src/syscalls.o
                0x0000000008100a6e                _write
 .text._close   0x0000000008100aa6       0x18 ./Core/Src/syscalls.o
                0x0000000008100aa6                _close
 .text._fstat   0x0000000008100abe       0x20 ./Core/Src/syscalls.o
                0x0000000008100abe                _fstat
 .text._isatty  0x0000000008100ade       0x16 ./Core/Src/syscalls.o
                0x0000000008100ade                _isatty
 .text._lseek   0x0000000008100af4       0x1a ./Core/Src/syscalls.o
                0x0000000008100af4                _lseek
 *fill*         0x0000000008100b0e        0x2 
 .text._sbrk    0x0000000008100b10       0x70 ./Core/Src/sysmem.o
                0x0000000008100b10                _sbrk
 .text.MX_TIM13_Init
                0x0000000008100b80       0x48 ./Core/Src/tim.o
                0x0000000008100b80                MX_TIM13_Init
 .text.HAL_TIM_Base_MspInit
                0x0000000008100bc8       0x50 ./Core/Src/tim.o
                0x0000000008100bc8                HAL_TIM_Base_MspInit
 .text.MX_UART8_Init
                0x0000000008100c18       0x98 ./Core/Src/usart.o
                0x0000000008100c18                MX_UART8_Init
 .text.HAL_UART_MspInit
                0x0000000008100cb0       0xcc ./Core/Src/usart.o
                0x0000000008100cb0                HAL_UART_MspInit
 .text.Reset_Handler
                0x0000000008100d7c       0x50 ./Core/Startup/startup_stm32h747xihx.o
                0x0000000008100d7c                Reset_Handler
 .text.Default_Handler
                0x0000000008100dcc        0x2 ./Core/Startup/startup_stm32h747xihx.o
                0x0000000008100dcc                RTC_Alarm_IRQHandler
                0x0000000008100dcc                EXTI2_IRQHandler
                0x0000000008100dcc                TIM8_CC_IRQHandler
                0x0000000008100dcc                HRTIM1_Master_IRQHandler
                0x0000000008100dcc                UART8_IRQHandler
                0x0000000008100dcc                SPI4_IRQHandler
                0x0000000008100dcc                TIM1_CC_IRQHandler
                0x0000000008100dcc                BDMA_Channel6_IRQHandler
                0x0000000008100dcc                DMA2_Stream5_IRQHandler
                0x0000000008100dcc                HRTIM1_FLT_IRQHandler
                0x0000000008100dcc                JPEG_IRQHandler
                0x0000000008100dcc                DMA1_Stream5_IRQHandler
                0x0000000008100dcc                BDMA_Channel1_IRQHandler
                0x0000000008100dcc                HRTIM1_TIMD_IRQHandler
                0x0000000008100dcc                TAMP_STAMP_IRQHandler
                0x0000000008100dcc                EXTI3_IRQHandler
                0x0000000008100dcc                LPTIM4_IRQHandler
                0x0000000008100dcc                TIM8_TRG_COM_TIM14_IRQHandler
                0x0000000008100dcc                LPTIM2_IRQHandler
                0x0000000008100dcc                DFSDM1_FLT1_IRQHandler
                0x0000000008100dcc                DMAMUX2_OVR_IRQHandler
                0x0000000008100dcc                I2C3_ER_IRQHandler
                0x0000000008100dcc                DFSDM1_FLT2_IRQHandler
                0x0000000008100dcc                MDMA_IRQHandler
                0x0000000008100dcc                LPTIM3_IRQHandler
                0x0000000008100dcc                HSEM1_IRQHandler
                0x0000000008100dcc                EXTI0_IRQHandler
                0x0000000008100dcc                I2C2_EV_IRQHandler
                0x0000000008100dcc                DMA1_Stream2_IRQHandler
                0x0000000008100dcc                FPU_IRQHandler
                0x0000000008100dcc                OTG_HS_WKUP_IRQHandler
                0x0000000008100dcc                FDCAN1_IT1_IRQHandler
                0x0000000008100dcc                LTDC_ER_IRQHandler
                0x0000000008100dcc                DMA2_Stream2_IRQHandler
                0x0000000008100dcc                HRTIM1_TIME_IRQHandler
                0x0000000008100dcc                SPI1_IRQHandler
                0x0000000008100dcc                TIM6_DAC_IRQHandler
                0x0000000008100dcc                DCMI_IRQHandler
                0x0000000008100dcc                HRTIM1_TIMC_IRQHandler
                0x0000000008100dcc                DMA2_Stream3_IRQHandler
                0x0000000008100dcc                SAI2_IRQHandler
                0x0000000008100dcc                DFSDM1_FLT3_IRQHandler
                0x0000000008100dcc                USART6_IRQHandler
                0x0000000008100dcc                TIM17_IRQHandler
                0x0000000008100dcc                USART3_IRQHandler
                0x0000000008100dcc                BDMA_Channel7_IRQHandler
                0x0000000008100dcc                LPTIM5_IRQHandler
                0x0000000008100dcc                UART5_IRQHandler
                0x0000000008100dcc                ADC3_IRQHandler
                0x0000000008100dcc                DMA2_Stream0_IRQHandler
                0x0000000008100dcc                TIM4_IRQHandler
                0x0000000008100dcc                BDMA_Channel2_IRQHandler
                0x0000000008100dcc                QUADSPI_IRQHandler
                0x0000000008100dcc                I2C1_EV_IRQHandler
                0x0000000008100dcc                DMA1_Stream6_IRQHandler
                0x0000000008100dcc                DMAMUX1_OVR_IRQHandler
                0x0000000008100dcc                DMA1_Stream1_IRQHandler
                0x0000000008100dcc                TIM16_IRQHandler
                0x0000000008100dcc                UART4_IRQHandler
                0x0000000008100dcc                BDMA_Channel5_IRQHandler
                0x0000000008100dcc                TIM3_IRQHandler
                0x0000000008100dcc                RCC_IRQHandler
                0x0000000008100dcc                TIM8_BRK_TIM12_IRQHandler
                0x0000000008100dcc                TIM1_TRG_COM_IRQHandler
                0x0000000008100dcc                Default_Handler
                0x0000000008100dcc                ECC_IRQHandler
                0x0000000008100dcc                CEC_IRQHandler
                0x0000000008100dcc                EXTI15_10_IRQHandler
                0x0000000008100dcc                BDMA_Channel0_IRQHandler
                0x0000000008100dcc                ADC_IRQHandler
                0x0000000008100dcc                DMA1_Stream7_IRQHandler
                0x0000000008100dcc                HRTIM1_TIMA_IRQHandler
                0x0000000008100dcc                SPI5_IRQHandler
                0x0000000008100dcc                TIM7_IRQHandler
                0x0000000008100dcc                SDMMC1_IRQHandler
                0x0000000008100dcc                TIM5_IRQHandler
                0x0000000008100dcc                DMA2_Stream7_IRQHandler
                0x0000000008100dcc                TIM15_IRQHandler
                0x0000000008100dcc                PVD_AVD_IRQHandler
                0x0000000008100dcc                I2C3_EV_IRQHandler
                0x0000000008100dcc                EXTI9_5_IRQHandler
                0x0000000008100dcc                RTC_WKUP_IRQHandler
                0x0000000008100dcc                LTDC_IRQHandler
                0x0000000008100dcc                SAI3_IRQHandler
                0x0000000008100dcc                ETH_WKUP_IRQHandler
                0x0000000008100dcc                SPDIF_RX_IRQHandler
                0x0000000008100dcc                SPI2_IRQHandler
                0x0000000008100dcc                OTG_HS_EP1_IN_IRQHandler
                0x0000000008100dcc                DMA1_Stream0_IRQHandler
                0x0000000008100dcc                CRS_IRQHandler
                0x0000000008100dcc                CM7_SEV_IRQHandler
                0x0000000008100dcc                EXTI4_IRQHandler
                0x0000000008100dcc                RNG_IRQHandler
                0x0000000008100dcc                CM4_SEV_IRQHandler
                0x0000000008100dcc                HRTIM1_TIMB_IRQHandler
                0x0000000008100dcc                FDCAN2_IT1_IRQHandler
                0x0000000008100dcc                DSI_IRQHandler
                0x0000000008100dcc                ETH_IRQHandler
                0x0000000008100dcc                TIM1_UP_IRQHandler
                0x0000000008100dcc                WWDG_RST_IRQHandler
                0x0000000008100dcc                BDMA_Channel4_IRQHandler
                0x0000000008100dcc                OTG_HS_EP1_OUT_IRQHandler
                0x0000000008100dcc                WWDG_IRQHandler
                0x0000000008100dcc                SPI6_IRQHandler
                0x0000000008100dcc                MDIOS_IRQHandler
                0x0000000008100dcc                I2C4_EV_IRQHandler
                0x0000000008100dcc                FDCAN2_IT0_IRQHandler
                0x0000000008100dcc                LPUART1_IRQHandler
                0x0000000008100dcc                FDCAN1_IT0_IRQHandler
                0x0000000008100dcc                TIM2_IRQHandler
                0x0000000008100dcc                OTG_FS_WKUP_IRQHandler
                0x0000000008100dcc                OTG_HS_IRQHandler
                0x0000000008100dcc                DMA2D_IRQHandler
                0x0000000008100dcc                TIM1_BRK_IRQHandler
                0x0000000008100dcc                EXTI1_IRQHandler
                0x0000000008100dcc                SDMMC2_IRQHandler
                0x0000000008100dcc                OTG_FS_EP1_OUT_IRQHandler
                0x0000000008100dcc                BDMA_Channel3_IRQHandler
                0x0000000008100dcc                HOLD_CORE_IRQHandler
                0x0000000008100dcc                UART7_IRQHandler
                0x0000000008100dcc                MDIOS_WKUP_IRQHandler
                0x0000000008100dcc                USART2_IRQHandler
                0x0000000008100dcc                DFSDM1_FLT0_IRQHandler
                0x0000000008100dcc                SAI4_IRQHandler
                0x0000000008100dcc                I2C2_ER_IRQHandler
                0x0000000008100dcc                DMA2_Stream1_IRQHandler
                0x0000000008100dcc                FLASH_IRQHandler
                0x0000000008100dcc                DMA2_Stream4_IRQHandler
                0x0000000008100dcc                USART1_IRQHandler
                0x0000000008100dcc                OTG_FS_IRQHandler
                0x0000000008100dcc                SPI3_IRQHandler
                0x0000000008100dcc                WAKEUP_PIN_IRQHandler
                0x0000000008100dcc                DMA1_Stream4_IRQHandler
                0x0000000008100dcc                OTG_FS_EP1_IN_IRQHandler
                0x0000000008100dcc                I2C1_ER_IRQHandler
                0x0000000008100dcc                FMC_IRQHandler
                0x0000000008100dcc                FDCAN_CAL_IRQHandler
                0x0000000008100dcc                SWPMI1_IRQHandler
                0x0000000008100dcc                COMP1_IRQHandler
                0x0000000008100dcc                LPTIM1_IRQHandler
                0x0000000008100dcc                I2C4_ER_IRQHandler
                0x0000000008100dcc                DMA2_Stream6_IRQHandler
                0x0000000008100dcc                SAI1_IRQHandler
                0x0000000008100dcc                DMA1_Stream3_IRQHandler
 *fill*         0x0000000008100dce        0x2 
 .text.HAL_Init
                0x0000000008100dd0       0xbc ./Drivers/STM32H7xx_HAL_Driver/stm32h7xx_hal.o
                0x0000000008100dd0                HAL_Init
 .text.HAL_InitTick
                0x0000000008100e8c       0x6c ./Drivers/STM32H7xx_HAL_Driver/stm32h7xx_hal.o
                0x0000000008100e8c                HAL_InitTick
 .text.HAL_IncTick
                0x0000000008100ef8       0x28 ./Drivers/STM32H7xx_HAL_Driver/stm32h7xx_hal.o
                0x0000000008100ef8                HAL_IncTick
 .text.HAL_GetTick
                0x0000000008100f20       0x18 ./Drivers/STM32H7xx_HAL_Driver/stm32h7xx_hal.o
                0x0000000008100f20                HAL_GetTick
 .text.__NVIC_SetPriorityGrouping
                0x0000000008100f38       0x48 ./Drivers/STM32H7xx_HAL_Driver/stm32h7xx_hal_cortex.o
 .text.__NVIC_GetPriorityGrouping
                0x0000000008100f80       0x1c ./Drivers/STM32H7xx_HAL_Driver/stm32h7xx_hal_cortex.o
 .text.__NVIC_EnableIRQ
                0x0000000008100f9c       0x3c ./Drivers/STM32H7xx_HAL_Driver/stm32h7xx_hal_cortex.o
 .text.__NVIC_SetPriority
                0x0000000008100fd8       0x54 ./Drivers/STM32H7xx_HAL_Driver/stm32h7xx_hal_cortex.o
 .text.NVIC_EncodePriority
                0x000000000810102c       0x66 ./Drivers/STM32H7xx_HAL_Driver/stm32h7xx_hal_cortex.o
 *fill*         0x0000000008101092        0x2 
 .text.SysTick_Config
                0x0000000008101094       0x44 ./Drivers/STM32H7xx_HAL_Driver/stm32h7xx_hal_cortex.o
 .text.HAL_NVIC_SetPriorityGrouping
                0x00000000081010d8       0x16 ./Drivers/STM32H7xx_HAL_Driver/stm32h7xx_hal_cortex.o
                0x00000000081010d8                HAL_NVIC_SetPriorityGrouping
 .text.HAL_NVIC_SetPriority
                0x00000000081010ee       0x34 ./Drivers/STM32H7xx_HAL_Driver/stm32h7xx_hal_cortex.o
                0x00000000081010ee                HAL_NVIC_SetPriority
 .text.HAL_NVIC_EnableIRQ
                0x0000000008101122       0x1c ./Drivers/STM32H7xx_HAL_Driver/stm32h7xx_hal_cortex.o
                0x0000000008101122                HAL_NVIC_EnableIRQ
 .text.HAL_SYSTICK_Config
                0x000000000810113e       0x18 ./Drivers/STM32H7xx_HAL_Driver/stm32h7xx_hal_cortex.o
                0x000000000810113e                HAL_SYSTICK_Config
 *fill*         0x0000000008101156        0x2 
 .text.HAL_GetCurrentCPUID
                0x0000000008101158       0x28 ./Drivers/STM32H7xx_HAL_Driver/stm32h7xx_hal_cortex.o
                0x0000000008101158                HAL_GetCurrentCPUID
 .text.HAL_GPIO_Init
                0x0000000008101180      0x360 ./Drivers/STM32H7xx_HAL_Driver/stm32h7xx_hal_gpio.o
                0x0000000008101180                HAL_GPIO_Init
 .text.HAL_GPIO_WritePin
                0x00000000081014e0       0x32 ./Drivers/STM32H7xx_HAL_Driver/stm32h7xx_hal_gpio.o
                0x00000000081014e0                HAL_GPIO_WritePin
 .text.HAL_GPIO_TogglePin
                0x0000000008101512       0x34 ./Drivers/STM32H7xx_HAL_Driver/stm32h7xx_hal_gpio.o
                0x0000000008101512                HAL_GPIO_TogglePin
 *fill*         0x0000000008101546        0x2 
 .text.HAL_HSEM_FastTake
                0x0000000008101548       0x34 ./Drivers/STM32H7xx_HAL_Driver/stm32h7xx_hal_hsem.o
                0x0000000008101548                HAL_HSEM_FastTake
 .text.HAL_HSEM_Release
                0x000000000810157c       0x28 ./Drivers/STM32H7xx_HAL_Driver/stm32h7xx_hal_hsem.o
                0x000000000810157c                HAL_HSEM_Release
 .text.HAL_HSEM_ActivateNotification
                0x00000000081015a4       0x24 ./Drivers/STM32H7xx_HAL_Driver/stm32h7xx_hal_hsem.o
                0x00000000081015a4                HAL_HSEM_ActivateNotification
 .text.HAL_HSEM_IRQHandler
                0x00000000081015c8       0x34 ./Drivers/STM32H7xx_HAL_Driver/stm32h7xx_hal_hsem.o
                0x00000000081015c8                HAL_HSEM_IRQHandler
 .text.HAL_PWREx_EnterSTOPMode
                0x00000000081015fc       0xf4 ./Drivers/STM32H7xx_HAL_Driver/stm32h7xx_hal_pwr_ex.o
                0x00000000081015fc                HAL_PWREx_EnterSTOPMode
 .text.HAL_PWREx_ClearPendingEvent
                0x00000000081016f0       0x1a ./Drivers/STM32H7xx_HAL_Driver/stm32h7xx_hal_pwr_ex.o
                0x00000000081016f0                HAL_PWREx_ClearPendingEvent
 *fill*         0x000000000810170a        0x2 
 .text.HAL_RCC_GetSysClockFreq
                0x000000000810170c      0x2f4 ./Drivers/STM32H7xx_HAL_Driver/stm32h7xx_hal_rcc.o
                0x000000000810170c                HAL_RCC_GetSysClockFreq
 .text.HAL_RCC_GetHCLKFreq
                0x0000000008101a00       0x64 ./Drivers/STM32H7xx_HAL_Driver/stm32h7xx_hal_rcc.o
                0x0000000008101a00                HAL_RCC_GetHCLKFreq
 .text.HAL_RCC_GetPCLK1Freq
                0x0000000008101a64       0x2c ./Drivers/STM32H7xx_HAL_Driver/stm32h7xx_hal_rcc.o
                0x0000000008101a64                HAL_RCC_GetPCLK1Freq
 .text.HAL_RCC_GetPCLK2Freq
                0x0000000008101a90       0x2c ./Drivers/STM32H7xx_HAL_Driver/stm32h7xx_hal_rcc.o
                0x0000000008101a90                HAL_RCC_GetPCLK2Freq
 .text.HAL_RCCEx_PeriphCLKConfig
                0x0000000008101abc      0xedc ./Drivers/STM32H7xx_HAL_Driver/stm32h7xx_hal_rcc_ex.o
                0x0000000008101abc                HAL_RCCEx_PeriphCLKConfig
 .text.HAL_RCCEx_GetD3PCLK1Freq
                0x0000000008102998       0x2c ./Drivers/STM32H7xx_HAL_Driver/stm32h7xx_hal_rcc_ex.o
                0x0000000008102998                HAL_RCCEx_GetD3PCLK1Freq
 .text.HAL_RCCEx_GetPLL2ClockFreq
                0x00000000081029c4      0x2a8 ./Drivers/STM32H7xx_HAL_Driver/stm32h7xx_hal_rcc_ex.o
                0x00000000081029c4                HAL_RCCEx_GetPLL2ClockFreq
 .text.HAL_RCCEx_GetPLL3ClockFreq
                0x0000000008102c6c      0x2a8 ./Drivers/STM32H7xx_HAL_Driver/stm32h7xx_hal_rcc_ex.o
                0x0000000008102c6c                HAL_RCCEx_GetPLL3ClockFreq
 .text.RCCEx_PLL2_Config
                0x0000000008102f14      0x164 ./Drivers/STM32H7xx_HAL_Driver/stm32h7xx_hal_rcc_ex.o
 .text.RCCEx_PLL3_Config
                0x0000000008103078      0x164 ./Drivers/STM32H7xx_HAL_Driver/stm32h7xx_hal_rcc_ex.o
 .text.HAL_TIM_Base_Init
                0x00000000081031dc       0xae ./Drivers/STM32H7xx_HAL_Driver/stm32h7xx_hal_tim.o
                0x00000000081031dc                HAL_TIM_Base_Init
 *fill*         0x000000000810328a        0x2 
 .text.HAL_TIM_Base_Start_IT
                0x000000000810328c       0xf0 ./Drivers/STM32H7xx_HAL_Driver/stm32h7xx_hal_tim.o
                0x000000000810328c                HAL_TIM_Base_Start_IT
 .text.HAL_TIM_IRQHandler
                0x000000000810337c      0x23e ./Drivers/STM32H7xx_HAL_Driver/stm32h7xx_hal_tim.o
                0x000000000810337c                HAL_TIM_IRQHandler
 .text.HAL_TIM_OC_DelayElapsedCallback
                0x00000000081035ba       0x14 ./Drivers/STM32H7xx_HAL_Driver/stm32h7xx_hal_tim.o
                0x00000000081035ba                HAL_TIM_OC_DelayElapsedCallback
 .text.HAL_TIM_IC_CaptureCallback
                0x00000000081035ce       0x14 ./Drivers/STM32H7xx_HAL_Driver/stm32h7xx_hal_tim.o
                0x00000000081035ce                HAL_TIM_IC_CaptureCallback
 .text.HAL_TIM_PWM_PulseFinishedCallback
                0x00000000081035e2       0x14 ./Drivers/STM32H7xx_HAL_Driver/stm32h7xx_hal_tim.o
                0x00000000081035e2                HAL_TIM_PWM_PulseFinishedCallback
 .text.HAL_TIM_TriggerCallback
                0x00000000081035f6       0x14 ./Drivers/STM32H7xx_HAL_Driver/stm32h7xx_hal_tim.o
                0x00000000081035f6                HAL_TIM_TriggerCallback
 *fill*         0x000000000810360a        0x2 
 .text.TIM_Base_SetConfig
                0x000000000810360c      0x134 ./Drivers/STM32H7xx_HAL_Driver/stm32h7xx_hal_tim.o
                0x000000000810360c                TIM_Base_SetConfig
 .text.HAL_TIMEx_CommutCallback
                0x0000000008103740       0x14 ./Drivers/STM32H7xx_HAL_Driver/stm32h7xx_hal_tim_ex.o
                0x0000000008103740                HAL_TIMEx_CommutCallback
 .text.HAL_TIMEx_BreakCallback
                0x0000000008103754       0x14 ./Drivers/STM32H7xx_HAL_Driver/stm32h7xx_hal_tim_ex.o
                0x0000000008103754                HAL_TIMEx_BreakCallback
 .text.HAL_TIMEx_Break2Callback
                0x0000000008103768       0x14 ./Drivers/STM32H7xx_HAL_Driver/stm32h7xx_hal_tim_ex.o
                0x0000000008103768                HAL_TIMEx_Break2Callback
 .text.HAL_UART_Init
                0x000000000810377c       0xa0 ./Drivers/STM32H7xx_HAL_Driver/stm32h7xx_hal_uart.o
                0x000000000810377c                HAL_UART_Init
 .text.UART_SetConfig
                0x000000000810381c      0xad0 ./Drivers/STM32H7xx_HAL_Driver/stm32h7xx_hal_uart.o
                0x000000000810381c                UART_SetConfig
 .text.UART_AdvFeatureConfig
                0x00000000081042ec      0x144 ./Drivers/STM32H7xx_HAL_Driver/stm32h7xx_hal_uart.o
                0x00000000081042ec                UART_AdvFeatureConfig
 .text.UART_CheckIdleState
                0x0000000008104430       0x96 ./Drivers/STM32H7xx_HAL_Driver/stm32h7xx_hal_uart.o
                0x0000000008104430                UART_CheckIdleState
 .text.UART_WaitOnFlagUntilTimeout
                0x00000000081044c6      0x190 ./Drivers/STM32H7xx_HAL_Driver/stm32h7xx_hal_uart.o
                0x00000000081044c6                UART_WaitOnFlagUntilTimeout
 .text.HAL_UARTEx_DisableFifoMode
                0x0000000008104656       0x72 ./Drivers/STM32H7xx_HAL_Driver/stm32h7xx_hal_uart_ex.o
                0x0000000008104656                HAL_UARTEx_DisableFifoMode
 .text.HAL_UARTEx_SetTxFifoThreshold
                0x00000000081046c8       0x7c ./Drivers/STM32H7xx_HAL_Driver/stm32h7xx_hal_uart_ex.o
                0x00000000081046c8                HAL_UARTEx_SetTxFifoThreshold
 .text.HAL_UARTEx_SetRxFifoThreshold
                0x0000000008104744       0x7c ./Drivers/STM32H7xx_HAL_Driver/stm32h7xx_hal_uart_ex.o
                0x0000000008104744                HAL_UARTEx_SetRxFifoThreshold
 .text.UARTEx_SetNbDataToProcess
                0x00000000081047c0       0x9c ./Drivers/STM32H7xx_HAL_Driver/stm32h7xx_hal_uart_ex.o
 .text.metal_list_init
                0x000000000810485c       0x22 ./Middlewares/Third_Party/OpenAMP/device.o
 .text.metal_list_add_before
                0x000000000810487e       0x34 ./Middlewares/Third_Party/OpenAMP/device.o
 .text.metal_list_add_tail
                0x00000000081048b2       0x1a ./Middlewares/Third_Party/OpenAMP/device.o
 .text.__metal_cache_flush
                0x00000000081048cc       0x1a ./Middlewares/Third_Party/OpenAMP/device.o
 .text.__metal_cache_invalidate
                0x00000000081048e6       0x1a ./Middlewares/Third_Party/OpenAMP/device.o
 .text.metal_cache_flush
                0x0000000008104900       0x1a ./Middlewares/Third_Party/OpenAMP/device.o
 .text.metal_cache_invalidate
                0x000000000810491a       0x1a ./Middlewares/Third_Party/OpenAMP/device.o
 .text.metal_bus_register
                0x0000000008104934       0x88 ./Middlewares/Third_Party/OpenAMP/device.o
                0x0000000008104934                metal_bus_register
 .text.metal_bus_find
                0x00000000081049bc       0x60 ./Middlewares/Third_Party/OpenAMP/device.o
                0x00000000081049bc                metal_bus_find
 .text.metal_device_open
                0x0000000008104a1c       0x7c ./Middlewares/Third_Party/OpenAMP/device.o
                0x0000000008104a1c                metal_device_open
 .text.metal_register_generic_device
                0x0000000008104a98       0x4c ./Middlewares/Third_Party/OpenAMP/device.o
                0x0000000008104a98                metal_register_generic_device
 .text.metal_generic_dev_open
                0x0000000008104ae4       0x60 ./Middlewares/Third_Party/OpenAMP/device.o
                0x0000000008104ae4                metal_generic_dev_open
 .text.metal_generic_dev_dma_map
                0x0000000008104b44       0xa2 ./Middlewares/Third_Party/OpenAMP/device.o
                0x0000000008104b44                metal_generic_dev_dma_map
 .text.metal_generic_dev_dma_unmap
                0x0000000008104be6       0x56 ./Middlewares/Third_Party/OpenAMP/device.o
                0x0000000008104be6                metal_generic_dev_dma_unmap
 .text.metal_generic_dev_sys_open
                0x0000000008104c3c       0x4e ./Middlewares/Third_Party/OpenAMP/generic_device.o
                0x0000000008104c3c                metal_generic_dev_sys_open
 *fill*         0x0000000008104c8a        0x2 
 .text.metal_sys_init
                0x0000000008104c8c       0x1c ./Middlewares/Third_Party/OpenAMP/generic_init.o
                0x0000000008104c8c                metal_sys_init
 .text.metal_sys_io_mem_map
                0x0000000008104ca8       0x7c ./Middlewares/Third_Party/OpenAMP/generic_io.o
                0x0000000008104ca8                metal_sys_io_mem_map
 .text.metal_list_init
                0x0000000008104d24       0x22 ./Middlewares/Third_Party/OpenAMP/init.o
 *fill*         0x0000000008104d46        0x2 
 .text.metal_init
                0x0000000008104d48       0x64 ./Middlewares/Third_Party/OpenAMP/init.o
                0x0000000008104d48                metal_init
 .text.metal_io_virt
                0x0000000008104dac       0x36 ./Middlewares/Third_Party/OpenAMP/io.o
 .text.metal_io_init
                0x0000000008104de2       0x9e ./Middlewares/Third_Party/OpenAMP/io.o
                0x0000000008104de2                metal_io_init
 .text.metal_io_block_read
                0x0000000008104e80       0xee ./Middlewares/Third_Party/OpenAMP/io.o
                0x0000000008104e80                metal_io_block_read
 .text.metal_io_block_write
                0x0000000008104f6e       0xec ./Middlewares/Third_Party/OpenAMP/io.o
                0x0000000008104f6e                metal_io_block_write
 .text.metal_default_log_handler
                0x000000000810505a       0x1a ./Middlewares/Third_Party/OpenAMP/log.o
                0x000000000810505a                metal_default_log_handler
 .text.metal_io_virt
                0x0000000008105074       0x36 ./Middlewares/Third_Party/OpenAMP/remoteproc_virtio.o
 .text.metal_io_virt_to_offset
                0x00000000081050aa       0x32 ./Middlewares/Third_Party/OpenAMP/remoteproc_virtio.o
 .text.metal_io_read
                0x00000000081050dc      0x104 ./Middlewares/Third_Party/OpenAMP/remoteproc_virtio.o
 .text.metal_allocate_memory
                0x00000000081051e0       0x18 ./Middlewares/Third_Party/OpenAMP/remoteproc_virtio.o
 .text.metal_free_memory
                0x00000000081051f8       0x16 ./Middlewares/Third_Party/OpenAMP/remoteproc_virtio.o
 .text.virtqueue_allocate
                0x000000000810520e       0x32 ./Middlewares/Third_Party/OpenAMP/remoteproc_virtio.o
 .text.rproc_virtio_virtqueue_notify
                0x0000000008105240       0x68 ./Middlewares/Third_Party/OpenAMP/remoteproc_virtio.o
 .text.rproc_virtio_get_status
                0x00000000081052a8       0x44 ./Middlewares/Third_Party/OpenAMP/remoteproc_virtio.o
 .text.rproc_virtio_get_features
                0x00000000081052ec       0x44 ./Middlewares/Third_Party/OpenAMP/remoteproc_virtio.o
 .text.rproc_virtio_negotiate_features
                0x0000000008105330       0x18 ./Middlewares/Third_Party/OpenAMP/remoteproc_virtio.o
 .text.rproc_virtio_read_config
                0x0000000008105348       0x1a ./Middlewares/Third_Party/OpenAMP/remoteproc_virtio.o
 *fill*         0x0000000008105362        0x2 
 .text.rproc_virtio_create_vdev
                0x0000000008105364      0x15c ./Middlewares/Third_Party/OpenAMP/remoteproc_virtio.o
                0x0000000008105364                rproc_virtio_create_vdev
 .text.rproc_virtio_init_vring
                0x00000000081054c0       0x62 ./Middlewares/Third_Party/OpenAMP/remoteproc_virtio.o
                0x00000000081054c0                rproc_virtio_init_vring
 .text.rproc_virtio_notified
                0x0000000008105522       0x78 ./Middlewares/Third_Party/OpenAMP/remoteproc_virtio.o
                0x0000000008105522                rproc_virtio_notified
 .text.rproc_virtio_wait_remote_ready
                0x000000000810559a       0x32 ./Middlewares/Third_Party/OpenAMP/remoteproc_virtio.o
                0x000000000810559a                rproc_virtio_wait_remote_ready
 .text.__metal_mutex_acquire
                0x00000000081055cc       0x38 ./Middlewares/Third_Party/OpenAMP/rpmsg.o
 .text.__metal_mutex_release
                0x0000000008105604       0x22 ./Middlewares/Third_Party/OpenAMP/rpmsg.o
 .text.metal_mutex_acquire
                0x0000000008105626       0x16 ./Middlewares/Third_Party/OpenAMP/rpmsg.o
 .text.metal_mutex_release
                0x000000000810563c       0x16 ./Middlewares/Third_Party/OpenAMP/rpmsg.o
 .text.metal_list_add_before
                0x0000000008105652       0x34 ./Middlewares/Third_Party/OpenAMP/rpmsg.o
 .text.metal_list_add_tail
                0x0000000008105686       0x1a ./Middlewares/Third_Party/OpenAMP/rpmsg.o
 .text.metal_list_del
                0x00000000081056a0       0x36 ./Middlewares/Third_Party/OpenAMP/rpmsg.o
 .text.metal_bitmap_set_bit
                0x00000000081056d6       0x38 ./Middlewares/Third_Party/OpenAMP/rpmsg.o
 .text.metal_bitmap_is_bit_set
                0x000000000810570e       0x30 ./Middlewares/Third_Party/OpenAMP/rpmsg.o
 .text.metal_bitmap_clear_bit
                0x000000000810573e       0x3a ./Middlewares/Third_Party/OpenAMP/rpmsg.o
 .text.metal_bitmap_is_bit_clear
                0x0000000008105778       0x26 ./Middlewares/Third_Party/OpenAMP/rpmsg.o
 .text.metal_bitmap_next_clear_bit
                0x000000000810579e       0x3a ./Middlewares/Third_Party/OpenAMP/rpmsg.o
 .text.rpmsg_init_ept
                0x00000000081057d8       0x3a ./Middlewares/Third_Party/OpenAMP/rpmsg.o
 .text.rpmsg_get_address
                0x0000000008105812       0x3e ./Middlewares/Third_Party/OpenAMP/rpmsg.o
 .text.rpmsg_release_address
                0x0000000008105850       0x24 ./Middlewares/Third_Party/OpenAMP/rpmsg.o
 .text.rpmsg_is_address_set
                0x0000000008105874       0x30 ./Middlewares/Third_Party/OpenAMP/rpmsg.o
 .text.rpmsg_set_address
                0x00000000081058a4       0x30 ./Middlewares/Third_Party/OpenAMP/rpmsg.o
 .text.rpmsg_send_offchannel_raw
                0x00000000081058d4       0x64 ./Middlewares/Third_Party/OpenAMP/rpmsg.o
                0x00000000081058d4                rpmsg_send_offchannel_raw
 .text.rpmsg_send_ns_message
                0x0000000008105938       0x50 ./Middlewares/Third_Party/OpenAMP/rpmsg.o
                0x0000000008105938                rpmsg_send_ns_message
 .text.rpmsg_get_endpoint
                0x0000000008105988       0xc0 ./Middlewares/Third_Party/OpenAMP/rpmsg.o
                0x0000000008105988                rpmsg_get_endpoint
 .text.rpmsg_unregister_endpoint
                0x0000000008105a48       0x44 ./Middlewares/Third_Party/OpenAMP/rpmsg.o
 .text.rpmsg_register_endpoint
                0x0000000008105a8c       0x28 ./Middlewares/Third_Party/OpenAMP/rpmsg.o
                0x0000000008105a8c                rpmsg_register_endpoint
 .text.rpmsg_create_ept
                0x0000000008105ab4       0xfc ./Middlewares/Third_Party/OpenAMP/rpmsg.o
                0x0000000008105ab4                rpmsg_create_ept
 .text.__metal_cache_invalidate
                0x0000000008105bb0       0x1a ./Middlewares/Third_Party/OpenAMP/rpmsg_virtio.o
 .text.metal_cache_invalidate
                0x0000000008105bca       0x1a ./Middlewares/Third_Party/OpenAMP/rpmsg_virtio.o
 .text.__metal_sleep_usec
                0x0000000008105be4       0x16 ./Middlewares/Third_Party/OpenAMP/rpmsg_virtio.o
 .text.metal_sleep_usec
                0x0000000008105bfa       0x18 ./Middlewares/Third_Party/OpenAMP/rpmsg_virtio.o
 .text.metal_list_init
                0x0000000008105c12       0x22 ./Middlewares/Third_Party/OpenAMP/rpmsg_virtio.o
 .text.metal_io_virt_to_offset
                0x0000000008105c34       0x32 ./Middlewares/Third_Party/OpenAMP/rpmsg_virtio.o
 .text.__metal_mutex_init
                0x0000000008105c66       0x2c ./Middlewares/Third_Party/OpenAMP/rpmsg_virtio.o
 .text.__metal_mutex_acquire
                0x0000000008105c92       0x38 ./Middlewares/Third_Party/OpenAMP/rpmsg_virtio.o
 .text.__metal_mutex_release
                0x0000000008105cca       0x22 ./Middlewares/Third_Party/OpenAMP/rpmsg_virtio.o
 .text.metal_mutex_init
                0x0000000008105cec       0x16 ./Middlewares/Third_Party/OpenAMP/rpmsg_virtio.o
 .text.metal_mutex_acquire
                0x0000000008105d02       0x16 ./Middlewares/Third_Party/OpenAMP/rpmsg_virtio.o
 .text.metal_mutex_release
                0x0000000008105d18       0x16 ./Middlewares/Third_Party/OpenAMP/rpmsg_virtio.o
 .text.rpmsg_init_ept
                0x0000000008105d2e       0x3a ./Middlewares/Third_Party/OpenAMP/rpmsg_virtio.o
 .text.rpmsg_virtio_get_role
                0x0000000008105d68       0x1a ./Middlewares/Third_Party/OpenAMP/rpmsg_virtio.o
 .text.rpmsg_virtio_set_status
                0x0000000008105d82       0x26 ./Middlewares/Third_Party/OpenAMP/rpmsg_virtio.o
 .text.rpmsg_virtio_get_status
                0x0000000008105da8       0x22 ./Middlewares/Third_Party/OpenAMP/rpmsg_virtio.o
 .text.rpmsg_virtio_get_features
                0x0000000008105dca       0x22 ./Middlewares/Third_Party/OpenAMP/rpmsg_virtio.o
 .text.rpmsg_virtio_create_virtqueues
                0x0000000008105dec       0x2a ./Middlewares/Third_Party/OpenAMP/rpmsg_virtio.o
 .text.rpmsg_get_ept_from_addr
                0x0000000008105e16       0x22 ./Middlewares/Third_Party/OpenAMP/rpmsg_virtio.o
 .text.rpmsg_virtio_init_shm_pool
                0x0000000008105e38       0x5a ./Middlewares/Third_Party/OpenAMP/rpmsg_virtio.o
                0x0000000008105e38                rpmsg_virtio_init_shm_pool
 .text.rpmsg_virtio_return_buffer
                0x0000000008105e92       0x32 ./Middlewares/Third_Party/OpenAMP/rpmsg_virtio.o
 .text.rpmsg_virtio_enqueue_buffer
                0x0000000008105ec4       0x38 ./Middlewares/Third_Party/OpenAMP/rpmsg_virtio.o
 .text.rpmsg_virtio_get_tx_buffer
                0x0000000008105efc       0x38 ./Middlewares/Third_Party/OpenAMP/rpmsg_virtio.o
 .text.rpmsg_virtio_get_rx_buffer
                0x0000000008105f34       0x4a ./Middlewares/Third_Party/OpenAMP/rpmsg_virtio.o
 .text.rpmsg_virtio_wait_remote_ready
                0x0000000008105f7e       0x3a ./Middlewares/Third_Party/OpenAMP/rpmsg_virtio.o
 .text._rpmsg_virtio_get_buffer_size
                0x0000000008105fb8       0x34 ./Middlewares/Third_Party/OpenAMP/rpmsg_virtio.o
 .text.rpmsg_virtio_send_offchannel_raw
                0x0000000008105fec      0x150 ./Middlewares/Third_Party/OpenAMP/rpmsg_virtio.o
 .text.rpmsg_virtio_tx_callback
                0x000000000810613c       0x14 ./Middlewares/Third_Party/OpenAMP/rpmsg_virtio.o
 .text.rpmsg_virtio_rx_callback
                0x0000000008106150       0xea ./Middlewares/Third_Party/OpenAMP/rpmsg_virtio.o
 .text.rpmsg_virtio_ns_callback
                0x000000000810623a       0xe4 ./Middlewares/Third_Party/OpenAMP/rpmsg_virtio.o
 *fill*         0x000000000810631e        0x2 
 .text.rpmsg_init_vdev
                0x0000000008106320      0x138 ./Middlewares/Third_Party/OpenAMP/rpmsg_virtio.o
                0x0000000008106320                rpmsg_init_vdev
 .text.metal_machine_cache_flush
                0x0000000008106458       0x16 ./Middlewares/Third_Party/OpenAMP/sys.o
                0x0000000008106458                metal_machine_cache_flush
 .text.metal_machine_cache_invalidate
                0x000000000810646e       0x16 ./Middlewares/Third_Party/OpenAMP/sys.o
                0x000000000810646e                metal_machine_cache_invalidate
 .text.metal_machine_io_mem_map
                0x0000000008106484       0x1c ./Middlewares/Third_Party/OpenAMP/sys.o
                0x0000000008106484                metal_machine_io_mem_map
 .text.virtio_create_virtqueues
                0x00000000081064a0       0x98 ./Middlewares/Third_Party/OpenAMP/virtio.o
                0x00000000081064a0                virtio_create_virtqueues
 .text.vring_init
                0x0000000008106538       0x52 ./Middlewares/Third_Party/OpenAMP/virtqueue.o
 .text.vring_need_event
                0x000000000810658a       0x3c ./Middlewares/Third_Party/OpenAMP/virtqueue.o
 .text.metal_io_virt
                0x00000000081065c6       0x36 ./Middlewares/Third_Party/OpenAMP/virtqueue.o
 .text.metal_io_phys
                0x00000000081065fc       0x5c ./Middlewares/Third_Party/OpenAMP/virtqueue.o
 .text.metal_io_phys_to_offset
                0x0000000008106658       0x60 ./Middlewares/Third_Party/OpenAMP/virtqueue.o
 .text.metal_io_phys_to_virt
                0x00000000081066b8       0x26 ./Middlewares/Third_Party/OpenAMP/virtqueue.o
 .text.virtqueue_phys_to_virt
                0x00000000081066de       0x22 ./Middlewares/Third_Party/OpenAMP/virtqueue.o
 .text.virtqueue_create
                0x0000000008106700       0x68 ./Middlewares/Third_Party/OpenAMP/virtqueue.o
                0x0000000008106700                virtqueue_create
 .text.virtqueue_get_available_buffer
                0x0000000008106768       0x8c ./Middlewares/Third_Party/OpenAMP/virtqueue.o
                0x0000000008106768                virtqueue_get_available_buffer
 .text.virtqueue_add_consumed_buffer
                0x00000000081067f4       0x74 ./Middlewares/Third_Party/OpenAMP/virtqueue.o
                0x00000000081067f4                virtqueue_add_consumed_buffer
 .text.virtqueue_disable_cb
                0x0000000008106868       0x54 ./Middlewares/Third_Party/OpenAMP/virtqueue.o
                0x0000000008106868                virtqueue_disable_cb
 .text.virtqueue_kick
                0x00000000081068bc       0x2c ./Middlewares/Third_Party/OpenAMP/virtqueue.o
                0x00000000081068bc                virtqueue_kick
 .text.virtqueue_get_desc_size
                0x00000000081068e8       0x66 ./Middlewares/Third_Party/OpenAMP/virtqueue.o
                0x00000000081068e8                virtqueue_get_desc_size
 .text.vq_ring_init
                0x000000000810694e       0x66 ./Middlewares/Third_Party/OpenAMP/virtqueue.o
 .text.virtqueue_notification
                0x00000000081069b4       0x24 ./Middlewares/Third_Party/OpenAMP/virtqueue.o
                0x00000000081069b4                virtqueue_notification
 .text.vq_ring_must_notify_host
                0x00000000081069d8       0x6c ./Middlewares/Third_Party/OpenAMP/virtqueue.o
 .text.vq_ring_notify_host
                0x0000000008106a44       0x20 ./Middlewares/Third_Party/OpenAMP/virtqueue.o
 .text.HAL_HSEM_FreeCallback
                0x0000000008106a64       0x20 ./OPENAMP/mbox_hsem.o
                0x0000000008106a64                HAL_HSEM_FreeCallback
 .text.MAILBOX_Init
                0x0000000008106a84       0x38 ./OPENAMP/mbox_hsem.o
                0x0000000008106a84                MAILBOX_Init
 .text.MAILBOX_Poll
                0x0000000008106abc       0x34 ./OPENAMP/mbox_hsem.o
                0x0000000008106abc                MAILBOX_Poll
 .text.MAILBOX_Notify
                0x0000000008106af0       0x22 ./OPENAMP/mbox_hsem.o
                0x0000000008106af0                MAILBOX_Notify
 .text.metal_device_io_region
                0x0000000008106b12       0x36 ./OPENAMP/openamp.o
 .text.OPENAMP_shmem_init
                0x0000000008106b48      0x140 ./OPENAMP/openamp.o
 .text.MX_OPENAMP_Init
                0x0000000008106c88      0x12c ./OPENAMP/openamp.o
                0x0000000008106c88                MX_OPENAMP_Init
 .text.OPENAMP_create_endpoint
                0x0000000008106db4       0x3c ./OPENAMP/openamp.o
                0x0000000008106db4                OPENAMP_create_endpoint
 .text.OPENAMP_check_for_message
                0x0000000008106df0       0x18 ./OPENAMP/openamp.o
                0x0000000008106df0                OPENAMP_check_for_message
 .text.resource_table_init
                0x0000000008106e08       0x38 ./OPENAMP/rsc_table.o
                0x0000000008106e08                resource_table_init
 .text.__assert_func
                0x0000000008106e40       0x3c c:/st/stm32cubeide_1.9.0/stm32cubeide/plugins/com.st.stm32cube.ide.mcu.externaltools.gnu-tools-for-stm32.10.3-2021.10.win32_1.0.0.202111181127/tools/bin/../lib/gcc/arm-none-eabi/10.3.1/../../../../arm-none-eabi/lib/thumb/v7e-m+fp/hard\libc_nano.a(lib_a-assert.o)
                0x0000000008106e40                __assert_func
 .text.fprintf  0x0000000008106e7c       0x24 c:/st/stm32cubeide_1.9.0/stm32cubeide/plugins/com.st.stm32cube.ide.mcu.externaltools.gnu-tools-for-stm32.10.3-2021.10.win32_1.0.0.202111181127/tools/bin/../lib/gcc/arm-none-eabi/10.3.1/../../../../arm-none-eabi/lib/thumb/v7e-m+fp/hard\libc_nano.a(lib_a-fprintf.o)
                0x0000000008106e7c                fiprintf
                0x0000000008106e7c                fprintf
 .text.__libc_init_array
                0x0000000008106ea0       0x48 c:/st/stm32cubeide_1.9.0/stm32cubeide/plugins/com.st.stm32cube.ide.mcu.externaltools.gnu-tools-for-stm32.10.3-2021.10.win32_1.0.0.202111181127/tools/bin/../lib/gcc/arm-none-eabi/10.3.1/../../../../arm-none-eabi/lib/thumb/v7e-m+fp/hard\libc_nano.a(lib_a-init.o)
                0x0000000008106ea0                __libc_init_array
 .text.malloc   0x0000000008106ee8       0x10 c:/st/stm32cubeide_1.9.0/stm32cubeide/plugins/com.st.stm32cube.ide.mcu.externaltools.gnu-tools-for-stm32.10.3-2021.10.win32_1.0.0.202111181127/tools/bin/../lib/gcc/arm-none-eabi/10.3.1/../../../../arm-none-eabi/lib/thumb/v7e-m+fp/hard\libc_nano.a(lib_a-malloc.o)
                0x0000000008106ee8                malloc
 .text.free     0x0000000008106ef8       0x10 c:/st/stm32cubeide_1.9.0/stm32cubeide/plugins/com.st.stm32cube.ide.mcu.externaltools.gnu-tools-for-stm32.10.3-2021.10.win32_1.0.0.202111181127/tools/bin/../lib/gcc/arm-none-eabi/10.3.1/../../../../arm-none-eabi/lib/thumb/v7e-m+fp/hard\libc_nano.a(lib_a-malloc.o)
                0x0000000008106ef8                free
 .text.memcpy   0x0000000008106f08       0x1c c:/st/stm32cubeide_1.9.0/stm32cubeide/plugins/com.st.stm32cube.ide.mcu.externaltools.gnu-tools-for-stm32.10.3-2021.10.win32_1.0.0.202111181127/tools/bin/../lib/gcc/arm-none-eabi/10.3.1/../../../../arm-none-eabi/lib/thumb/v7e-m+fp/hard\libc_nano.a(lib_a-memcpy-stub.o)
                0x0000000008106f08                memcpy
 .text.memset   0x0000000008106f24       0x10 c:/st/stm32cubeide_1.9.0/stm32cubeide/plugins/com.st.stm32cube.ide.mcu.externaltools.gnu-tools-for-stm32.10.3-2021.10.win32_1.0.0.202111181127/tools/bin/../lib/gcc/arm-none-eabi/10.3.1/../../../../arm-none-eabi/lib/thumb/v7e-m+fp/hard\libc_nano.a(lib_a-memset.o)
                0x0000000008106f24                memset
 .text._free_r  0x0000000008106f34       0x98 c:/st/stm32cubeide_1.9.0/stm32cubeide/plugins/com.st.stm32cube.ide.mcu.externaltools.gnu-tools-for-stm32.10.3-2021.10.win32_1.0.0.202111181127/tools/bin/../lib/gcc/arm-none-eabi/10.3.1/../../../../arm-none-eabi/lib/thumb/v7e-m+fp/hard\libc_nano.a(lib_a-nano-freer.o)
                0x0000000008106f34                _free_r
 .text.sbrk_aligned
                0x0000000008106fcc       0x40 c:/st/stm32cubeide_1.9.0/stm32cubeide/plugins/com.st.stm32cube.ide.mcu.externaltools.gnu-tools-for-stm32.10.3-2021.10.win32_1.0.0.202111181127/tools/bin/../lib/gcc/arm-none-eabi/10.3.1/../../../../arm-none-eabi/lib/thumb/v7e-m+fp/hard\libc_nano.a(lib_a-nano-mallocr.o)
 .text._malloc_r
                0x000000000810700c       0xe8 c:/st/stm32cubeide_1.9.0/stm32cubeide/plugins/com.st.stm32cube.ide.mcu.externaltools.gnu-tools-for-stm32.10.3-2021.10.win32_1.0.0.202111181127/tools/bin/../lib/gcc/arm-none-eabi/10.3.1/../../../../arm-none-eabi/lib/thumb/v7e-m+fp/hard\libc_nano.a(lib_a-nano-mallocr.o)
                0x000000000810700c                _malloc_r
 .text.__sfputc_r
                0x00000000081070f4       0x2e c:/st/stm32cubeide_1.9.0/stm32cubeide/plugins/com.st.stm32cube.ide.mcu.externaltools.gnu-tools-for-stm32.10.3-2021.10.win32_1.0.0.202111181127/tools/bin/../lib/gcc/arm-none-eabi/10.3.1/../../../../arm-none-eabi/lib/thumb/v7e-m+fp/hard\libc_nano.a(lib_a-nano-vfprintf.o)
 .text.__sfputs_r
                0x0000000008107122       0x24 c:/st/stm32cubeide_1.9.0/stm32cubeide/plugins/com.st.stm32cube.ide.mcu.externaltools.gnu-tools-for-stm32.10.3-2021.10.win32_1.0.0.202111181127/tools/bin/../lib/gcc/arm-none-eabi/10.3.1/../../../../arm-none-eabi/lib/thumb/v7e-m+fp/hard\libc_nano.a(lib_a-nano-vfprintf.o)
                0x0000000008107122                __sfputs_r
 *fill*         0x0000000008107146        0x2 
 .text._vfprintf_r
                0x0000000008107148      0x260 c:/st/stm32cubeide_1.9.0/stm32cubeide/plugins/com.st.stm32cube.ide.mcu.externaltools.gnu-tools-for-stm32.10.3-2021.10.win32_1.0.0.202111181127/tools/bin/../lib/gcc/arm-none-eabi/10.3.1/../../../../arm-none-eabi/lib/thumb/v7e-m+fp/hard\libc_nano.a(lib_a-nano-vfprintf.o)
                0x0000000008107148                _vfprintf_r
                0x0000000008107148                _vfiprintf_r
 .text._printf_common
                0x00000000081073a8       0xda c:/st/stm32cubeide_1.9.0/stm32cubeide/plugins/com.st.stm32cube.ide.mcu.externaltools.gnu-tools-for-stm32.10.3-2021.10.win32_1.0.0.202111181127/tools/bin/../lib/gcc/arm-none-eabi/10.3.1/../../../../arm-none-eabi/lib/thumb/v7e-m+fp/hard\libc_nano.a(lib_a-nano-vfprintf_i.o)
                0x00000000081073a8                _printf_common
 *fill*         0x0000000008107482        0x2 
 .text._printf_i
                0x0000000008107484      0x24c c:/st/stm32cubeide_1.9.0/stm32cubeide/plugins/com.st.stm32cube.ide.mcu.externaltools.gnu-tools-for-stm32.10.3-2021.10.win32_1.0.0.202111181127/tools/bin/../lib/gcc/arm-none-eabi/10.3.1/../../../../arm-none-eabi/lib/thumb/v7e-m+fp/hard\libc_nano.a(lib_a-nano-vfprintf_i.o)
                0x0000000008107484                _printf_i
 .text._sbrk_r  0x00000000081076d0       0x20 c:/st/stm32cubeide_1.9.0/stm32cubeide/plugins/com.st.stm32cube.ide.mcu.externaltools.gnu-tools-for-stm32.10.3-2021.10.win32_1.0.0.202111181127/tools/bin/../lib/gcc/arm-none-eabi/10.3.1/../../../../arm-none-eabi/lib/thumb/v7e-m+fp/hard\libc_nano.a(lib_a-sbrkr.o)
                0x00000000081076d0                _sbrk_r
 .text.strncmp  0x00000000081076f0       0x28 c:/st/stm32cubeide_1.9.0/stm32cubeide/plugins/com.st.stm32cube.ide.mcu.externaltools.gnu-tools-for-stm32.10.3-2021.10.win32_1.0.0.202111181127/tools/bin/../lib/gcc/arm-none-eabi/10.3.1/../../../../arm-none-eabi/lib/thumb/v7e-m+fp/hard\libc_nano.a(lib_a-strncmp.o)
                0x00000000081076f0                strncmp
 .text.strncpy  0x0000000008107718       0x26 c:/st/stm32cubeide_1.9.0/stm32cubeide/plugins/com.st.stm32cube.ide.mcu.externaltools.gnu-tools-for-stm32.10.3-2021.10.win32_1.0.0.202111181127/tools/bin/../lib/gcc/arm-none-eabi/10.3.1/../../../../arm-none-eabi/lib/thumb/v7e-m+fp/hard\libc_nano.a(lib_a-strncpy.o)
                0x0000000008107718                strncpy
 .text.strstr   0x000000000810773e       0x2c c:/st/stm32cubeide_1.9.0/stm32cubeide/plugins/com.st.stm32cube.ide.mcu.externaltools.gnu-tools-for-stm32.10.3-2021.10.win32_1.0.0.202111181127/tools/bin/../lib/gcc/arm-none-eabi/10.3.1/../../../../arm-none-eabi/lib/thumb/v7e-m+fp/hard\libc_nano.a(lib_a-strstr.o)
                0x000000000810773e                strstr
 *fill*         0x000000000810776a        0x2 
 .text.__swbuf_r
                0x000000000810776c       0xa4 c:/st/stm32cubeide_1.9.0/stm32cubeide/plugins/com.st.stm32cube.ide.mcu.externaltools.gnu-tools-for-stm32.10.3-2021.10.win32_1.0.0.202111181127/tools/bin/../lib/gcc/arm-none-eabi/10.3.1/../../../../arm-none-eabi/lib/thumb/v7e-m+fp/hard\libc_nano.a(lib_a-wbuf.o)
                0x000000000810776c                __swbuf_r
 .text.__swsetup_r
                0x0000000008107810       0xdc c:/st/stm32cubeide_1.9.0/stm32cubeide/plugins/com.st.stm32cube.ide.mcu.externaltools.gnu-tools-for-stm32.10.3-2021.10.win32_1.0.0.202111181127/tools/bin/../lib/gcc/arm-none-eabi/10.3.1/../../../../arm-none-eabi/lib/thumb/v7e-m+fp/hard\libc_nano.a(lib_a-wsetup.o)
                0x0000000008107810                __swsetup_r
 .text.abort    0x00000000081078ec        0xe c:/st/stm32cubeide_1.9.0/stm32cubeide/plugins/com.st.stm32cube.ide.mcu.externaltools.gnu-tools-for-stm32.10.3-2021.10.win32_1.0.0.202111181127/tools/bin/../lib/gcc/arm-none-eabi/10.3.1/../../../../arm-none-eabi/lib/thumb/v7e-m+fp/hard\libc_nano.a(lib_a-abort.o)
                0x00000000081078ec                abort
 *fill*         0x00000000081078fa        0x2 
 .text.__sflush_r
                0x00000000081078fc      0x10c c:/st/stm32cubeide_1.9.0/stm32cubeide/plugins/com.st.stm32cube.ide.mcu.externaltools.gnu-tools-for-stm32.10.3-2021.10.win32_1.0.0.202111181127/tools/bin/../lib/gcc/arm-none-eabi/10.3.1/../../../../arm-none-eabi/lib/thumb/v7e-m+fp/hard\libc_nano.a(lib_a-fflush.o)
                0x00000000081078fc                __sflush_r
 .text._fflush_r
                0x0000000008107a08       0x78 c:/st/stm32cubeide_1.9.0/stm32cubeide/plugins/com.st.stm32cube.ide.mcu.externaltools.gnu-tools-for-stm32.10.3-2021.10.win32_1.0.0.202111181127/tools/bin/../lib/gcc/arm-none-eabi/10.3.1/../../../../arm-none-eabi/lib/thumb/v7e-m+fp/hard\libc_nano.a(lib_a-fflush.o)
                0x0000000008107a08                _fflush_r
 .text.std      0x0000000008107a80       0x48 c:/st/stm32cubeide_1.9.0/stm32cubeide/plugins/com.st.stm32cube.ide.mcu.externaltools.gnu-tools-for-stm32.10.3-2021.10.win32_1.0.0.202111181127/tools/bin/../lib/gcc/arm-none-eabi/10.3.1/../../../../arm-none-eabi/lib/thumb/v7e-m+fp/hard\libc_nano.a(lib_a-findfp.o)
 .text._cleanup_r
                0x0000000008107ac8        0xc c:/st/stm32cubeide_1.9.0/stm32cubeide/plugins/com.st.stm32cube.ide.mcu.externaltools.gnu-tools-for-stm32.10.3-2021.10.win32_1.0.0.202111181127/tools/bin/../lib/gcc/arm-none-eabi/10.3.1/../../../../arm-none-eabi/lib/thumb/v7e-m+fp/hard\libc_nano.a(lib_a-findfp.o)
                0x0000000008107ac8                _cleanup_r
 .text.__sfmoreglue
                0x0000000008107ad4       0x2c c:/st/stm32cubeide_1.9.0/stm32cubeide/plugins/com.st.stm32cube.ide.mcu.externaltools.gnu-tools-for-stm32.10.3-2021.10.win32_1.0.0.202111181127/tools/bin/../lib/gcc/arm-none-eabi/10.3.1/../../../../arm-none-eabi/lib/thumb/v7e-m+fp/hard\libc_nano.a(lib_a-findfp.o)
                0x0000000008107ad4                __sfmoreglue
 .text.__sfp_lock_acquire
                0x0000000008107b00        0xc c:/st/stm32cubeide_1.9.0/stm32cubeide/plugins/com.st.stm32cube.ide.mcu.externaltools.gnu-tools-for-stm32.10.3-2021.10.win32_1.0.0.202111181127/tools/bin/../lib/gcc/arm-none-eabi/10.3.1/../../../../arm-none-eabi/lib/thumb/v7e-m+fp/hard\libc_nano.a(lib_a-findfp.o)
                0x0000000008107b00                __sfp_lock_acquire
 .text.__sfp_lock_release
                0x0000000008107b0c        0xc c:/st/stm32cubeide_1.9.0/stm32cubeide/plugins/com.st.stm32cube.ide.mcu.externaltools.gnu-tools-for-stm32.10.3-2021.10.win32_1.0.0.202111181127/tools/bin/../lib/gcc/arm-none-eabi/10.3.1/../../../../arm-none-eabi/lib/thumb/v7e-m+fp/hard\libc_nano.a(lib_a-findfp.o)
                0x0000000008107b0c                __sfp_lock_release
 .text.__sinit_lock_acquire
                0x0000000008107b18        0xc c:/st/stm32cubeide_1.9.0/stm32cubeide/plugins/com.st.stm32cube.ide.mcu.externaltools.gnu-tools-for-stm32.10.3-2021.10.win32_1.0.0.202111181127/tools/bin/../lib/gcc/arm-none-eabi/10.3.1/../../../../arm-none-eabi/lib/thumb/v7e-m+fp/hard\libc_nano.a(lib_a-findfp.o)
                0x0000000008107b18                __sinit_lock_acquire
 .text.__sinit_lock_release
                0x0000000008107b24        0xc c:/st/stm32cubeide_1.9.0/stm32cubeide/plugins/com.st.stm32cube.ide.mcu.externaltools.gnu-tools-for-stm32.10.3-2021.10.win32_1.0.0.202111181127/tools/bin/../lib/gcc/arm-none-eabi/10.3.1/../../../../arm-none-eabi/lib/thumb/v7e-m+fp/hard\libc_nano.a(lib_a-findfp.o)
                0x0000000008107b24                __sinit_lock_release
 .text.__sinit  0x0000000008107b30       0x70 c:/st/stm32cubeide_1.9.0/stm32cubeide/plugins/com.st.stm32cube.ide.mcu.externaltools.gnu-tools-for-stm32.10.3-2021.10.win32_1.0.0.202111181127/tools/bin/../lib/gcc/arm-none-eabi/10.3.1/../../../../arm-none-eabi/lib/thumb/v7e-m+fp/hard\libc_nano.a(lib_a-findfp.o)
                0x0000000008107b30                __sinit
 .text.__sfp    0x0000000008107ba0       0x8c c:/st/stm32cubeide_1.9.0/stm32cubeide/plugins/com.st.stm32cube.ide.mcu.externaltools.gnu-tools-for-stm32.10.3-2021.10.win32_1.0.0.202111181127/tools/bin/../lib/gcc/arm-none-eabi/10.3.1/../../../../arm-none-eabi/lib/thumb/v7e-m+fp/hard\libc_nano.a(lib_a-findfp.o)
                0x0000000008107ba0                __sfp
 .text._fwalk_reent
                0x0000000008107c2c       0x3e c:/st/stm32cubeide_1.9.0/stm32cubeide/plugins/com.st.stm32cube.ide.mcu.externaltools.gnu-tools-for-stm32.10.3-2021.10.win32_1.0.0.202111181127/tools/bin/../lib/gcc/arm-none-eabi/10.3.1/../../../../arm-none-eabi/lib/thumb/v7e-m+fp/hard\libc_nano.a(lib_a-fwalk.o)
                0x0000000008107c2c                _fwalk_reent
 .text.__retarget_lock_init_recursive
                0x0000000008107c6a        0x2 c:/st/stm32cubeide_1.9.0/stm32cubeide/plugins/com.st.stm32cube.ide.mcu.externaltools.gnu-tools-for-stm32.10.3-2021.10.win32_1.0.0.202111181127/tools/bin/../lib/gcc/arm-none-eabi/10.3.1/../../../../arm-none-eabi/lib/thumb/v7e-m+fp/hard\libc_nano.a(lib_a-lock.o)
                0x0000000008107c6a                __retarget_lock_init_recursive
 .text.__retarget_lock_acquire_recursive
                0x0000000008107c6c        0x2 c:/st/stm32cubeide_1.9.0/stm32cubeide/plugins/com.st.stm32cube.ide.mcu.externaltools.gnu-tools-for-stm32.10.3-2021.10.win32_1.0.0.202111181127/tools/bin/../lib/gcc/arm-none-eabi/10.3.1/../../../../arm-none-eabi/lib/thumb/v7e-m+fp/hard\libc_nano.a(lib_a-lock.o)
                0x0000000008107c6c                __retarget_lock_acquire_recursive
 .text.__retarget_lock_release_recursive
                0x0000000008107c6e        0x2 c:/st/stm32cubeide_1.9.0/stm32cubeide/plugins/com.st.stm32cube.ide.mcu.externaltools.gnu-tools-for-stm32.10.3-2021.10.win32_1.0.0.202111181127/tools/bin/../lib/gcc/arm-none-eabi/10.3.1/../../../../arm-none-eabi/lib/thumb/v7e-m+fp/hard\libc_nano.a(lib_a-lock.o)
                0x0000000008107c6e                __retarget_lock_release_recursive
 .text.__swhatbuf_r
                0x0000000008107c70       0x4a c:/st/stm32cubeide_1.9.0/stm32cubeide/plugins/com.st.stm32cube.ide.mcu.externaltools.gnu-tools-for-stm32.10.3-2021.10.win32_1.0.0.202111181127/tools/bin/../lib/gcc/arm-none-eabi/10.3.1/../../../../arm-none-eabi/lib/thumb/v7e-m+fp/hard\libc_nano.a(lib_a-makebuf.o)
                0x0000000008107c70                __swhatbuf_r
 *fill*         0x0000000008107cba        0x2 
 .text.__smakebuf_r
                0x0000000008107cbc       0x80 c:/st/stm32cubeide_1.9.0/stm32cubeide/plugins/com.st.stm32cube.ide.mcu.externaltools.gnu-tools-for-stm32.10.3-2021.10.win32_1.0.0.202111181127/tools/bin/../lib/gcc/arm-none-eabi/10.3.1/../../../../arm-none-eabi/lib/thumb/v7e-m+fp/hard\libc_nano.a(lib_a-makebuf.o)
                0x0000000008107cbc                __smakebuf_r
 .text.__malloc_lock
                0x0000000008107d3c        0xc c:/st/stm32cubeide_1.9.0/stm32cubeide/plugins/com.st.stm32cube.ide.mcu.externaltools.gnu-tools-for-stm32.10.3-2021.10.win32_1.0.0.202111181127/tools/bin/../lib/gcc/arm-none-eabi/10.3.1/../../../../arm-none-eabi/lib/thumb/v7e-m+fp/hard\libc_nano.a(lib_a-mlock.o)
                0x0000000008107d3c                __malloc_lock
 .text.__malloc_unlock
                0x0000000008107d48        0xc c:/st/stm32cubeide_1.9.0/stm32cubeide/plugins/com.st.stm32cube.ide.mcu.externaltools.gnu-tools-for-stm32.10.3-2021.10.win32_1.0.0.202111181127/tools/bin/../lib/gcc/arm-none-eabi/10.3.1/../../../../arm-none-eabi/lib/thumb/v7e-m+fp/hard\libc_nano.a(lib_a-mlock.o)
                0x0000000008107d48                __malloc_unlock
 .text._raise_r
                0x0000000008107d54       0x50 c:/st/stm32cubeide_1.9.0/stm32cubeide/plugins/com.st.stm32cube.ide.mcu.externaltools.gnu-tools-for-stm32.10.3-2021.10.win32_1.0.0.202111181127/tools/bin/../lib/gcc/arm-none-eabi/10.3.1/../../../../arm-none-eabi/lib/thumb/v7e-m+fp/hard\libc_nano.a(lib_a-signal.o)
                0x0000000008107d54                _raise_r
 .text.raise    0x0000000008107da4       0x10 c:/st/stm32cubeide_1.9.0/stm32cubeide/plugins/com.st.stm32cube.ide.mcu.externaltools.gnu-tools-for-stm32.10.3-2021.10.win32_1.0.0.202111181127/tools/bin/../lib/gcc/arm-none-eabi/10.3.1/../../../../arm-none-eabi/lib/thumb/v7e-m+fp/hard\libc_nano.a(lib_a-signal.o)
                0x0000000008107da4                raise
 .text._kill_r  0x0000000008107db4       0x24 c:/st/stm32cubeide_1.9.0/stm32cubeide/plugins/com.st.stm32cube.ide.mcu.externaltools.gnu-tools-for-stm32.10.3-2021.10.win32_1.0.0.202111181127/tools/bin/../lib/gcc/arm-none-eabi/10.3.1/../../../../arm-none-eabi/lib/thumb/v7e-m+fp/hard\libc_nano.a(lib_a-signalr.o)
                0x0000000008107db4                _kill_r
 .text._getpid_r
                0x0000000008107dd8        0x4 c:/st/stm32cubeide_1.9.0/stm32cubeide/plugins/com.st.stm32cube.ide.mcu.externaltools.gnu-tools-for-stm32.10.3-2021.10.win32_1.0.0.202111181127/tools/bin/../lib/gcc/arm-none-eabi/10.3.1/../../../../arm-none-eabi/lib/thumb/v7e-m+fp/hard\libc_nano.a(lib_a-signalr.o)
                0x0000000008107dd8                _getpid_r
 .text.__sread  0x0000000008107ddc       0x22 c:/st/stm32cubeide_1.9.0/stm32cubeide/plugins/com.st.stm32cube.ide.mcu.externaltools.gnu-tools-for-stm32.10.3-2021.10.win32_1.0.0.202111181127/tools/bin/../lib/gcc/arm-none-eabi/10.3.1/../../../../arm-none-eabi/lib/thumb/v7e-m+fp/hard\libc_nano.a(lib_a-stdio.o)
                0x0000000008107ddc                __sread
 .text.__swrite
                0x0000000008107dfe       0x38 c:/st/stm32cubeide_1.9.0/stm32cubeide/plugins/com.st.stm32cube.ide.mcu.externaltools.gnu-tools-for-stm32.10.3-2021.10.win32_1.0.0.202111181127/tools/bin/../lib/gcc/arm-none-eabi/10.3.1/../../../../arm-none-eabi/lib/thumb/v7e-m+fp/hard\libc_nano.a(lib_a-stdio.o)
                0x0000000008107dfe                __swrite
 .text.__sseek  0x0000000008107e36       0x24 c:/st/stm32cubeide_1.9.0/stm32cubeide/plugins/com.st.stm32cube.ide.mcu.externaltools.gnu-tools-for-stm32.10.3-2021.10.win32_1.0.0.202111181127/tools/bin/../lib/gcc/arm-none-eabi/10.3.1/../../../../arm-none-eabi/lib/thumb/v7e-m+fp/hard\libc_nano.a(lib_a-stdio.o)
                0x0000000008107e36                __sseek
 .text.__sclose
                0x0000000008107e5a        0x8 c:/st/stm32cubeide_1.9.0/stm32cubeide/plugins/com.st.stm32cube.ide.mcu.externaltools.gnu-tools-for-stm32.10.3-2021.10.win32_1.0.0.202111181127/tools/bin/../lib/gcc/arm-none-eabi/10.3.1/../../../../arm-none-eabi/lib/thumb/v7e-m+fp/hard\libc_nano.a(lib_a-stdio.o)
                0x0000000008107e5a                __sclose
 *fill*         0x0000000008107e62        0x2 
 .text._write_r
                0x0000000008107e64       0x24 c:/st/stm32cubeide_1.9.0/stm32cubeide/plugins/com.st.stm32cube.ide.mcu.externaltools.gnu-tools-for-stm32.10.3-2021.10.win32_1.0.0.202111181127/tools/bin/../lib/gcc/arm-none-eabi/10.3.1/../../../../arm-none-eabi/lib/thumb/v7e-m+fp/hard\libc_nano.a(lib_a-writer.o)
                0x0000000008107e64                _write_r
 .text._close_r
                0x0000000008107e88       0x20 c:/st/stm32cubeide_1.9.0/stm32cubeide/plugins/com.st.stm32cube.ide.mcu.externaltools.gnu-tools-for-stm32.10.3-2021.10.win32_1.0.0.202111181127/tools/bin/../lib/gcc/arm-none-eabi/10.3.1/../../../../arm-none-eabi/lib/thumb/v7e-m+fp/hard\libc_nano.a(lib_a-closer.o)
                0x0000000008107e88                _close_r
 .text._fstat_r
                0x0000000008107ea8       0x24 c:/st/stm32cubeide_1.9.0/stm32cubeide/plugins/com.st.stm32cube.ide.mcu.externaltools.gnu-tools-for-stm32.10.3-2021.10.win32_1.0.0.202111181127/tools/bin/../lib/gcc/arm-none-eabi/10.3.1/../../../../arm-none-eabi/lib/thumb/v7e-m+fp/hard\libc_nano.a(lib_a-fstatr.o)
                0x0000000008107ea8                _fstat_r
 .text._isatty_r
                0x0000000008107ecc       0x20 c:/st/stm32cubeide_1.9.0/stm32cubeide/plugins/com.st.stm32cube.ide.mcu.externaltools.gnu-tools-for-stm32.10.3-2021.10.win32_1.0.0.202111181127/tools/bin/../lib/gcc/arm-none-eabi/10.3.1/../../../../arm-none-eabi/lib/thumb/v7e-m+fp/hard\libc_nano.a(lib_a-isattyr.o)
                0x0000000008107ecc                _isatty_r
 .text._lseek_r
                0x0000000008107eec       0x24 c:/st/stm32cubeide_1.9.0/stm32cubeide/plugins/com.st.stm32cube.ide.mcu.externaltools.gnu-tools-for-stm32.10.3-2021.10.win32_1.0.0.202111181127/tools/bin/../lib/gcc/arm-none-eabi/10.3.1/../../../../arm-none-eabi/lib/thumb/v7e-m+fp/hard\libc_nano.a(lib_a-lseekr.o)
                0x0000000008107eec                _lseek_r
 .text._read_r  0x0000000008107f10       0x24 c:/st/stm32cubeide_1.9.0/stm32cubeide/plugins/com.st.stm32cube.ide.mcu.externaltools.gnu-tools-for-stm32.10.3-2021.10.win32_1.0.0.202111181127/tools/bin/../lib/gcc/arm-none-eabi/10.3.1/../../../../arm-none-eabi/lib/thumb/v7e-m+fp/hard\libc_nano.a(lib_a-readr.o)
                0x0000000008107f10                _read_r
 *(.glue_7)
 .glue_7        0x0000000008107f34        0x0 linker stubs
 *(.glue_7t)
 .glue_7t       0x0000000008107f34        0x0 linker stubs
 *(.eh_frame)
 .eh_frame      0x0000000008107f34        0x0 c:/st/stm32cubeide_1.9.0/stm32cubeide/plugins/com.st.stm32cube.ide.mcu.externaltools.gnu-tools-for-stm32.10.3-2021.10.win32_1.0.0.202111181127/tools/bin/../lib/gcc/arm-none-eabi/10.3.1/thumb/v7e-m+fp/hard/crtbegin.o
 *(.init)
 .init          0x0000000008107f34        0x4 c:/st/stm32cubeide_1.9.0/stm32cubeide/plugins/com.st.stm32cube.ide.mcu.externaltools.gnu-tools-for-stm32.10.3-2021.10.win32_1.0.0.202111181127/tools/bin/../lib/gcc/arm-none-eabi/10.3.1/thumb/v7e-m+fp/hard/crti.o
                0x0000000008107f34                _init
 .init          0x0000000008107f38        0x8 c:/st/stm32cubeide_1.9.0/stm32cubeide/plugins/com.st.stm32cube.ide.mcu.externaltools.gnu-tools-for-stm32.10.3-2021.10.win32_1.0.0.202111181127/tools/bin/../lib/gcc/arm-none-eabi/10.3.1/thumb/v7e-m+fp/hard/crtn.o
 *(.fini)
 .fini          0x0000000008107f40        0x4 c:/st/stm32cubeide_1.9.0/stm32cubeide/plugins/com.st.stm32cube.ide.mcu.externaltools.gnu-tools-for-stm32.10.3-2021.10.win32_1.0.0.202111181127/tools/bin/../lib/gcc/arm-none-eabi/10.3.1/thumb/v7e-m+fp/hard/crti.o
                0x0000000008107f40                _fini
 .fini          0x0000000008107f44        0x8 c:/st/stm32cubeide_1.9.0/stm32cubeide/plugins/com.st.stm32cube.ide.mcu.externaltools.gnu-tools-for-stm32.10.3-2021.10.win32_1.0.0.202111181127/tools/bin/../lib/gcc/arm-none-eabi/10.3.1/thumb/v7e-m+fp/hard/crtn.o
                0x0000000008107f4c                . = ALIGN (0x4)
                0x0000000008107f4c                _etext = .

.vfp11_veneer   0x0000000008107f4c        0x0
 .vfp11_veneer  0x0000000008107f4c        0x0 linker stubs

.v4_bx          0x0000000008107f4c        0x0
 .v4_bx         0x0000000008107f4c        0x0 linker stubs

.iplt           0x0000000008107f4c        0x0
 .iplt          0x0000000008107f4c        0x0 c:/st/stm32cubeide_1.9.0/stm32cubeide/plugins/com.st.stm32cube.ide.mcu.externaltools.gnu-tools-for-stm32.10.3-2021.10.win32_1.0.0.202111181127/tools/bin/../lib/gcc/arm-none-eabi/10.3.1/thumb/v7e-m+fp/hard/crtbegin.o

.rodata         0x0000000008107f4c      0x358
                0x0000000008107f4c                . = ALIGN (0x4)
 *(.rodata)
 .rodata        0x0000000008107f4c       0x15 ./Core/Src/main.o
 *fill*         0x0000000008107f61        0x3 
 .rodata        0x0000000008107f64       0xbc ./Middlewares/Third_Party/OpenAMP/device.o
 .rodata        0x0000000008108020       0xee ./Middlewares/Third_Party/OpenAMP/remoteproc_virtio.o
 *fill*         0x000000000810810e        0x2 
 .rodata        0x0000000008108110       0x13 ./Middlewares/Third_Party/OpenAMP/rpmsg_virtio.o
 *fill*         0x0000000008108123        0x1 
 .rodata        0x0000000008108124       0x1d ./OPENAMP/openamp.o
 *(.rodata*)
 *fill*         0x0000000008108141        0x3 
 .rodata.D1CorePrescTable
                0x0000000008108144       0x10 ./Common/Src/system_stm32h7xx_dualcore_boot_cm4_cm7.o
                0x0000000008108144                D1CorePrescTable
 .rodata.UARTPrescTable
                0x0000000008108154       0x18 ./Drivers/STM32H7xx_HAL_Driver/stm32h7xx_hal_uart.o
                0x0000000008108154                UARTPrescTable
 .rodata.numerator.1
                0x000000000810816c        0x8 ./Drivers/STM32H7xx_HAL_Driver/stm32h7xx_hal_uart_ex.o
 .rodata.denominator.0
                0x0000000008108174        0x8 ./Drivers/STM32H7xx_HAL_Driver/stm32h7xx_hal_uart_ex.o
 .rodata.remoteproc_virtio_dispatch_funcs
                0x000000000810817c       0x24 ./Middlewares/Third_Party/OpenAMP/remoteproc_virtio.o
                0x000000000810817c                remoteproc_virtio_dispatch_funcs
 .rodata.__func__.1
                0x00000000081081a0       0x1e ./Middlewares/Third_Party/OpenAMP/remoteproc_virtio.o
 *fill*         0x00000000081081be        0x2 
 .rodata.__func__.0
                0x00000000081081c0        0xe ./Middlewares/Third_Party/OpenAMP/remoteproc_virtio.o
 .rodata.__assert_func.str1.1
                0x00000000081081ce       0x3c c:/st/stm32cubeide_1.9.0/stm32cubeide/plugins/com.st.stm32cube.ide.mcu.externaltools.gnu-tools-for-stm32.10.3-2021.10.win32_1.0.0.202111181127/tools/bin/../lib/gcc/arm-none-eabi/10.3.1/../../../../arm-none-eabi/lib/thumb/v7e-m+fp/hard\libc_nano.a(lib_a-assert.o)
                                         0x3d (size before relaxing)
 *fill*         0x000000000810820a        0x2 
 .rodata._global_impure_ptr
                0x000000000810820c        0x4 c:/st/stm32cubeide_1.9.0/stm32cubeide/plugins/com.st.stm32cube.ide.mcu.externaltools.gnu-tools-for-stm32.10.3-2021.10.win32_1.0.0.202111181127/tools/bin/../lib/gcc/arm-none-eabi/10.3.1/../../../../arm-none-eabi/lib/thumb/v7e-m+fp/hard\libc_nano.a(lib_a-impure.o)
                0x000000000810820c                _global_impure_ptr
 .rodata._vfprintf_r.str1.1
                0x0000000008108210       0x11 c:/st/stm32cubeide_1.9.0/stm32cubeide/plugins/com.st.stm32cube.ide.mcu.externaltools.gnu-tools-for-stm32.10.3-2021.10.win32_1.0.0.202111181127/tools/bin/../lib/gcc/arm-none-eabi/10.3.1/../../../../arm-none-eabi/lib/thumb/v7e-m+fp/hard\libc_nano.a(lib_a-nano-vfprintf.o)
 .rodata._printf_i.str1.1
                0x0000000008108221       0x22 c:/st/stm32cubeide_1.9.0/stm32cubeide/plugins/com.st.stm32cube.ide.mcu.externaltools.gnu-tools-for-stm32.10.3-2021.10.win32_1.0.0.202111181127/tools/bin/../lib/gcc/arm-none-eabi/10.3.1/../../../../arm-none-eabi/lib/thumb/v7e-m+fp/hard\libc_nano.a(lib_a-nano-vfprintf_i.o)
 *fill*         0x0000000008108243        0x1 
 .rodata.__sf_fake_stderr
                0x0000000008108244       0x20 c:/st/stm32cubeide_1.9.0/stm32cubeide/plugins/com.st.stm32cube.ide.mcu.externaltools.gnu-tools-for-stm32.10.3-2021.10.win32_1.0.0.202111181127/tools/bin/../lib/gcc/arm-none-eabi/10.3.1/../../../../arm-none-eabi/lib/thumb/v7e-m+fp/hard\libc_nano.a(lib_a-findfp.o)
                0x0000000008108244                __sf_fake_stderr
 .rodata.__sf_fake_stdin
                0x0000000008108264       0x20 c:/st/stm32cubeide_1.9.0/stm32cubeide/plugins/com.st.stm32cube.ide.mcu.externaltools.gnu-tools-for-stm32.10.3-2021.10.win32_1.0.0.202111181127/tools/bin/../lib/gcc/arm-none-eabi/10.3.1/../../../../arm-none-eabi/lib/thumb/v7e-m+fp/hard\libc_nano.a(lib_a-findfp.o)
                0x0000000008108264                __sf_fake_stdin
 .rodata.__sf_fake_stdout
                0x0000000008108284       0x20 c:/st/stm32cubeide_1.9.0/stm32cubeide/plugins/com.st.stm32cube.ide.mcu.externaltools.gnu-tools-for-stm32.10.3-2021.10.win32_1.0.0.202111181127/tools/bin/../lib/gcc/arm-none-eabi/10.3.1/../../../../arm-none-eabi/lib/thumb/v7e-m+fp/hard\libc_nano.a(lib_a-findfp.o)
                0x0000000008108284                __sf_fake_stdout
                0x00000000081082a4                . = ALIGN (0x4)

.ARM.extab
 *(.ARM.extab* .gnu.linkonce.armextab.*)

.ARM            0x00000000081082a4        0x8
                0x00000000081082a4                __exidx_start = .
 *(.ARM.exidx*)
 .ARM.exidx     0x00000000081082a4        0x8 c:/st/stm32cubeide_1.9.0/stm32cubeide/plugins/com.st.stm32cube.ide.mcu.externaltools.gnu-tools-for-stm32.10.3-2021.10.win32_1.0.0.202111181127/tools/bin/../lib/gcc/arm-none-eabi/10.3.1/thumb/v7e-m+fp/hard\libgcc.a(_udivmoddi4.o)
                0x00000000081082ac                __exidx_end = .

.rel.dyn        0x00000000081082ac        0x0
 .rel.iplt      0x00000000081082ac        0x0 c:/st/stm32cubeide_1.9.0/stm32cubeide/plugins/com.st.stm32cube.ide.mcu.externaltools.gnu-tools-for-stm32.10.3-2021.10.win32_1.0.0.202111181127/tools/bin/../lib/gcc/arm-none-eabi/10.3.1/thumb/v7e-m+fp/hard/crtbegin.o

.preinit_array  0x00000000081082ac        0x0
                0x00000000081082ac                PROVIDE (__preinit_array_start = .)
 *(.preinit_array*)
                0x00000000081082ac                PROVIDE (__preinit_array_end = .)

.init_array     0x00000000081082ac        0x4
                0x00000000081082ac                PROVIDE (__init_array_start = .)
 *(SORT_BY_NAME(.init_array.*))
 *(.init_array*)
 .init_array    0x00000000081082ac        0x4 c:/st/stm32cubeide_1.9.0/stm32cubeide/plugins/com.st.stm32cube.ide.mcu.externaltools.gnu-tools-for-stm32.10.3-2021.10.win32_1.0.0.202111181127/tools/bin/../lib/gcc/arm-none-eabi/10.3.1/thumb/v7e-m+fp/hard/crtbegin.o
                0x00000000081082b0                PROVIDE (__init_array_end = .)

.fini_array     0x00000000081082b0        0x4
                [!provide]                        PROVIDE (__fini_array_start = .)
 *(SORT_BY_NAME(.fini_array.*))
 *(.fini_array*)
 .fini_array    0x00000000081082b0        0x4 c:/st/stm32cubeide_1.9.0/stm32cubeide/plugins/com.st.stm32cube.ide.mcu.externaltools.gnu-tools-for-stm32.10.3-2021.10.win32_1.0.0.202111181127/tools/bin/../lib/gcc/arm-none-eabi/10.3.1/thumb/v7e-m+fp/hard/crtbegin.o
                [!provide]                        PROVIDE (__fini_array_end = .)
                0x00000000081082b4                _sidata = LOADADDR (.data)

.data           0x0000000010000000      0x11c load address 0x00000000081082b4
                0x0000000010000000                . = ALIGN (0x4)
                0x0000000010000000                _sdata = .
 *(.data)
 *(.data*)
 .data.SystemCoreClock
                0x0000000010000000        0x4 ./Common/Src/system_stm32h7xx_dualcore_boot_cm4_cm7.o
                0x0000000010000000                SystemCoreClock
 .data.SystemD2Clock
                0x0000000010000004        0x4 ./Common/Src/system_stm32h7xx_dualcore_boot_cm4_cm7.o
                0x0000000010000004                SystemD2Clock
 .data.uwTickPrio
                0x0000000010000008        0x4 ./Drivers/STM32H7xx_HAL_Driver/stm32h7xx_hal.o
                0x0000000010000008                uwTickPrio
 .data.uwTickFreq
                0x000000001000000c        0x1 ./Drivers/STM32H7xx_HAL_Driver/stm32h7xx_hal.o
                0x000000001000000c                uwTickFreq
 *fill*         0x000000001000000d        0x3 
 .data.metal_generic_bus
                0x0000000010000010       0x2c ./Middlewares/Third_Party/OpenAMP/device.o
                0x0000000010000010                metal_generic_bus
 .data.shm_device
                0x000000001000003c       0x7c ./OPENAMP/openamp.o
                0x000000001000003c                shm_device
 .data._impure_ptr
                0x00000000100000b8        0x4 c:/st/stm32cubeide_1.9.0/stm32cubeide/plugins/com.st.stm32cube.ide.mcu.externaltools.gnu-tools-for-stm32.10.3-2021.10.win32_1.0.0.202111181127/tools/bin/../lib/gcc/arm-none-eabi/10.3.1/../../../../arm-none-eabi/lib/thumb/v7e-m+fp/hard\libc_nano.a(lib_a-impure.o)
                0x00000000100000b8                _impure_ptr
 .data.impure_data
                0x00000000100000bc       0x60 c:/st/stm32cubeide_1.9.0/stm32cubeide/plugins/com.st.stm32cube.ide.mcu.externaltools.gnu-tools-for-stm32.10.3-2021.10.win32_1.0.0.202111181127/tools/bin/../lib/gcc/arm-none-eabi/10.3.1/../../../../arm-none-eabi/lib/thumb/v7e-m+fp/hard\libc_nano.a(lib_a-impure.o)
 *(.RamFunc)
 *(.RamFunc*)
                0x000000001000011c                . = ALIGN (0x4)
                0x000000001000011c                _edata = .

.igot.plt       0x000000001000011c        0x0 load address 0x00000000081083d0
 .igot.plt      0x000000001000011c        0x0 c:/st/stm32cubeide_1.9.0/stm32cubeide/plugins/com.st.stm32cube.ide.mcu.externaltools.gnu-tools-for-stm32.10.3-2021.10.win32_1.0.0.202111181127/tools/bin/../lib/gcc/arm-none-eabi/10.3.1/thumb/v7e-m+fp/hard/crtbegin.o
                0x000000001000011c                . = ALIGN (0x4)

.bss            0x000000001000011c      0x248 load address 0x00000000081083d0
                0x000000001000011c                _sbss = .
                0x000000001000011c                __bss_start__ = _sbss
 *(.bss)
 .bss           0x000000001000011c       0x1c c:/st/stm32cubeide_1.9.0/stm32cubeide/plugins/com.st.stm32cube.ide.mcu.externaltools.gnu-tools-for-stm32.10.3-2021.10.win32_1.0.0.202111181127/tools/bin/../lib/gcc/arm-none-eabi/10.3.1/thumb/v7e-m+fp/hard/crtbegin.o
 *(.bss*)
 .bss.app_len   0x0000000010000138        0x4 ./Core/Src/main.o
                0x0000000010000138                app_len
 .bss.status    0x000000001000013c        0x4 ./Core/Src/main.o
                0x000000001000013c                status
 .bss.buf       0x0000000010000140       0x32 ./Core/Src/main.o
                0x0000000010000140                buf
 *fill*         0x0000000010000172        0x2 
 .bss.message_received
                0x0000000010000174        0x4 ./Core/Src/main.o
 .bss.rp_endpoint
                0x0000000010000178       0x40 ./Core/Src/main.o
 .bss.__sbrk_heap_end
                0x00000000100001b8        0x4 ./Core/Src/sysmem.o
 .bss.htim13    0x00000000100001bc       0x4c ./Core/Src/tim.o
                0x00000000100001bc                htim13
 .bss.huart8    0x0000000010000208       0x90 ./Core/Src/usart.o
                0x0000000010000208                huart8
 .bss.uwTick    0x0000000010000298        0x4 ./Drivers/STM32H7xx_HAL_Driver/stm32h7xx_hal.o
                0x0000000010000298                uwTick
 .bss._metal    0x000000001000029c       0x20 ./Middlewares/Third_Party/OpenAMP/generic_init.o
                0x000000001000029c                _metal
 .bss.msg_received
                0x00000000100002bc        0x4 ./OPENAMP/mbox_hsem.o
 .bss.shm_io    0x00000000100002c0        0x4 ./OPENAMP/openamp.o
 .bss.rsc_io    0x00000000100002c4        0x4 ./OPENAMP/openamp.o
 .bss.rsc_table
                0x00000000100002c8        0x4 ./OPENAMP/openamp.o
 .bss.shpool    0x00000000100002cc        0xc ./OPENAMP/openamp.o
 .bss.rvdev     0x00000000100002d8       0x78 ./OPENAMP/openamp.o
 .bss.shm_physmap
                0x0000000010000350        0x4 ./OPENAMP/openamp.o
 .bss.__malloc_free_list
                0x0000000010000354        0x4 c:/st/stm32cubeide_1.9.0/stm32cubeide/plugins/com.st.stm32cube.ide.mcu.externaltools.gnu-tools-for-stm32.10.3-2021.10.win32_1.0.0.202111181127/tools/bin/../lib/gcc/arm-none-eabi/10.3.1/../../../../arm-none-eabi/lib/thumb/v7e-m+fp/hard\libc_nano.a(lib_a-nano-mallocr.o)
                0x0000000010000354                __malloc_free_list
 .bss.__malloc_sbrk_start
                0x0000000010000358        0x4 c:/st/stm32cubeide_1.9.0/stm32cubeide/plugins/com.st.stm32cube.ide.mcu.externaltools.gnu-tools-for-stm32.10.3-2021.10.win32_1.0.0.202111181127/tools/bin/../lib/gcc/arm-none-eabi/10.3.1/../../../../arm-none-eabi/lib/thumb/v7e-m+fp/hard\libc_nano.a(lib_a-nano-mallocr.o)
                0x0000000010000358                __malloc_sbrk_start
 .bss.errno     0x000000001000035c        0x4 c:/st/stm32cubeide_1.9.0/stm32cubeide/plugins/com.st.stm32cube.ide.mcu.externaltools.gnu-tools-for-stm32.10.3-2021.10.win32_1.0.0.202111181127/tools/bin/../lib/gcc/arm-none-eabi/10.3.1/../../../../arm-none-eabi/lib/thumb/v7e-m+fp/hard\libc_nano.a(lib_a-reent.o)
                0x000000001000035c                errno
 .bss.__lock___malloc_recursive_mutex
                0x0000000010000360        0x1 c:/st/stm32cubeide_1.9.0/stm32cubeide/plugins/com.st.stm32cube.ide.mcu.externaltools.gnu-tools-for-stm32.10.3-2021.10.win32_1.0.0.202111181127/tools/bin/../lib/gcc/arm-none-eabi/10.3.1/../../../../arm-none-eabi/lib/thumb/v7e-m+fp/hard\libc_nano.a(lib_a-lock.o)
                0x0000000010000360                __lock___malloc_recursive_mutex
 .bss.__lock___sfp_recursive_mutex
                0x0000000010000361        0x1 c:/st/stm32cubeide_1.9.0/stm32cubeide/plugins/com.st.stm32cube.ide.mcu.externaltools.gnu-tools-for-stm32.10.3-2021.10.win32_1.0.0.202111181127/tools/bin/../lib/gcc/arm-none-eabi/10.3.1/../../../../arm-none-eabi/lib/thumb/v7e-m+fp/hard\libc_nano.a(lib_a-lock.o)
                0x0000000010000361                __lock___sfp_recursive_mutex
 .bss.__lock___sinit_recursive_mutex
                0x0000000010000362        0x1 c:/st/stm32cubeide_1.9.0/stm32cubeide/plugins/com.st.stm32cube.ide.mcu.externaltools.gnu-tools-for-stm32.10.3-2021.10.win32_1.0.0.202111181127/tools/bin/../lib/gcc/arm-none-eabi/10.3.1/../../../../arm-none-eabi/lib/thumb/v7e-m+fp/hard\libc_nano.a(lib_a-lock.o)
                0x0000000010000362                __lock___sinit_recursive_mutex
 *(COMMON)
                0x0000000010000364                . = ALIGN (0x4)
 *fill*         0x0000000010000363        0x1 
                0x0000000010000364                _ebss = .
                0x0000000010000364                __bss_end__ = _ebss

._user_heap_stack
                0x0000000010000364      0x604 load address 0x00000000081083d0
                0x0000000010000368                . = ALIGN (0x8)
 *fill*         0x0000000010000364        0x4 
                [!provide]                        PROVIDE (end = .)
                0x0000000010000368                PROVIDE (_end = .)
                0x0000000010000568                . = (. + _Min_Heap_Size)
 *fill*         0x0000000010000368      0x200 
                0x0000000010000968                . = (. + _Min_Stack_Size)
 *fill*         0x0000000010000568      0x400 
                0x0000000010000968                . = ALIGN (0x8)

.openamp_section
                0x0000000038000000       0x8c load address 0x00000000081083d0
                0x0000000038000000                . = ABSOLUTE (0x38000000)
 *(.resource_table)
 .resource_table
                0x0000000038000000       0x8c ./OPENAMP/rsc_table.o
                0x0000000038000000                resource_table

/DISCARD/
 libc.a(*)
 libm.a(*)
 libgcc.a(*)

.ARM.attributes
                0x0000000000000000       0x30
 *(.ARM.attributes)
 .ARM.attributes
                0x0000000000000000       0x1e c:/st/stm32cubeide_1.9.0/stm32cubeide/plugins/com.st.stm32cube.ide.mcu.externaltools.gnu-tools-for-stm32.10.3-2021.10.win32_1.0.0.202111181127/tools/bin/../lib/gcc/arm-none-eabi/10.3.1/thumb/v7e-m+fp/hard/crti.o
 .ARM.attributes
                0x000000000000001e       0x34 c:/st/stm32cubeide_1.9.0/stm32cubeide/plugins/com.st.stm32cube.ide.mcu.externaltools.gnu-tools-for-stm32.10.3-2021.10.win32_1.0.0.202111181127/tools/bin/../lib/gcc/arm-none-eabi/10.3.1/thumb/v7e-m+fp/hard/crtbegin.o
 .ARM.attributes
                0x0000000000000052       0x34 ./Common/Src/system_stm32h7xx_dualcore_boot_cm4_cm7.o
 .ARM.attributes
                0x0000000000000086       0x34 ./Core/Src/gpio.o
 .ARM.attributes
                0x00000000000000ba       0x34 ./Core/Src/main.o
 .ARM.attributes
                0x00000000000000ee       0x34 ./Core/Src/stm32h7xx_hal_msp.o
 .ARM.attributes
                0x0000000000000122       0x34 ./Core/Src/stm32h7xx_it.o
 .ARM.attributes
                0x0000000000000156       0x34 ./Core/Src/syscalls.o
 .ARM.attributes
                0x000000000000018a       0x34 ./Core/Src/sysmem.o
 .ARM.attributes
                0x00000000000001be       0x34 ./Core/Src/tim.o
 .ARM.attributes
                0x00000000000001f2       0x34 ./Core/Src/usart.o
 .ARM.attributes
                0x0000000000000226       0x21 ./Core/Startup/startup_stm32h747xihx.o
 .ARM.attributes
                0x0000000000000247       0x34 ./Drivers/STM32H7xx_HAL_Driver/stm32h7xx_hal.o
 .ARM.attributes
                0x000000000000027b       0x34 ./Drivers/STM32H7xx_HAL_Driver/stm32h7xx_hal_cortex.o
 .ARM.attributes
                0x00000000000002af       0x34 ./Drivers/STM32H7xx_HAL_Driver/stm32h7xx_hal_gpio.o
 .ARM.attributes
                0x00000000000002e3       0x34 ./Drivers/STM32H7xx_HAL_Driver/stm32h7xx_hal_hsem.o
 .ARM.attributes
                0x0000000000000317       0x34 ./Drivers/STM32H7xx_HAL_Driver/stm32h7xx_hal_pwr_ex.o
 .ARM.attributes
                0x000000000000034b       0x34 ./Drivers/STM32H7xx_HAL_Driver/stm32h7xx_hal_rcc.o
 .ARM.attributes
                0x000000000000037f       0x34 ./Drivers/STM32H7xx_HAL_Driver/stm32h7xx_hal_rcc_ex.o
 .ARM.attributes
                0x00000000000003b3       0x34 ./Drivers/STM32H7xx_HAL_Driver/stm32h7xx_hal_tim.o
 .ARM.attributes